Archive member included to satisfy reference by file (symbol)

D:\CODEX\Dev-Cpp\TDM-GCC3264\x86_64-w64-mingw32\lib/libgdi32.a(ducrs00887.o)
                              C:\Users\ARABBI~1\AppData\Local\Temp\ccuTuRFR.o (symbol from plugin) (SetDIBitsToDevice)
D:\CODEX\Dev-Cpp\TDM-GCC3264\x86_64-w64-mingw32\lib/libgdi32.a(ducrs00869.o)
                              C:\Users\ARABBI~1\AppData\Local\Temp\ccuTuRFR.o (symbol from plugin) (SelectObject)
D:\CODEX\Dev-Cpp\TDM-GCC3264\x86_64-w64-mingw32\lib/libgdi32.a(ducrs00387.o)
                              C:\Users\ARABBI~1\AppData\Local\Temp\ccuTuRFR.o (symbol from plugin) (DeleteObject)
D:\CODEX\Dev-Cpp\TDM-GCC3264\x86_64-w64-mingw32\lib/libgdi32.a(ducrs00384.o)
                              C:\Users\ARABBI~1\AppData\Local\Temp\ccuTuRFR.o (symbol from plugin) (DeleteDC)
D:\CODEX\Dev-Cpp\TDM-GCC3264\x86_64-w64-mingw32\lib/libgdi32.a(ducrs00049.o)
                              C:\Users\ARABBI~1\AppData\Local\Temp\ccuTuRFR.o (symbol from plugin) (CreateCompatibleDC)
D:\CODEX\Dev-Cpp\TDM-GCC3264\x86_64-w64-mingw32\lib/libgdi32.a(ducrs00048.o)
                              C:\Users\ARABBI~1\AppData\Local\Temp\ccuTuRFR.o (symbol from plugin) (CreateCompatibleBitmap)
D:\CODEX\Dev-Cpp\TDM-GCC3264\x86_64-w64-mingw32\lib/libgdi32.a(ducrs00019.o)
                              C:\Users\ARABBI~1\AppData\Local\Temp\ccuTuRFR.o (symbol from plugin) (BitBlt)
D:\CODEX\Dev-Cpp\TDM-GCC3264\x86_64-w64-mingw32\lib/libgdi32.a(ducrh.o)
                              D:\CODEX\Dev-Cpp\TDM-GCC3264\x86_64-w64-mingw32\lib/libgdi32.a(ducrs00887.o) (_head_lib64_libgdi32_a)
D:\CODEX\Dev-Cpp\TDM-GCC3264\x86_64-w64-mingw32\lib/libgdi32.a(ducrt.o)
                              D:\CODEX\Dev-Cpp\TDM-GCC3264\x86_64-w64-mingw32\lib/libgdi32.a(ducrh.o) (__lib64_libgdi32_a_iname)
D:\CODEX\Dev-Cpp\TDM-GCC3264\x86_64-w64-mingw32\lib/libuser32.a(dcjzs00896.o)
                              C:\Users\ARABBI~1\AppData\Local\Temp\ccuTuRFR.o (symbol from plugin) (TranslateMessage)
D:\CODEX\Dev-Cpp\TDM-GCC3264\x86_64-w64-mingw32\lib/libuser32.a(dcjzs00864.o)
                              C:\Users\ARABBI~1\AppData\Local\Temp\ccuTuRFR.o (symbol from plugin) (ShowWindow)
D:\CODEX\Dev-Cpp\TDM-GCC3264\x86_64-w64-mingw32\lib/libuser32.a(dcjzs00844.o)
                              C:\Users\ARABBI~1\AppData\Local\Temp\ccuTuRFR.o (symbol from plugin) (SetWindowLongPtrW)
D:\CODEX\Dev-Cpp\TDM-GCC3264\x86_64-w64-mingw32\lib/libuser32.a(dcjzs00831.o)
                              C:\Users\ARABBI~1\AppData\Local\Temp\ccuTuRFR.o (symbol from plugin) (SetTimer)
D:\CODEX\Dev-Cpp\TDM-GCC3264\x86_64-w64-mingw32\lib/libuser32.a(dcjzs00728.o)
                              C:\Users\ARABBI~1\AppData\Local\Temp\ccuTuRFR.o (symbol from plugin) (ReleaseDC)
D:\CODEX\Dev-Cpp\TDM-GCC3264\x86_64-w64-mingw32\lib/libuser32.a(dcjzs00698.o)
                              C:\Users\ARABBI~1\AppData\Local\Temp\ccuTuRFR.o (symbol from plugin) (RegisterClassW)
D:\CODEX\Dev-Cpp\TDM-GCC3264\x86_64-w64-mingw32\lib/libuser32.a(dcjzs00655.o)
                              C:\Users\ARABBI~1\AppData\Local\Temp\ccuTuRFR.o (symbol from plugin) (PostQuitMessage)
D:\CODEX\Dev-Cpp\TDM-GCC3264\x86_64-w64-mingw32\lib/libuser32.a(dcjzs00567.o)
                              C:\Users\ARABBI~1\AppData\Local\Temp\ccuTuRFR.o (symbol from plugin) (KillTimer)
D:\CODEX\Dev-Cpp\TDM-GCC3264\x86_64-w64-mingw32\lib/libuser32.a(dcjzs00477.o)
                              C:\Users\ARABBI~1\AppData\Local\Temp\ccuTuRFR.o (symbol from plugin) (GetWindowRect)
D:\CODEX\Dev-Cpp\TDM-GCC3264\x86_64-w64-mingw32\lib/libuser32.a(dcjzs00470.o)
                              C:\Users\ARABBI~1\AppData\Local\Temp\ccuTuRFR.o (symbol from plugin) (GetWindowLongPtrW)
D:\CODEX\Dev-Cpp\TDM-GCC3264\x86_64-w64-mingw32\lib/libuser32.a(dcjzs00439.o)
                              C:\Users\ARABBI~1\AppData\Local\Temp\ccuTuRFR.o (symbol from plugin) (GetSystemMetrics)
D:\CODEX\Dev-Cpp\TDM-GCC3264\x86_64-w64-mingw32\lib/libuser32.a(dcjzs00379.o)
                              C:\Users\ARABBI~1\AppData\Local\Temp\ccuTuRFR.o (symbol from plugin) (GetMessageA)
D:\CODEX\Dev-Cpp\TDM-GCC3264\x86_64-w64-mingw32\lib/libuser32.a(dcjzs00318.o)
                              C:\Users\ARABBI~1\AppData\Local\Temp\ccuTuRFR.o (symbol from plugin) (GetDC)
D:\CODEX\Dev-Cpp\TDM-GCC3264\x86_64-w64-mingw32\lib/libuser32.a(dcjzs00317.o)
                              C:\Users\ARABBI~1\AppData\Local\Temp\ccuTuRFR.o (symbol from plugin) (GetCursorPos)
D:\CODEX\Dev-Cpp\TDM-GCC3264\x86_64-w64-mingw32\lib/libuser32.a(dcjzs00272.o)
                              C:\Users\ARABBI~1\AppData\Local\Temp\ccuTuRFR.o (symbol from plugin) (FindWindowW)
D:\CODEX\Dev-Cpp\TDM-GCC3264\x86_64-w64-mingw32\lib/libuser32.a(dcjzs00240.o)
                              C:\Users\ARABBI~1\AppData\Local\Temp\ccuTuRFR.o (symbol from plugin) (EndPaint)
D:\CODEX\Dev-Cpp\TDM-GCC3264\x86_64-w64-mingw32\lib/libuser32.a(dcjzs00184.o)
[...]
Memory Configuration

Name             Origin             Length             Attributes
*default*        0x0000000000000000 0xffffffffffffffff

Linker script and memory map

                0x0000000140000000                __image_base__ = 0x140000000
                0x0000000000000000                __dll__ = 0x0
                0x0000000140000000                __ImageBase = 0x140000000
                0x0000000000001000                __section_alignment__ = 0x1000
                0x0000000000000200                __file_alignment__ = 0x200
                0x0000000000000004                __major_os_version__ = 0x4
                0x0000000000000000                __minor_os_version__ = 0x0
                0x0000000000000000                __major_image_version__ = 0x0
                0x0000000000000000                __minor_image_version__ = 0x0
                0x0000000000000005                __major_subsystem_version__ = 0x5
                0x0000000000000002                __minor_subsystem_version__ = 0x2
                0x0000000000000003                __subsystem__ = 0x3
                0x0000000000200000                __size_of_stack_reserve__ = 0x200000
                0x0000000000001000                __size_of_stack_commit__ = 0x1000
                0x0000000000100000                __size_of_heap_reserve__ = 0x100000
                0x0000000000001000                __size_of_heap_commit__ = 0x1000
                0x0000000000000000                __loader_flags__ = 0x0
                0x0000000000000160                __dll_characteristics__ = 0x160
LOAD D:/CODEX/Dev-Cpp/TDM-GCC3264/bin/../lib/gcc/x86_64-w64-mingw32/10.3.0/../../../../x86_64-w64-mingw32/lib/../lib/crt2.o
LOAD D:/CODEX/Dev-Cpp/TDM-GCC3264/bin/../lib/gcc/x86_64-w64-mingw32/10.3.0/crtbegin.o
LOAD C:\Users\ARABBI~1\AppData\Local\Temp\ccuTuRFR.o
LOAD C:\Users\ARABBI~1\AppData\Local\Temp\main.exe.R64Lxx.ltrans0.ltrans.o
LOAD D:\CODEX\Dev-Cpp\TDM-GCC3264\x86_64-w64-mingw32\lib/libgdi32.a
LOAD D:\CODEX\Dev-Cpp\TDM-GCC3264\x86_64-w64-mingw32\lib/libuser32.a
LOAD D:\CODEX\Dev-Cpp\TDM-GCC3264\x86_64-w64-mingw32\lib/libkernel32.a
LOAD D:\CODEX\Dev-Cpp\TDM-GCC3264\x86_64-w64-mingw32\lib/libwinmm.a
LOAD D:\CODEX\Dev-Cpp\TDM-GCC3264\x86_64-w64-mingw32\lib/libMsimg32.a
LOAD D:\CODEX\Dev-Cpp\TDM-GCC3264\x86_64-w64-mingw32\lib/libgdiplus.a
LOAD D:\CODEX\Dev-Cpp\TDM-GCC3264\x86_64-w64-mingw32\lib/libcomctl32.a
LOAD D:\CODEX\Dev-Cpp\TDM-GCC3264\x86_64-w64-mingw32\lib/libopengl32.a
LOAD D:\CODEX\Dev-Cpp\TDM-GCC3264\x86_64-w64-mingw32\lib/libd3d9.a
LOAD D:\CODEX\Dev-Cpp\TDM-GCC3264\x86_64-w64-mingw32\lib/libd3dx9_43.a
LOAD D:\CODEX\Dev-Cpp\TDM-GCC3264\x86_64-w64-mingw32\lib/libws2_32.a
LOAD D:/CODEX/Dev-Cpp/TDM-GCC3264/bin/../lib/gcc/x86_64-w64-mingw32/10.3.0\libstdc++.a
LOAD D:\CODEX\Dev-Cpp\TDM-GCC3264\x86_64-w64-mingw32\lib/libmingw32.a
LOAD D:/CODEX/Dev-Cpp/TDM-GCC3264/bin/../lib/gcc/x86_64-w64-mingw32/10.3.0/libgcc_s.a
LOAD D:/CODEX/Dev-Cpp/TDM-GCC3264/bin/../lib/gcc/x86_64-w64-mingw32/10.3.0/libgcc.a
LOAD D:\CODEX\Dev-Cpp\TDM-GCC3264\x86_64-w64-mingw32\lib/libpthread.a
LOAD D:/CODEX/Dev-Cpp/TDM-GCC3264/bin/../lib/gcc/x86_64-w64-mingw32/10.3.0/libgcc_s.a
LOAD D:/CODEX/Dev-Cpp/TDM-GCC3264/bin/../lib/gcc/x86_64-w64-mingw32/10.3.0/libgcc.a
LOAD D:\CODEX\Dev-Cpp\TDM-GCC3264\x86_64-w64-mingw32\lib/libkernel32.a
LOAD D:\CODEX\Dev-Cpp\TDM-GCC3264\x86_64-w64-mingw32\lib/libmoldname.a
LOAD D:\CODEX\Dev-Cpp\TDM-GCC3264\x86_64-w64-mingw32\lib/libmingwex.a
LOAD D:\CODEX\Dev-Cpp\TDM-GCC3264\x86_64-w64-mingw32\lib/libmsvcrt.a
LOAD D:\CODEX\Dev-Cpp\TDM-GCC3264\x86_64-w64-mingw32\lib/libkernel32.a
LOAD D:\CODEX\Dev-Cpp\TDM-GCC3264\x86_64-w64-mingw32\lib/libpthread.a
LOAD D:\CODEX\Dev-Cpp\TDM-GCC3264\x86_64-w64-mingw32\lib/libadvapi32.a
LOAD D:\CODEX\Dev-Cpp\TDM-GCC3264\x86_64-w64-mingw32\lib/libshell32.a
LOAD D:\CODEX\Dev-Cpp\TDM-GCC3264\x86_64-w64-mingw32\lib/libuser32.a
LOAD D:\CODEX\Dev-Cpp\TDM-GCC3264\x86_64-w64-mingw32\lib/libkernel32.a
LOAD D:\CODEX\Dev-Cpp\TDM-GCC3264\x86_64-w64-mingw32\lib/libmingw32.a
LOAD D:/CODEX/Dev-Cpp/TDM-GCC3264/bin/../lib/gcc/x86_64-w64-mingw32/10.3.0/libgcc_s.a
LOAD D:/CODEX/Dev-Cpp/TDM-GCC3264/bin/../lib/gcc/x86_64-w64-mingw32/10.3.0/libgcc.a
LOAD D:\CODEX\Dev-Cpp\TDM-GCC3264\x86_64-w64-mingw32\lib/libpthread.a
LOAD D:/CODEX/Dev-Cpp/TDM-GCC3264/bin/../lib/gcc/x86_64-w64-mingw32/10.3.0/libgcc_s.a
LOAD D:/CODEX/Dev-Cpp/TDM-GCC3264/bin/../lib/gcc/x86_64-w64-mingw32/10.3.0/libgcc.a
LOAD D:\CODEX\Dev-Cpp\TDM-GCC3264\x86_64-w64-mingw32\lib/libkernel32.a
LOAD D:\CODEX\Dev-Cpp\TDM-GCC3264\x86_64-w64-mingw32\lib/libmoldname.a
LOAD D:\CODEX\Dev-Cpp\TDM-GCC3264\x86_64-w64-mingw32\lib/libmingwex.a
LOAD D:\CODEX\Dev-Cpp\TDM-GCC3264\x86_64-w64-mingw32\lib/libmsvcrt.a
LOAD D:\CODEX\Dev-Cpp\TDM-GCC3264\x86_64-w64-mingw32\lib/libkernel32.a
LOAD D:/CODEX/Dev-Cpp/TDM-GCC3264/bin/../lib/gcc/x86_64-w64-mingw32/10.3.0/../../../../x86_64-w64-mingw32/lib/../lib/default-manifest.o
LOAD D:/CODEX/Dev-Cpp/TDM-GCC3264/bin/../lib/gcc/x86_64-w64-mingw32/10.3.0/crtend.o
                0x0000000000000340                . = SIZEOF_HEADERS
                0x0000000000001000                . = ALIGN (__section_alignment__)

.text           0x0000000140001000     0xd000
 *(SORT_NONE(.init))
 *(.text)
 .text          0x0000000140001000      0x520 D:/CODEX/Dev-Cpp/TDM-GCC3264/bin/../lib/gcc/x86_64-w64-mingw32/10.3.0/../../../../x86_64-w64-mingw32/lib/../lib/crt2.o
                0x00000001400014c0                WinMainCRTStartup
                0x00000001400014e0                mainCRTStartup
                0x0000000140001500                atexit
 .text          0x0000000140001520       0x20 D:/CODEX/Dev-Cpp/TDM-GCC3264/bin/../lib/gcc/x86_64-w64-mingw32/10.3.0/crtbegin.o
                0x0000000140001520                __gcc_register_frame
                0x0000000140001530                __gcc_deregister_frame
 .text          0x0000000140001540        0x8 D:\CODEX\Dev-Cpp\TDM-GCC3264\x86_64-w64-mingw32\lib/libkernel32.a(dwdrs01583.o)
                0x0000000140001540                __C_specific_handler
 *fill*         0x0000000140001548        0x8 
 .text          0x0000000140001550       0xd0 D:\CODEX\Dev-Cpp\TDM-GCC3264\x86_64-w64-mingw32\lib/libmingw32.a(lib64_libmingw32_a-gccmain.o)
                0x0000000140001550                __do_global_dtors
                0x0000000140001590                __do_global_ctors
                0x0000000140001600                __main
 .text          0x0000000140001620       0x10 D:\CODEX\Dev-Cpp\TDM-GCC3264\x86_64-w64-mingw32\lib/libmingw32.a(lib64_libmingw32_a-charmax.o)
 .text          0x0000000140001630       0x10 D:\CODEX\Dev-Cpp\TDM-GCC3264\x86_64-w64-mingw32\lib/libmingw32.a(lib64_libmingw32_a-dllargv.o)
                0x0000000140001630                _setargv
 .text          0x0000000140001640       0xd0 D:\CODEX\Dev-Cpp\TDM-GCC3264\x86_64-w64-mingw32\lib/libmingw32.a(lib64_libmingw32_a-tlssup.o)
                0x0000000140001670                __dyn_tls_init
                0x0000000140001700                __tlregdtor
 .text          0x0000000140001710      0x100 D:\CODEX\Dev-Cpp\TDM-GCC3264\x86_64-w64-mingw32\lib/libmingw32.a(lib64_libmingw32_a-merr.o)
                0x0000000140001710                _matherr
 .text          0x0000000140001810       0x10 D:\CODEX\Dev-Cpp\TDM-GCC3264\x86_64-w64-mingw32\lib/libmingw32.a(lib64_libmingw32_a-CRT_fp10.o)
                0x0000000140001810                fpreset
                0x0000000140001810                _fpreset
 .text          0x0000000140001820      0x460 D:\CODEX\Dev-Cpp\TDM-GCC3264\x86_64-w64-mingw32\lib/libmingw32.a(lib64_libmingw32_a-pseudo-reloc.o)
                0x0000000140001a00                _pei386_runtime_relocator
 .text          0x0000000140001c80       0x60 D:\CODEX\Dev-Cpp\TDM-GCC3264\x86_64-w64-mingw32\lib/libmingw32.a(lib64_libmingw32_a-usermatherr.o)
                0x0000000140001c80                __mingw_raise_matherr
                0x0000000140001cd0                __mingw_setusermatherr
 .text          0x0000000140001ce0      0x1c0 D:\CODEX\Dev-Cpp\TDM-GCC3264\x86_64-w64-mingw32\lib/libmingw32.a(lib64_libmingw32_a-crt_handler.o)
                0x0000000140001ce0                _gnu_exception_handler
 .text          0x0000000140001ea0      0x270 D:\CODEX\Dev-Cpp\TDM-GCC3264\x86_64-w64-mingw32\lib/libmingw32.a(lib64_libmingw32_a-tlsthrd.o)
                0x0000000140001f10                ___w64_mingwthr_add_key_dtor
                0x0000000140001f90                ___w64_mingwthr_remove_key_dtor
                0x0000000140002020                __mingw_TLScallback
 .text          0x0000000140002110      0x3e0 D:\CODEX\Dev-Cpp\TDM-GCC3264\x86_64-w64-mingw32\lib/libmingw32.a(lib64_libmingw32_a-pesect.o)
                0x0000000140002110                _ValidateImageBase
                0x0000000140002140                _FindPESection
                0x0000000140002190                _FindPESectionByName
                0x0000000140002230                __mingw_GetSectionForAddress
                0x00000001400022b0                __mingw_GetSectionCount
                0x00000001400022f0                _FindPESectionExec
                0x0000000140002360                _GetPEImageBase
                0x00000001400023a0                _IsNonwritableInCurrentImage
                0x0000000140002430                __mingw_enum_import_library_names
 .text          0x00000001400024f0       0x40 D:/CODEX/Dev-Cpp/TDM-GCC3264/bin/../lib/gcc/x86_64-w64-mingw32/10.3.0/libgcc.a(_chkstk_ms.o)
                0x00000001400024f0                ___chkstk_ms
 .text          0x0000000140002530     0x63a0 D:\CODEX\Dev-Cpp\TDM-GCC3264\x86_64-w64-mingw32\lib/libpthread.a(libwinpthread_la-thread.o)
                0x0000000140003b50                pthread_tls_init
                0x00000001400049a0                __shmem_init__pthread_key_dest_shmem
                0x00000001400049c0                __shmem_init__pthread_cancelling_shmem
                0x00000001400049e0                __shmem_init__pthread_concur_shmem
                0x0000000140004a00                __shmem_init__pthread_tls_once_shmem
                0x0000000140004a20                __shmem_init__pthread_tls_shmem
                0x0000000140004a40                __shmem_init__pthread_key_lock_shmem
                0x0000000140004a60                __shmem_init__pthread_key_max_shmem
                0x0000000140004a80                __shmem_init__pthread_key_sch_shmem
                0x0000000140004aa0                __shmem_init_pthr_root_shmem
                0x0000000140004ac0                __shmem_init_pthr_last_shmem
                0x0000000140004ae0                __shmem_init_mtx_pthr_locked_shmem
                0x0000000140004b00                __shmem_init_idList_shmem
                0x0000000140004b20                __shmem_init_idListCnt_shmem
                0x0000000140004b40                __shmem_init_idListMax_shmem
                0x0000000140004b60                __shmem_init_idListNextId_shmem
                0x0000000140004b80                __pth_gpointer_locked
                0x0000000140005280                pthread_create_wrapper
                0x00000001400056e0                thread_print_set
                0x00000001400056f0                thread_print
                0x00000001400057a0                __shmem_init_once_obj_shmem
                0x00000001400057c0                __shmem_init_once_global_shmem
                0x00000001400057e0                pthread_timechange_handler_np
                0x00000001400057f0                pthread_num_processors_np
                0x0000000140005850                pthread_set_num_processors_np
                0x00000001400058f0                pthread_once
                0x0000000140005a20                pthread_key_create
                0x0000000140006570                pthread_key_delete
                0x0000000140006c50                pthread_getspecific
                0x0000000140006cc0                pthread_setspecific
                0x0000000140006dc0                pthread_equal
                0x0000000140006dd0                _pthread_cleanup_dest
                0x0000000140006de0                pthread_self
                0x0000000140006e10                pthread_getevent
                0x0000000140006e30                pthread_gethandle
                0x0000000140006e50                pthread_getclean
                0x0000000140006e70                pthread_get_concurrency
                0x0000000140006ee0                pthread_set_concurrency
                0x0000000140006f50                pthread_exit
                0x0000000140007100                __pthread_shallcancel
                0x0000000140007190                _pthread_setnobreak
                0x00000001400071d0                _pthread_invoke_cancel
                0x00000001400072d0                pthread_testcancel
                0x00000001400073b0                pthread_delay_np
                0x0000000140007460                pthread_delay_np_ms
                0x00000001400074d0                pthread_cancel
                0x00000001400077d0                pthread_kill
                0x0000000140007970                _pthread_get_state
                0x0000000140007980                _pthread_set_state
                0x00000001400079a0                pthread_attr_init
                0x00000001400079d0                pthread_attr_destroy
                0x0000000140007a00                pthread_attr_setdetachstate
                0x0000000140007a20                pthread_attr_getdetachstate
                0x0000000140007a30                pthread_attr_setinheritsched
                0x0000000140007a60                pthread_attr_getinheritsched
                0x0000000140007a70                pthread_attr_setscope
                0x0000000140007a90                pthread_attr_getscope
                0x0000000140007aa0                pthread_attr_getstackaddr
                0x0000000140007ab0                pthread_attr_setstackaddr
                0x0000000140007ac0                pthread_attr_getstacksize
                0x0000000140007ad0                pthread_attr_setstacksize
                0x0000000140007ae0                pthread_setcancelstate
                0x0000000140007b60                pthread_setcanceltype
                0x0000000140007be0                pthread_create
                0x0000000140007ea0                pthread_join
                0x0000000140007ff0                _pthread_tryjoin
                0x0000000140008360                pthread_detach
                0x00000001400085d0                __shmem_init_dummy_concurrency_level_shmem
                0x00000001400085f0                pthread_getconcurrency
                0x0000000140008660                pthread_setconcurrency
                0x00000001400086d0                pthread_setname_np
                0x0000000140008800                pthread_getname_np
 .text          0x00000001400088d0      0x430 D:\CODEX\Dev-Cpp\TDM-GCC3264\x86_64-w64-mingw32\lib/libpthread.a(libwinpthread_la-shmem3_mingw.o)
                0x0000000140008960                __shmem3_winpthreads_tdm_cleanup_local_region
                0x0000000140008a50                __shmem3_winpthreads_tdm_init_local_region
 .text          0x0000000140008d00      0x300 D:\CODEX\Dev-Cpp\TDM-GCC3264\x86_64-w64-mingw32\lib/libpthread.a(libwinpthread_la-misc.o)
                0x0000000140008da0                _pthread_time_in_ms
                0x0000000140008df0                _pthread_time_in_ms_from_timespec
                0x0000000140008e20                _pthread_rel_time_in_ms
                0x0000000140008eb0                _pthread_wait_for_single_object
                0x0000000140008f50                _pthread_wait_for_multiple_objects
 .text          0x0000000140009000      0x6e0 D:\CODEX\Dev-Cpp\TDM-GCC3264\x86_64-w64-mingw32\lib/libpthread.a(libwinpthread_la-mutex.o)
                0x0000000140009080                pthread_mutex_lock
                0x00000001400091e0                pthread_mutex_timedlock
                0x00000001400093a0                pthread_mutex_unlock
                0x0000000140009460                pthread_mutex_trylock
                0x0000000140009520                pthread_mutex_init
                0x0000000140009570                pthread_mutex_destroy
                0x00000001400095c0                pthread_mutexattr_init
                0x00000001400095d0                pthread_mutexattr_destroy
                0x00000001400095e0                pthread_mutexattr_gettype
                0x0000000140009600                pthread_mutexattr_settype
                0x0000000140009630                pthread_mutexattr_getpshared
                0x0000000140009660                pthread_mutexattr_setpshared
                0x0000000140009690                pthread_mutexattr_getprotocol
                0x00000001400096a0                pthread_mutexattr_setprotocol
                0x00000001400096c0                pthread_mutexattr_getprioceiling
                0x00000001400096d0                pthread_mutexattr_setprioceiling
 .text          0x00000001400096e0     0x1200 D:\CODEX\Dev-Cpp\TDM-GCC3264\x86_64-w64-mingw32\lib/libpthread.a(libwinpthread_la-rwlock.o)
                0x0000000140009af0                __shmem_init_rwl_global_shmem
                0x0000000140009b10                rwl_print_set
                0x0000000140009b20                rwl_print
                0x0000000140009bc0                __shmem_init_cond_locked_shmem_rwlock
                0x0000000140009be0                pthread_rwlock_init
                0x0000000140009f70                pthread_rwlock_destroy
                0x000000014000a170                pthread_rwlock_rdlock
                0x000000014000a240                pthread_rwlock_timedrdlock
                0x000000014000a320                pthread_rwlock_tryrdlock
                0x000000014000a3f0                pthread_rwlock_trywrlock
                0x000000014000a4e0                pthread_rwlock_unlock
                0x000000014000a5a0                pthread_rwlock_wrlock
                0x000000014000a6f0                pthread_rwlock_timedwrlock
                0x000000014000a870                pthread_rwlockattr_destroy
                0x000000014000a880                pthread_rwlockattr_init
                0x000000014000a8a0                pthread_rwlockattr_getpshared
                0x000000014000a8c0                pthread_rwlockattr_setpshared
 .text          0x000000014000a8e0       0x70 D:\CODEX\Dev-Cpp\TDM-GCC3264\x86_64-w64-mingw32\lib/libpthread.a(libwinpthread_la-spinlock.o)
                0x000000014000a8e0                pthread_spin_init
                0x000000014000a8f0                pthread_spin_destroy
                0x000000014000a900                pthread_spin_lock
                0x000000014000a920                pthread_spin_trylock
                0x000000014000a940                pthread_spin_unlock
 .text          0x000000014000a950     0x13b0 D:\CODEX\Dev-Cpp\TDM-GCC3264\x86_64-w64-mingw32\lib/libpthread.a(libwinpthread_la-cond.o)
                0x000000014000aa00                cond_print_set
                0x000000014000aa50                cond_print
                0x000000014000aae0                __shmem_init_cond_locked_shmem_cond
                0x000000014000ab00                pthread_condattr_destroy
                0x000000014000ab20                pthread_condattr_init
                0x000000014000ab40                pthread_condattr_getpshared
                0x000000014000ab60                pthread_condattr_getclock
                0x000000014000ab80                pthread_condattr_setclock
                0x000000014000aba0                __pthread_clock_nanosleep
                0x000000014000ac40                pthread_condattr_setpshared
                0x000000014000ac70                pthread_cond_init
                0x000000014000aee0                do_sema_b_wait_intern
                0x000000014000b290                pthread_cond_destroy
                0x000000014000b4e0                pthread_cond_signal
                0x000000014000b620                pthread_cond_broadcast
                0x000000014000b770                pthread_cond_wait
                0x000000014000bce0                pthread_cond_timedwait
                0x000000014000bcf0                pthread_cond_timedwait_relative_np
 .text          0x000000014000bd00      0x3d0 D:\CODEX\Dev-Cpp\TDM-GCC3264\x86_64-w64-mingw32\lib/libpthread.a(libwinpthread_la-sched.o)
                0x000000014000bd00                sched_get_priority_min
                0x000000014000bd30                sched_get_priority_max
                0x000000014000bd60                pthread_attr_setschedparam
                0x000000014000bd80                pthread_attr_getschedparam
                0x000000014000bda0                pthread_attr_setschedpolicy
                0x000000014000bdd0                pthread_attr_getschedpolicy
                0x000000014000bdf0                pthread_getschedparam
                0x000000014000be90                pthread_setschedparam
                0x000000014000bf90                sched_getscheduler
                0x000000014000c000                sched_setscheduler
                0x000000014000c0b0                sched_yield
 .text          0x000000014000c0d0        0x8 D:\CODEX\Dev-Cpp\TDM-GCC3264\x86_64-w64-mingw32\lib/libmsvcrt.a(dcfxs01283.o)
                0x000000014000c0d0                wcslen
 .text          0x000000014000c0d8        0x8 D:\CODEX\Dev-Cpp\TDM-GCC3264\x86_64-w64-mingw32\lib/libmsvcrt.a(dcfxs01279.o)
                0x000000014000c0d8                wcscpy
 .text          0x000000014000c0e0        0x8 D:\CODEX\Dev-Cpp\TDM-GCC3264\x86_64-w64-mingw32\lib/libmsvcrt.a(dcfxs01258.o)
                0x000000014000c0e0                vfprintf
 .text          0x000000014000c0e8        0x8 D:\CODEX\Dev-Cpp\TDM-GCC3264\x86_64-w64-mingw32\lib/libmsvcrt.a(dcfxs01222.o)
                0x000000014000c0e8                strncmp
 .text          0x000000014000c0f0        0x8 D:\CODEX\Dev-Cpp\TDM-GCC3264\x86_64-w64-mingw32\lib/libmsvcrt.a(dcfxs01219.o)
                0x000000014000c0f0                strlen
 .text          0x000000014000c0f8        0x8 D:\CODEX\Dev-Cpp\TDM-GCC3264\x86_64-w64-mingw32\lib/libmsvcrt.a(dcfxs01206.o)
                0x000000014000c0f8                srand
 .text          0x000000014000c100        0x8 D:\CODEX\Dev-Cpp\TDM-GCC3264\x86_64-w64-mingw32\lib/libmsvcrt.a(dcfxs01196.o)
                0x000000014000c100                signal
 .text          0x000000014000c108        0x8 D:\CODEX\Dev-Cpp\TDM-GCC3264\x86_64-w64-mingw32\lib/libmsvcrt.a(dcfxs01187.o)
                0x000000014000c108                realloc
 .text          0x000000014000c110        0x8 D:\CODEX\Dev-Cpp\TDM-GCC3264\x86_64-w64-mingw32\lib/libmsvcrt.a(dcfxs01186.o)
                0x000000014000c110                rand
 .text          0x000000014000c118        0x8 D:\CODEX\Dev-Cpp\TDM-GCC3264\x86_64-w64-mingw32\lib/libmsvcrt.a(dcfxs01174.o)
                0x000000014000c118                printf
 .text          0x000000014000c120        0x8 D:\CODEX\Dev-Cpp\TDM-GCC3264\x86_64-w64-mingw32\lib/libmsvcrt.a(dcfxs01166.o)
                0x000000014000c120                memset
 .text          0x000000014000c128        0x8 D:\CODEX\Dev-Cpp\TDM-GCC3264\x86_64-w64-mingw32\lib/libmsvcrt.a(dcfxs01165.o)
                0x000000014000c128                memmove
 .text          0x000000014000c130        0x8 D:\CODEX\Dev-Cpp\TDM-GCC3264\x86_64-w64-mingw32\lib/libmsvcrt.a(dcfxs01164.o)
                0x000000014000c130                memcpy
 .text          0x000000014000c138        0x8 D:\CODEX\Dev-Cpp\TDM-GCC3264\x86_64-w64-mingw32\lib/libmsvcrt.a(dcfxs01156.o)
                0x000000014000c138                malloc
 .text          0x000000014000c140        0x8 D:\CODEX\Dev-Cpp\TDM-GCC3264\x86_64-w64-mingw32\lib/libmsvcrt.a(dcfxs01109.o)
                0x000000014000c140                fwrite
 .text          0x000000014000c148        0x8 D:\CODEX\Dev-Cpp\TDM-GCC3264\x86_64-w64-mingw32\lib/libmsvcrt.a(dcfxs01097.o)
                0x000000014000c148                free
 .text          0x000000014000c150        0x8 D:\CODEX\Dev-Cpp\TDM-GCC3264\x86_64-w64-mingw32\lib/libmsvcrt.a(dcfxs01090.o)
                0x000000014000c150                fprintf
 .text          0x000000014000c158        0x8 D:\CODEX\Dev-Cpp\TDM-GCC3264\x86_64-w64-mingw32\lib/libmsvcrt.a(dcfxs01068.o)
                0x000000014000c158                exit
 .text          0x000000014000c160        0x8 D:\CODEX\Dev-Cpp\TDM-GCC3264\x86_64-w64-mingw32\lib/libmsvcrt.a(dcfxs01054.o)
                0x000000014000c160                calloc
 .text          0x000000014000c168        0x8 D:\CODEX\Dev-Cpp\TDM-GCC3264\x86_64-w64-mingw32\lib/libmsvcrt.a(dcfxs01037.o)
                0x000000014000c168                abort
 .text          0x000000014000c170        0x8 D:\CODEX\Dev-Cpp\TDM-GCC3264\x86_64-w64-mingw32\lib/libmsvcrt.a(dcfxs00734.o)
                0x000000014000c170                strdup
 .text          0x000000014000c178        0x8 D:\CODEX\Dev-Cpp\TDM-GCC3264\x86_64-w64-mingw32\lib/libmsvcrt.a(dcfxs00672.o)
                0x000000014000c178                _setjmp
 .text          0x000000014000c180        0x8 D:\CODEX\Dev-Cpp\TDM-GCC3264\x86_64-w64-mingw32\lib/libmsvcrt.a(dcfxs00615.o)
                0x000000014000c180                _onexit
 .text          0x000000014000c188        0x8 D:\CODEX\Dev-Cpp\TDM-GCC3264\x86_64-w64-mingw32\lib/libmsvcrt.a(dcfxs00602.o)
                0x000000014000c188                memccpy
 .text          0x000000014000c190        0x8 D:\CODEX\Dev-Cpp\TDM-GCC3264\x86_64-w64-mingw32\lib/libmsvcrt.a(dcfxs00332.o)
                0x000000014000c190                _initterm
 .text          0x000000014000c198        0x8 D:\CODEX\Dev-Cpp\TDM-GCC3264\x86_64-w64-mingw32\lib/libmsvcrt.a(dcfxs00141.o)
                0x000000014000c198                _cexit
 .text          0x000000014000c1a0        0x8 D:\CODEX\Dev-Cpp\TDM-GCC3264\x86_64-w64-mingw32\lib/libmsvcrt.a(dcfxs00123.o)
                0x000000014000c1a0                _amsg_exit
 .text          0x000000014000c1a8        0x8 D:\CODEX\Dev-Cpp\TDM-GCC3264\x86_64-w64-mingw32\lib/libmsvcrt.a(dcfxs00099.o)
                0x000000014000c1a8                __setusermatherr
 .text          0x000000014000c1b0        0x8 D:\CODEX\Dev-Cpp\TDM-GCC3264\x86_64-w64-mingw32\lib/libmsvcrt.a(dcfxs00097.o)
                0x000000014000c1b0                __set_app_type
 .text          0x000000014000c1b8        0x8 D:\CODEX\Dev-Cpp\TDM-GCC3264\x86_64-w64-mingw32\lib/libmsvcrt.a(dcfxs00081.o)
                0x000000014000c1b8                __getmainargs
 .text          0x000000014000c1c0       0x20 D:\CODEX\Dev-Cpp\TDM-GCC3264\x86_64-w64-mingw32\lib/libmsvcrt.a(lib64_libmsvcrt_os_a-acrt_iob_func.o)
                0x000000014000c1c0                __acrt_iob_func
 .text          0x000000014000c1e0       0x20 D:\CODEX\Dev-Cpp\TDM-GCC3264\x86_64-w64-mingw32\lib/libmsvcrt.a(lib64_libmsvcrt_os_a-invalid_parameter_handler.o)
                0x000000014000c1e0                _get_invalid_parameter_handler
                0x000000014000c1f0                _set_invalid_parameter_handler
 .text          0x000000014000c200       0x10 D:\CODEX\Dev-Cpp\TDM-GCC3264\x86_64-w64-mingw32\lib/libmsvcrt.a(lib64_libmsvcrt_os_a-__p__acmdln.o)
                0x000000014000c200                __p__acmdln
 .text          0x000000014000c210       0x10 D:\CODEX\Dev-Cpp\TDM-GCC3264\x86_64-w64-mingw32\lib/libmsvcrt.a(lib64_libmsvcrt_os_a-__p__commode.o)
                0x000000014000c210                __p__commode
 .text          0x000000014000c220       0x10 D:\CODEX\Dev-Cpp\TDM-GCC3264\x86_64-w64-mingw32\lib/libmsvcrt.a(lib64_libmsvcrt_os_a-__p__fmode.o)
                0x000000014000c220                __p__fmode
 .text          0x000000014000c230        0x8 D:\CODEX\Dev-Cpp\TDM-GCC3264\x86_64-w64-mingw32\lib/libmsvcrt.a(dcfxs00083.o)
                0x000000014000c230                __iob_func
 *(SORT_BY_NAME(.text$*))
 *fill*         0x000000014000c238        0x8 
 .text$_GLOBAL__sub_I___g_hheap
                0x000000014000c240       0x20 C:\Users\ARABBI~1\AppData\Local\Temp\main.exe.R64Lxx.ltrans0.ltrans.o
 .text$_Z11render_funcP16RENDER_FUNC_INFO6POINTFS1_f
                0x000000014000c260      0x3e0 C:\Users\ARABBI~1\AppData\Local\Temp\main.exe.R64Lxx.ltrans0.ltrans.o
 .text$_Z12march_9_gridP16RENDER_FUNC_INFO6POINTFS1_f9BIT_FIELDh
                0x000000014000c640      0x550 C:\Users\ARABBI~1\AppData\Local\Temp\main.exe.R64Lxx.ltrans0.ltrans.o
 .text$_Z3dot8tagPOINT4BGRAPhi7tagRECT
                0x000000014000cb90       0x80 C:\Users\ARABBI~1\AppData\Local\Temp\main.exe.R64Lxx.ltrans0.ltrans.o
 .text$_Z41__static_initialization_and_destruction_0ii
                0x000000014000cc10       0x40 C:\Users\ARABBI~1\AppData\Local\Temp\main.exe.R64Lxx.ltrans0.ltrans.o
 .text$_Z5ftestff
                0x000000014000cc50       0x50 C:\Users\ARABBI~1\AppData\Local\Temp\main.exe.R64Lxx.ltrans0.ltrans.o
 .text$_Z8straight8tagPOINTS_4BGRAPhi7tagRECT
                0x000000014000cca0      0x130 C:\Users\ARABBI~1\AppData\Local\Temp\main.exe.R64Lxx.ltrans0.ltrans.o
 .text$_Z9march_map9BIT_FIELDPb
                0x000000014000cdd0      0x200 C:\Users\ARABBI~1\AppData\Local\Temp\main.exe.R64Lxx.ltrans0.ltrans.o
 .text$_ZN11CALC_WINDOW10__randnameEPwPKwt
                0x000000014000cfd0       0xd0 C:\Users\ARABBI~1\AppData\Local\Temp\main.exe.R64Lxx.ltrans0.ltrans.o
 .text$_ZN11CALC_WINDOW11__calc_procEP6HWND__jyx
                0x000000014000d0a0       0xc0 C:\Users\ARABBI~1\AppData\Local\Temp\main.exe.R64Lxx.ltrans0.ltrans.o
 .text$_ZN11CALC_WINDOW12main_processEP6HWND__jyx
                0x000000014000d160      0x520 C:\Users\ARABBI~1\AppData\Local\Temp\main.exe.R64Lxx.ltrans0.ltrans.o
 .text$_ZN11CALC_WINDOW3runEv
                0x000000014000d680      0x3f0 C:\Users\ARABBI~1\AppData\Local\Temp\main.exe.R64Lxx.ltrans0.ltrans.o
 .text$_ZN11CALC_WINDOW8__locateEv
                0x000000014000da70      0x1b0 C:\Users\ARABBI~1\AppData\Local\Temp\main.exe.R64Lxx.ltrans0.ltrans.o
 .text$_ZN11CALC_WINDOWC1Eii
                0x000000014000dc20       0xd0 C:\Users\ARABBI~1\AppData\Local\Temp\main.exe.R64Lxx.ltrans0.ltrans.o
 .text$_ZN9BIT_FIELD10get_strictEh
                0x000000014000dcf0       0x40 C:\Users\ARABBI~1\AppData\Local\Temp\main.exe.R64Lxx.ltrans0.ltrans.o
 .text$_ZN9BIT_FIELD3getEh
                0x000000014000dd30       0x30 C:\Users\ARABBI~1\AppData\Local\Temp\main.exe.R64Lxx.ltrans0.ltrans.o
 .text$_ZN9BIT_FIELD4set4Ebbbb
                0x000000014000dd60       0x60 C:\Users\ARABBI~1\AppData\Local\Temp\main.exe.R64Lxx.ltrans0.ltrans.o
 .text$_ZSt3absl
                0x000000014000ddc0       0x20 C:\Users\ARABBI~1\AppData\Local\Temp\main.exe.R64Lxx.ltrans0.ltrans.o
 .text$main     0x000000014000dde0       0x70 C:\Users\ARABBI~1\AppData\Local\Temp\main.exe.R64Lxx.ltrans0.ltrans.o
                0x000000014000dde0                main
 *(.text.*)
 .text.unlikely
                0x000000014000de50       0x40 D:\CODEX\Dev-Cpp\TDM-GCC3264\x86_64-w64-mingw32\lib/libpthread.a(libwinpthread_la-thread.o)
 .text.startup  0x000000014000de90       0x10 D:/CODEX/Dev-Cpp/TDM-GCC3264/bin/../lib/gcc/x86_64-w64-mingw32/10.3.0/crtend.o
 *(.gnu.linkonce.t.*)
 *(.glue_7t)
 *(.glue_7)
                0x000000014000dea0                . = ALIGN (0x8)
                0x000000014000dea0                ___CTOR_LIST__ = .
                0x000000014000dea0                __CTOR_LIST__ = .
                0x000000014000dea0        0x4 LONG 0xffffffffffffffff
                0x000000014000dea4        0x4 LONG 0xffffffffffffffff
 *(.ctors)
 .ctors         0x000000014000dea8        0x8 C:\Users\ARABBI~1\AppData\Local\Temp\main.exe.R64Lxx.ltrans0.ltrans.o
 *(.ctor)
 *(SORT_BY_NAME(.ctors.*))
 .ctors.65535   0x000000014000deb0        0x8 D:/CODEX/Dev-Cpp/TDM-GCC3264/bin/../lib/gcc/x86_64-w64-mingw32/10.3.0/crtend.o
                0x000000014000deb8        0x4 LONG 0x0
                0x000000014000debc        0x4 LONG 0x0
                0x000000014000dec0                ___DTOR_LIST__ = .
                0x000000014000dec0                __DTOR_LIST__ = .
                0x000000014000dec0        0x4 LONG 0xffffffffffffffff
                0x000000014000dec4        0x4 LONG 0xffffffffffffffff
 *(.dtors)
 *(.dtor)
 *(SORT_BY_NAME(.dtors.*))
                0x000000014000dec8        0x4 LONG 0x0
                0x000000014000decc        0x4 LONG 0x0
 *(SORT_NONE(.fini))
 *(.gcc_exc)
                [!provide]                        PROVIDE (etext = .)
 *(.gcc_except_table)

.data           0x000000014000e000      0x200
                0x000000014000e000                __data_start__ = .
 *(.data)
 .data          0x000000014000e000       0x10 D:/CODEX/Dev-Cpp/TDM-GCC3264/bin/../lib/gcc/x86_64-w64-mingw32/10.3.0/../../../../x86_64-w64-mingw32/lib/../lib/crt2.o
                0x000000014000e000                __mingw_winmain_nShowCmd
 .data          0x000000014000e010       0x10 D:\CODEX\Dev-Cpp\TDM-GCC3264\x86_64-w64-mingw32\lib/libmingw32.a(lib64_libmingw32_a-gccmain.o)
 .data          0x000000014000e020       0x10 D:\CODEX\Dev-Cpp\TDM-GCC3264\x86_64-w64-mingw32\lib/libmingw32.a(lib64_libmingw32_a-wildcard.o)
                0x000000014000e020                _dowildcard
 .data          0x000000014000e030       0x10 D:\CODEX\Dev-Cpp\TDM-GCC3264\x86_64-w64-mingw32\lib/libmingw32.a(lib64_libmingw32_a-tlsmcrt.o)
                0x000000014000e030                _CRT_MT
 .data          0x000000014000e040       0x20 D:\CODEX\Dev-Cpp\TDM-GCC3264\x86_64-w64-mingw32\lib/libpthread.a(libwinpthread_la-thread.o)
                0x000000014000e040                __shmem_once_global_shmem
                0x000000014000e048                __shmem_mtx_pthr_locked_shmem
                0x000000014000e050                __shmem__pthread_key_lock_shmem
                0x000000014000e058                __shmem__pthread_tls_shmem
 .data          0x000000014000e060       0x10 D:\CODEX\Dev-Cpp\TDM-GCC3264\x86_64-w64-mingw32\lib/libpthread.a(libwinpthread_la-rwlock.o)
                0x000000014000e060                __shmem_cond_locked_shmem_rwlock
                0x000000014000e068                __shmem_rwl_global_shmem
 .data          0x000000014000e070       0x10 D:\CODEX\Dev-Cpp\TDM-GCC3264\x86_64-w64-mingw32\lib/libpthread.a(libwinpthread_la-cond.o)
                0x000000014000e070                __shmem_cond_locked_shmem_cond
 .data          0x000000014000e080       0x10 D:\CODEX\Dev-Cpp\TDM-GCC3264\x86_64-w64-mingw32\lib/libmingwex.a(lib64_libmingwex_a-mingw_matherr.o)
                0x000000014000e080                _MINGW_INSTALL_DEBUG_MATHERR
 .data          0x000000014000e090       0x10 D:\CODEX\Dev-Cpp\TDM-GCC3264\x86_64-w64-mingw32\lib/libmsvcrt.a(lib64_libmsvcrt_os_a-acrt_iob_func.o)
                0x000000014000e090                __imp___acrt_iob_func
 *(.data2)
 *(SORT_BY_NAME(.data$*))
 .data$__g_hheap
                0x000000014000e0a0       0x10 C:\Users\ARABBI~1\AppData\Local\Temp\main.exe.R64Lxx.ltrans0.ltrans.o
 *(.jcr)
                0x000000014000e0b0                __data_end__ = .
 *(.data_cygwin_nocopy)

.rdata          0x000000014000f000      0x800
 *(.rdata)
 .rdata         0x000000014000f000       0xf0 C:\Users\ARABBI~1\AppData\Local\Temp\main.exe.R64Lxx.ltrans0.ltrans.o
 *fill*         0x000000014000f0f0       0x10 
 .rdata         0x000000014000f100       0x60 D:\CODEX\Dev-Cpp\TDM-GCC3264\x86_64-w64-mingw32\lib/libmingw32.a(lib64_libmingw32_a-tlssup.o)
                0x000000014000f100                __dyn_tls_init_callback
                0x000000014000f120                _tls_used
 .rdata         0x000000014000f160      0x140 D:\CODEX\Dev-Cpp\TDM-GCC3264\x86_64-w64-mingw32\lib/libmingw32.a(lib64_libmingw32_a-merr.o)
 .rdata         0x000000014000f2a0      0x110 D:\CODEX\Dev-Cpp\TDM-GCC3264\x86_64-w64-mingw32\lib/libmingw32.a(lib64_libmingw32_a-pseudo-reloc.o)
 .rdata         0x000000014000f3b0       0x30 D:\CODEX\Dev-Cpp\TDM-GCC3264\x86_64-w64-mingw32\lib/libmingw32.a(lib64_libmingw32_a-crt_handler.o)
 .rdata         0x000000014000f3e0       0x50 D:\CODEX\Dev-Cpp\TDM-GCC3264\x86_64-w64-mingw32\lib/libpthread.a(libwinpthread_la-thread.o)
 .rdata         0x000000014000f430       0xb0 D:\CODEX\Dev-Cpp\TDM-GCC3264\x86_64-w64-mingw32\lib/libpthread.a(libwinpthread_la-shmem3_mingw.o)
 .rdata         0x000000014000f4e0      0x110 D:\CODEX\Dev-Cpp\TDM-GCC3264\x86_64-w64-mingw32\lib/libpthread.a(libwinpthread_la-rwlock.o)
 .rdata         0x000000014000f5f0       0x30 D:\CODEX\Dev-Cpp\TDM-GCC3264\x86_64-w64-mingw32\lib/libpthread.a(libwinpthread_la-cond.o)
 *(SORT_BY_NAME(.rdata$*))
 .rdata$.refptr._CRT_MT
                0x000000014000f620       0x10 D:\CODEX\Dev-Cpp\TDM-GCC3264\x86_64-w64-mingw32\lib/libmingw32.a(lib64_libmingw32_a-tlssup.o)
                0x000000014000f620                .refptr._CRT_MT
 .rdata$.refptr._MINGW_INSTALL_DEBUG_MATHERR
                0x000000014000f630       0x10 D:/CODEX/Dev-Cpp/TDM-GCC3264/bin/../lib/gcc/x86_64-w64-mingw32/10.3.0/../../../../x86_64-w64-mingw32/lib/../lib/crt2.o
                0x000000014000f630                .refptr._MINGW_INSTALL_DEBUG_MATHERR
 .rdata$.refptr.__CTOR_LIST__
                0x000000014000f640       0x10 D:\CODEX\Dev-Cpp\TDM-GCC3264\x86_64-w64-mingw32\lib/libmingw32.a(lib64_libmingw32_a-gccmain.o)
                0x000000014000f640                .refptr.__CTOR_LIST__
 .rdata$.refptr.__RUNTIME_PSEUDO_RELOC_LIST_END__
                0x000000014000f650       0x10 D:\CODEX\Dev-Cpp\TDM-GCC3264\x86_64-w64-mingw32\lib/libmingw32.a(lib64_libmingw32_a-pseudo-reloc.o)
                0x000000014000f650                .refptr.__RUNTIME_PSEUDO_RELOC_LIST_END__
 .rdata$.refptr.__RUNTIME_PSEUDO_RELOC_LIST__
                0x000000014000f660       0x10 D:\CODEX\Dev-Cpp\TDM-GCC3264\x86_64-w64-mingw32\lib/libmingw32.a(lib64_libmingw32_a-pseudo-reloc.o)
                0x000000014000f660                .refptr.__RUNTIME_PSEUDO_RELOC_LIST__
 .rdata$.refptr.__dyn_tls_init_callback
                0x000000014000f670       0x10 D:/CODEX/Dev-Cpp/TDM-GCC3264/bin/../lib/gcc/x86_64-w64-mingw32/10.3.0/../../../../x86_64-w64-mingw32/lib/../lib/crt2.o
                0x000000014000f670                .refptr.__dyn_tls_init_callback
 .rdata$.refptr.__image_base__
                0x000000014000f680       0x10 D:/CODEX/Dev-Cpp/TDM-GCC3264/bin/../lib/gcc/x86_64-w64-mingw32/10.3.0/../../../../x86_64-w64-mingw32/lib/../lib/crt2.o
                0x000000014000f680                .refptr.__image_base__
 .rdata$.refptr.__imp___initenv
                0x000000014000f690       0x10 D:/CODEX/Dev-Cpp/TDM-GCC3264/bin/../lib/gcc/x86_64-w64-mingw32/10.3.0/../../../../x86_64-w64-mingw32/lib/../lib/crt2.o
                0x000000014000f690                .refptr.__imp___initenv
 .rdata$.refptr.__imp__acmdln
                0x000000014000f6a0       0x10 D:\CODEX\Dev-Cpp\TDM-GCC3264\x86_64-w64-mingw32\lib/libmsvcrt.a(lib64_libmsvcrt_os_a-__p__acmdln.o)
                0x000000014000f6a0                .refptr.__imp__acmdln
 .rdata$.refptr.__imp__commode
                0x000000014000f6b0       0x10 D:\CODEX\Dev-Cpp\TDM-GCC3264\x86_64-w64-mingw32\lib/libmsvcrt.a(lib64_libmsvcrt_os_a-__p__commode.o)
                0x000000014000f6b0                .refptr.__imp__commode
 .rdata$.refptr.__imp__fmode
                0x000000014000f6c0       0x10 D:\CODEX\Dev-Cpp\TDM-GCC3264\x86_64-w64-mingw32\lib/libmsvcrt.a(lib64_libmsvcrt_os_a-__p__fmode.o)
                0x000000014000f6c0                .refptr.__imp__fmode
 .rdata$.refptr.__mingw_oldexcpt_handler
                0x000000014000f6d0       0x10 D:/CODEX/Dev-Cpp/TDM-GCC3264/bin/../lib/gcc/x86_64-w64-mingw32/10.3.0/../../../../x86_64-w64-mingw32/lib/../lib/crt2.o
                0x000000014000f6d0                .refptr.__mingw_oldexcpt_handler
 .rdata$.refptr.__native_startup_lock
                0x000000014000f6e0       0x10 D:/CODEX/Dev-Cpp/TDM-GCC3264/bin/../lib/gcc/x86_64-w64-mingw32/10.3.0/../../../../x86_64-w64-mingw32/lib/../lib/crt2.o
                0x000000014000f6e0                .refptr.__native_startup_lock
 .rdata$.refptr.__native_startup_state
                0x000000014000f6f0       0x10 D:/CODEX/Dev-Cpp/TDM-GCC3264/bin/../lib/gcc/x86_64-w64-mingw32/10.3.0/../../../../x86_64-w64-mingw32/lib/../lib/crt2.o
                0x000000014000f6f0                .refptr.__native_startup_state
 .rdata$.refptr.__shmem3_winpthreads_tdm_local_shmem_region
                0x000000014000f700       0x10 D:\CODEX\Dev-Cpp\TDM-GCC3264\x86_64-w64-mingw32\lib/libpthread.a(libwinpthread_la-thread.o)
                0x000000014000f700                .refptr.__shmem3_winpthreads_tdm_local_shmem_region
 .rdata$.refptr.__xc_a
                0x000000014000f710       0x10 D:/CODEX/Dev-Cpp/TDM-GCC3264/bin/../lib/gcc/x86_64-w64-mingw32/10.3.0/../../../../x86_64-w64-mingw32/lib/../lib/crt2.o
                0x000000014000f710                .refptr.__xc_a
 .rdata$.refptr.__xc_z
                0x000000014000f720       0x10 D:/CODEX/Dev-Cpp/TDM-GCC3264/bin/../lib/gcc/x86_64-w64-mingw32/10.3.0/../../../../x86_64-w64-mingw32/lib/../lib/crt2.o
                0x000000014000f720                .refptr.__xc_z
 .rdata$.refptr.__xi_a
                0x000000014000f730       0x10 D:/CODEX/Dev-Cpp/TDM-GCC3264/bin/../lib/gcc/x86_64-w64-mingw32/10.3.0/../../../../x86_64-w64-mingw32/lib/../lib/crt2.o
                0x000000014000f730                .refptr.__xi_a
 .rdata$.refptr.__xi_z
                0x000000014000f740       0x10 D:/CODEX/Dev-Cpp/TDM-GCC3264/bin/../lib/gcc/x86_64-w64-mingw32/10.3.0/../../../../x86_64-w64-mingw32/lib/../lib/crt2.o
                0x000000014000f740                .refptr.__xi_z
 .rdata$.refptr._commode
                0x000000014000f750       0x10 D:/CODEX/Dev-Cpp/TDM-GCC3264/bin/../lib/gcc/x86_64-w64-mingw32/10.3.0/../../../../x86_64-w64-mingw32/lib/../lib/crt2.o
                0x000000014000f750                .refptr._commode
 .rdata$.refptr._dowildcard
                0x000000014000f760       0x10 D:/CODEX/Dev-Cpp/TDM-GCC3264/bin/../lib/gcc/x86_64-w64-mingw32/10.3.0/../../../../x86_64-w64-mingw32/lib/../lib/crt2.o
                0x000000014000f760                .refptr._dowildcard
 .rdata$.refptr._fmode
                0x000000014000f770       0x10 D:/CODEX/Dev-Cpp/TDM-GCC3264/bin/../lib/gcc/x86_64-w64-mingw32/10.3.0/../../../../x86_64-w64-mingw32/lib/../lib/crt2.o
                0x000000014000f770                .refptr._fmode
 .rdata$.refptr._newmode
                0x000000014000f780       0x10 D:/CODEX/Dev-Cpp/TDM-GCC3264/bin/../lib/gcc/x86_64-w64-mingw32/10.3.0/../../../../x86_64-w64-mingw32/lib/../lib/crt2.o
                0x000000014000f780                .refptr._newmode
 .rdata$.refptr.mingw_app_type
                0x000000014000f790       0x10 D:/CODEX/Dev-Cpp/TDM-GCC3264/bin/../lib/gcc/x86_64-w64-mingw32/10.3.0/../../../../x86_64-w64-mingw32/lib/../lib/crt2.o
                0x000000014000f790                .refptr.mingw_app_type
 .rdata$.refptr.mingw_initcharmax
                0x000000014000f7a0       0x10 D:/CODEX/Dev-Cpp/TDM-GCC3264/bin/../lib/gcc/x86_64-w64-mingw32/10.3.0/../../../../x86_64-w64-mingw32/lib/../lib/crt2.o
                0x000000014000f7a0                .refptr.mingw_initcharmax
 .rdata$.refptr.mingw_initltsdrot_force
                0x000000014000f7b0       0x10 D:/CODEX/Dev-Cpp/TDM-GCC3264/bin/../lib/gcc/x86_64-w64-mingw32/10.3.0/../../../../x86_64-w64-mingw32/lib/../lib/crt2.o
                0x000000014000f7b0                .refptr.mingw_initltsdrot_force
 .rdata$.refptr.mingw_initltsdyn_force
                0x000000014000f7c0       0x10 D:/CODEX/Dev-Cpp/TDM-GCC3264/bin/../lib/gcc/x86_64-w64-mingw32/10.3.0/../../../../x86_64-w64-mingw32/lib/../lib/crt2.o
                0x000000014000f7c0                .refptr.mingw_initltsdyn_force
 .rdata$.refptr.mingw_initltssuo_force
                0x000000014000f7d0       0x10 D:/CODEX/Dev-Cpp/TDM-GCC3264/bin/../lib/gcc/x86_64-w64-mingw32/10.3.0/../../../../x86_64-w64-mingw32/lib/../lib/crt2.o
                0x000000014000f7d0                .refptr.mingw_initltssuo_force
                0x000000014000f7e0                . = ALIGN (0x4)
                0x000000014000f7e0                __rt_psrelocs_start = .
 *(.rdata_runtime_pseudo_reloc)
                0x000000014000f7e0                __rt_psrelocs_end = .
                0x0000000000000000                __rt_psrelocs_size = (__rt_psrelocs_end - __rt_psrelocs_start)
                0x000000014000f7e0                ___RUNTIME_PSEUDO_RELOC_LIST_END__ = .
                0x000000014000f7e0                __RUNTIME_PSEUDO_RELOC_LIST_END__ = .
                0x000000014000f7e0                ___RUNTIME_PSEUDO_RELOC_LIST__ = (. - __rt_psrelocs_size)
                0x000000014000f7e0                __RUNTIME_PSEUDO_RELOC_LIST__ = (. - __rt_psrelocs_size)

.eh_frame
 *(.eh_frame*)

.pdata          0x0000000140010000      0xc00
 *(.pdata*)
 .pdata         0x0000000140010000       0x54 D:/CODEX/Dev-Cpp/TDM-GCC3264/bin/../lib/gcc/x86_64-w64-mingw32/10.3.0/../../../../x86_64-w64-mingw32/lib/../lib/crt2.o
 .pdata         0x0000000140010054       0x18 D:/CODEX/Dev-Cpp/TDM-GCC3264/bin/../lib/gcc/x86_64-w64-mingw32/10.3.0/crtbegin.o
 .pdata$_ZSt3absl
                0x000000014001006c        0xc C:\Users\ARABBI~1\AppData\Local\Temp\main.exe.R64Lxx.ltrans0.ltrans.o
 .pdata$_Z5ftestff
                0x0000000140010078        0xc C:\Users\ARABBI~1\AppData\Local\Temp\main.exe.R64Lxx.ltrans0.ltrans.o
 .pdata$_ZN9BIT_FIELD4set4Ebbbb
                0x0000000140010084        0xc C:\Users\ARABBI~1\AppData\Local\Temp\main.exe.R64Lxx.ltrans0.ltrans.o
 .pdata$_ZN9BIT_FIELD3getEh
                0x0000000140010090        0xc C:\Users\ARABBI~1\AppData\Local\Temp\main.exe.R64Lxx.ltrans0.ltrans.o
 .pdata$_ZN9BIT_FIELD10get_strictEh
                0x000000014001009c        0xc C:\Users\ARABBI~1\AppData\Local\Temp\main.exe.R64Lxx.ltrans0.ltrans.o
 .pdata$_Z3dot8tagPOINT4BGRAPhi7tagRECT
                0x00000001400100a8        0xc C:\Users\ARABBI~1\AppData\Local\Temp\main.exe.R64Lxx.ltrans0.ltrans.o
 .pdata$_Z8straight8tagPOINTS_4BGRAPhi7tagRECT
                0x00000001400100b4        0xc C:\Users\ARABBI~1\AppData\Local\Temp\main.exe.R64Lxx.ltrans0.ltrans.o
 .pdata$_Z9march_map9BIT_FIELDPb
                0x00000001400100c0        0xc C:\Users\ARABBI~1\AppData\Local\Temp\main.exe.R64Lxx.ltrans0.ltrans.o
 .pdata$_Z12march_9_gridP16RENDER_FUNC_INFO6POINTFS1_f9BIT_FIELDh
                0x00000001400100cc        0xc C:\Users\ARABBI~1\AppData\Local\Temp\main.exe.R64Lxx.ltrans0.ltrans.o
 .pdata$_Z11render_funcP16RENDER_FUNC_INFO6POINTFS1_f
                0x00000001400100d8        0xc C:\Users\ARABBI~1\AppData\Local\Temp\main.exe.R64Lxx.ltrans0.ltrans.o
 .pdata$_ZN11CALC_WINDOWC1Eii
                0x00000001400100e4        0xc C:\Users\ARABBI~1\AppData\Local\Temp\main.exe.R64Lxx.ltrans0.ltrans.o
 .pdata$_ZN11CALC_WINDOW11__calc_procEP6HWND__jyx
                0x00000001400100f0        0xc C:\Users\ARABBI~1\AppData\Local\Temp\main.exe.R64Lxx.ltrans0.ltrans.o
 .pdata$_ZN11CALC_WINDOW12main_processEP6HWND__jyx
                0x00000001400100fc        0xc C:\Users\ARABBI~1\AppData\Local\Temp\main.exe.R64Lxx.ltrans0.ltrans.o
 .pdata$_ZN11CALC_WINDOW10__randnameEPwPKwt
                0x0000000140010108        0xc C:\Users\ARABBI~1\AppData\Local\Temp\main.exe.R64Lxx.ltrans0.ltrans.o
 .pdata$_ZN11CALC_WINDOW8__locateEv
                0x0000000140010114        0xc C:\Users\ARABBI~1\AppData\Local\Temp\main.exe.R64Lxx.ltrans0.ltrans.o
 .pdata$_ZN11CALC_WINDOW3runEv
                0x0000000140010120        0xc C:\Users\ARABBI~1\AppData\Local\Temp\main.exe.R64Lxx.ltrans0.ltrans.o
 .pdata$main    0x000000014001012c        0xc C:\Users\ARABBI~1\AppData\Local\Temp\main.exe.R64Lxx.ltrans0.ltrans.o
 .pdata$_Z41__static_initialization_and_destruction_0ii
                0x0000000140010138        0xc C:\Users\ARABBI~1\AppData\Local\Temp\main.exe.R64Lxx.ltrans0.ltrans.o
 .pdata$_GLOBAL__sub_I___g_hheap
                0x0000000140010144        0xc C:\Users\ARABBI~1\AppData\Local\Temp\main.exe.R64Lxx.ltrans0.ltrans.o
 .pdata         0x0000000140010150       0x24 D:\CODEX\Dev-Cpp\TDM-GCC3264\x86_64-w64-mingw32\lib/libmingw32.a(lib64_libmingw32_a-gccmain.o)
 .pdata         0x0000000140010174        0xc D:\CODEX\Dev-Cpp\TDM-GCC3264\x86_64-w64-mingw32\lib/libmingw32.a(lib64_libmingw32_a-charmax.o)
 .pdata         0x0000000140010180        0xc D:\CODEX\Dev-Cpp\TDM-GCC3264\x86_64-w64-mingw32\lib/libmingw32.a(lib64_libmingw32_a-dllargv.o)
 .pdata         0x000000014001018c       0x24 D:\CODEX\Dev-Cpp\TDM-GCC3264\x86_64-w64-mingw32\lib/libmingw32.a(lib64_libmingw32_a-tlssup.o)
 .pdata         0x00000001400101b0        0xc D:\CODEX\Dev-Cpp\TDM-GCC3264\x86_64-w64-mingw32\lib/libmingw32.a(lib64_libmingw32_a-merr.o)
 .pdata         0x00000001400101bc        0xc D:\CODEX\Dev-Cpp\TDM-GCC3264\x86_64-w64-mingw32\lib/libmingw32.a(lib64_libmingw32_a-CRT_fp10.o)
 .pdata         0x00000001400101c8       0x24 D:\CODEX\Dev-Cpp\TDM-GCC3264\x86_64-w64-mingw32\lib/libmingw32.a(lib64_libmingw32_a-pseudo-reloc.o)
 .pdata         0x00000001400101ec       0x18 D:\CODEX\Dev-Cpp\TDM-GCC3264\x86_64-w64-mingw32\lib/libmingw32.a(lib64_libmingw32_a-usermatherr.o)
 .pdata         0x0000000140010204        0xc D:\CODEX\Dev-Cpp\TDM-GCC3264\x86_64-w64-mingw32\lib/libmingw32.a(lib64_libmingw32_a-crt_handler.o)
 .pdata         0x0000000140010210       0x30 D:\CODEX\Dev-Cpp\TDM-GCC3264\x86_64-w64-mingw32\lib/libmingw32.a(lib64_libmingw32_a-tlsthrd.o)
 .pdata         0x0000000140010240       0x6c D:\CODEX\Dev-Cpp\TDM-GCC3264\x86_64-w64-mingw32\lib/libmingw32.a(lib64_libmingw32_a-pesect.o)
 .pdata         0x00000001400102ac      0x414 D:\CODEX\Dev-Cpp\TDM-GCC3264\x86_64-w64-mingw32\lib/libpthread.a(libwinpthread_la-thread.o)
 .pdata.unlikely
                0x00000001400106c0       0x24 D:\CODEX\Dev-Cpp\TDM-GCC3264\x86_64-w64-mingw32\lib/libpthread.a(libwinpthread_la-thread.o)
 .pdata         0x00000001400106e4       0x24 D:\CODEX\Dev-Cpp\TDM-GCC3264\x86_64-w64-mingw32\lib/libpthread.a(libwinpthread_la-shmem3_mingw.o)
 .pdata         0x0000000140010708       0x48 D:\CODEX\Dev-Cpp\TDM-GCC3264\x86_64-w64-mingw32\lib/libpthread.a(libwinpthread_la-misc.o)
 .pdata         0x0000000140010750       0xcc D:\CODEX\Dev-Cpp\TDM-GCC3264\x86_64-w64-mingw32\lib/libpthread.a(libwinpthread_la-mutex.o)
 .pdata         0x000000014001081c      0x114 D:\CODEX\Dev-Cpp\TDM-GCC3264\x86_64-w64-mingw32\lib/libpthread.a(libwinpthread_la-rwlock.o)
 .pdata         0x0000000140010930       0x3c D:\CODEX\Dev-Cpp\TDM-GCC3264\x86_64-w64-mingw32\lib/libpthread.a(libwinpthread_la-spinlock.o)
 .pdata         0x000000014001096c      0x114 D:\CODEX\Dev-Cpp\TDM-GCC3264\x86_64-w64-mingw32\lib/libpthread.a(libwinpthread_la-cond.o)
 .pdata         0x0000000140010a80       0x84 D:\CODEX\Dev-Cpp\TDM-GCC3264\x86_64-w64-mingw32\lib/libpthread.a(libwinpthread_la-sched.o)
 .pdata         0x0000000140010b04        0xc D:\CODEX\Dev-Cpp\TDM-GCC3264\x86_64-w64-mingw32\lib/libmsvcrt.a(lib64_libmsvcrt_os_a-acrt_iob_func.o)
 .pdata         0x0000000140010b10       0x18 D:\CODEX\Dev-Cpp\TDM-GCC3264\x86_64-w64-mingw32\lib/libmsvcrt.a(lib64_libmsvcrt_os_a-invalid_parameter_handler.o)
 .pdata         0x0000000140010b28        0xc D:\CODEX\Dev-Cpp\TDM-GCC3264\x86_64-w64-mingw32\lib/libmsvcrt.a(lib64_libmsvcrt_os_a-__p__acmdln.o)
 .pdata         0x0000000140010b34        0xc D:\CODEX\Dev-Cpp\TDM-GCC3264\x86_64-w64-mingw32\lib/libmsvcrt.a(lib64_libmsvcrt_os_a-__p__commode.o)
 .pdata         0x0000000140010b40        0xc D:\CODEX\Dev-Cpp\TDM-GCC3264\x86_64-w64-mingw32\lib/libmsvcrt.a(lib64_libmsvcrt_os_a-__p__fmode.o)
 .pdata.startup
                0x0000000140010b4c        0xc D:/CODEX/Dev-Cpp/TDM-GCC3264/bin/../lib/gcc/x86_64-w64-mingw32/10.3.0/crtend.o

.xdata          0x0000000140011000      0xa00
 *(.xdata*)
 .xdata         0x0000000140011000       0x70 D:/CODEX/Dev-Cpp/TDM-GCC3264/bin/../lib/gcc/x86_64-w64-mingw32/10.3.0/../../../../x86_64-w64-mingw32/lib/../lib/crt2.o
 .xdata         0x0000000140011070        0x8 D:/CODEX/Dev-Cpp/TDM-GCC3264/bin/../lib/gcc/x86_64-w64-mingw32/10.3.0/crtbegin.o
 .xdata$_ZSt3absl
                0x0000000140011078        0x8 C:\Users\ARABBI~1\AppData\Local\Temp\main.exe.R64Lxx.ltrans0.ltrans.o
 .xdata$_Z5ftestff
                0x0000000140011080        0x8 C:\Users\ARABBI~1\AppData\Local\Temp\main.exe.R64Lxx.ltrans0.ltrans.o
 .xdata$_ZN9BIT_FIELD4set4Ebbbb
                0x0000000140011088        0xc C:\Users\ARABBI~1\AppData\Local\Temp\main.exe.R64Lxx.ltrans0.ltrans.o
 .xdata$_ZN9BIT_FIELD3getEh
                0x0000000140011094        0x8 C:\Users\ARABBI~1\AppData\Local\Temp\main.exe.R64Lxx.ltrans0.ltrans.o
 .xdata$_ZN9BIT_FIELD10get_strictEh
                0x000000014001109c        0xc C:\Users\ARABBI~1\AppData\Local\Temp\main.exe.R64Lxx.ltrans0.ltrans.o
 .xdata$_Z3dot8tagPOINT4BGRAPhi7tagRECT
                0x00000001400110a8        0xc C:\Users\ARABBI~1\AppData\Local\Temp\main.exe.R64Lxx.ltrans0.ltrans.o
 .xdata$_Z8straight8tagPOINTS_4BGRAPhi7tagRECT
                0x00000001400110b4        0xc C:\Users\ARABBI~1\AppData\Local\Temp\main.exe.R64Lxx.ltrans0.ltrans.o
 .xdata$_Z9march_map9BIT_FIELDPb
                0x00000001400110c0        0x8 C:\Users\ARABBI~1\AppData\Local\Temp\main.exe.R64Lxx.ltrans0.ltrans.o
 .xdata$_Z12march_9_gridP16RENDER_FUNC_INFO6POINTFS1_f9BIT_FIELDh
                0x00000001400110c8       0x1c C:\Users\ARABBI~1\AppData\Local\Temp\main.exe.R64Lxx.ltrans0.ltrans.o
 .xdata$_Z11render_funcP16RENDER_FUNC_INFO6POINTFS1_f
                0x00000001400110e4       0x10 C:\Users\ARABBI~1\AppData\Local\Temp\main.exe.R64Lxx.ltrans0.ltrans.o
 .xdata$_ZN11CALC_WINDOWC1Eii
                0x00000001400110f4        0xc C:\Users\ARABBI~1\AppData\Local\Temp\main.exe.R64Lxx.ltrans0.ltrans.o
 .xdata$_ZN11CALC_WINDOW11__calc_procEP6HWND__jyx
                0x0000000140011100        0xc C:\Users\ARABBI~1\AppData\Local\Temp\main.exe.R64Lxx.ltrans0.ltrans.o
 .xdata$_ZN11CALC_WINDOW12main_processEP6HWND__jyx
                0x000000014001110c        0xc C:\Users\ARABBI~1\AppData\Local\Temp\main.exe.R64Lxx.ltrans0.ltrans.o
 .xdata$_ZN11CALC_WINDOW10__randnameEPwPKwt
                0x0000000140011118        0xc C:\Users\ARABBI~1\AppData\Local\Temp\main.exe.R64Lxx.ltrans0.ltrans.o
 .xdata$_ZN11CALC_WINDOW8__locateEv
                0x0000000140011124        0xc C:\Users\ARABBI~1\AppData\Local\Temp\main.exe.R64Lxx.ltrans0.ltrans.o
 .xdata$_ZN11CALC_WINDOW3runEv
                0x0000000140011130       0x10 C:\Users\ARABBI~1\AppData\Local\Temp\main.exe.R64Lxx.ltrans0.ltrans.o
 .xdata$main    0x0000000140011140        0xc C:\Users\ARABBI~1\AppData\Local\Temp\main.exe.R64Lxx.ltrans0.ltrans.o
 .xdata$_Z41__static_initialization_and_destruction_0ii
                0x000000014001114c        0xc C:\Users\ARABBI~1\AppData\Local\Temp\main.exe.R64Lxx.ltrans0.ltrans.o
 .xdata$_GLOBAL__sub_I___g_hheap
                0x0000000140011158        0xc C:\Users\ARABBI~1\AppData\Local\Temp\main.exe.R64Lxx.ltrans0.ltrans.o
 .xdata         0x0000000140011164       0x18 D:\CODEX\Dev-Cpp\TDM-GCC3264\x86_64-w64-mingw32\lib/libmingw32.a(lib64_libmingw32_a-gccmain.o)
 .xdata         0x000000014001117c        0x4 D:\CODEX\Dev-Cpp\TDM-GCC3264\x86_64-w64-mingw32\lib/libmingw32.a(lib64_libmingw32_a-charmax.o)
 .xdata         0x0000000140011180        0x4 D:\CODEX\Dev-Cpp\TDM-GCC3264\x86_64-w64-mingw32\lib/libmingw32.a(lib64_libmingw32_a-dllargv.o)
 .xdata         0x0000000140011184       0x18 D:\CODEX\Dev-Cpp\TDM-GCC3264\x86_64-w64-mingw32\lib/libmingw32.a(lib64_libmingw32_a-tlssup.o)
 .xdata         0x000000014001119c       0x18 D:\CODEX\Dev-Cpp\TDM-GCC3264\x86_64-w64-mingw32\lib/libmingw32.a(lib64_libmingw32_a-merr.o)
 .xdata         0x00000001400111b4        0x4 D:\CODEX\Dev-Cpp\TDM-GCC3264\x86_64-w64-mingw32\lib/libmingw32.a(lib64_libmingw32_a-CRT_fp10.o)
 .xdata         0x00000001400111b8       0x30 D:\CODEX\Dev-Cpp\TDM-GCC3264\x86_64-w64-mingw32\lib/libmingw32.a(lib64_libmingw32_a-pseudo-reloc.o)
 .xdata         0x00000001400111e8        0xc D:\CODEX\Dev-Cpp\TDM-GCC3264\x86_64-w64-mingw32\lib/libmingw32.a(lib64_libmingw32_a-usermatherr.o)
 .xdata         0x00000001400111f4        0x8 D:\CODEX\Dev-Cpp\TDM-GCC3264\x86_64-w64-mingw32\lib/libmingw32.a(lib64_libmingw32_a-crt_handler.o)
 .xdata         0x00000001400111fc       0x2c D:\CODEX\Dev-Cpp\TDM-GCC3264\x86_64-w64-mingw32\lib/libmingw32.a(lib64_libmingw32_a-tlsthrd.o)
 .xdata         0x0000000140011228       0x2c D:\CODEX\Dev-Cpp\TDM-GCC3264\x86_64-w64-mingw32\lib/libmingw32.a(lib64_libmingw32_a-pesect.o)
 .xdata         0x0000000140011254      0x358 D:\CODEX\Dev-Cpp\TDM-GCC3264\x86_64-w64-mingw32\lib/libpthread.a(libwinpthread_la-thread.o)
 .xdata.unlikely
                0x00000001400115ac       0x48 D:\CODEX\Dev-Cpp\TDM-GCC3264\x86_64-w64-mingw32\lib/libpthread.a(libwinpthread_la-thread.o)
 .xdata         0x00000001400115f4       0x20 D:\CODEX\Dev-Cpp\TDM-GCC3264\x86_64-w64-mingw32\lib/libpthread.a(libwinpthread_la-shmem3_mingw.o)
 .xdata         0x0000000140011614       0x40 D:\CODEX\Dev-Cpp\TDM-GCC3264\x86_64-w64-mingw32\lib/libpthread.a(libwinpthread_la-misc.o)
 .xdata         0x0000000140011654       0x78 D:\CODEX\Dev-Cpp\TDM-GCC3264\x86_64-w64-mingw32\lib/libpthread.a(libwinpthread_la-mutex.o)
 .xdata         0x00000001400116cc      0x10c D:\CODEX\Dev-Cpp\TDM-GCC3264\x86_64-w64-mingw32\lib/libpthread.a(libwinpthread_la-rwlock.o)
 .xdata         0x00000001400117d8       0x14 D:\CODEX\Dev-Cpp\TDM-GCC3264\x86_64-w64-mingw32\lib/libpthread.a(libwinpthread_la-spinlock.o)
 .xdata         0x00000001400117ec      0x104 D:\CODEX\Dev-Cpp\TDM-GCC3264\x86_64-w64-mingw32\lib/libpthread.a(libwinpthread_la-cond.o)
 .xdata         0x00000001400118f0       0x58 D:\CODEX\Dev-Cpp\TDM-GCC3264\x86_64-w64-mingw32\lib/libpthread.a(libwinpthread_la-sched.o)
 .xdata         0x0000000140011948        0x8 D:\CODEX\Dev-Cpp\TDM-GCC3264\x86_64-w64-mingw32\lib/libmsvcrt.a(lib64_libmsvcrt_os_a-acrt_iob_func.o)
 .xdata         0x0000000140011950        0x8 D:\CODEX\Dev-Cpp\TDM-GCC3264\x86_64-w64-mingw32\lib/libmsvcrt.a(lib64_libmsvcrt_os_a-invalid_parameter_handler.o)
 .xdata         0x0000000140011958        0x4 D:\CODEX\Dev-Cpp\TDM-GCC3264\x86_64-w64-mingw32\lib/libmsvcrt.a(lib64_libmsvcrt_os_a-__p__acmdln.o)
 .xdata         0x000000014001195c        0x4 D:\CODEX\Dev-Cpp\TDM-GCC3264\x86_64-w64-mingw32\lib/libmsvcrt.a(lib64_libmsvcrt_os_a-__p__commode.o)
 .xdata         0x0000000140011960        0x4 D:\CODEX\Dev-Cpp\TDM-GCC3264\x86_64-w64-mingw32\lib/libmsvcrt.a(lib64_libmsvcrt_os_a-__p__fmode.o)
 .xdata.startup
                0x0000000140011964        0x4 D:/CODEX/Dev-Cpp/TDM-GCC3264/bin/../lib/gcc/x86_64-w64-mingw32/10.3.0/crtend.o

.bss            0x0000000140012000      0x370
                0x0000000140012000                __bss_start__ = .
 *(.bss)
 .bss           0x0000000140012000       0x40 D:/CODEX/Dev-Cpp/TDM-GCC3264/bin/../lib/gcc/x86_64-w64-mingw32/10.3.0/../../../../x86_64-w64-mingw32/lib/../lib/crt2.o
                0x0000000140012000                __mingw_module_is_dll
                0x0000000140012008                __mingw_winmain_lpCmdLine
                0x0000000140012010                __mingw_winmain_hInstance
 .bss           0x0000000140012040       0x10 D:\CODEX\Dev-Cpp\TDM-GCC3264\x86_64-w64-mingw32\lib/libmingw32.a(lib64_libmingw32_a-gccmain.o)
 .bss           0x0000000140012050       0x10 D:\CODEX\Dev-Cpp\TDM-GCC3264\x86_64-w64-mingw32\lib/libmingw32.a(lib64_libmingw32_a-natstart.o)
                0x0000000140012050                __native_startup_lock
                0x0000000140012058                __native_startup_state
 .bss           0x0000000140012060       0x10 D:\CODEX\Dev-Cpp\TDM-GCC3264\x86_64-w64-mingw32\lib/libmingw32.a(lib64_libmingw32_a-charmax.o)
                0x0000000140012060                mingw_initcharmax
 .bss           0x0000000140012070       0x10 D:\CODEX\Dev-Cpp\TDM-GCC3264\x86_64-w64-mingw32\lib/libmingw32.a(lib64_libmingw32_a-_newmode.o)
                0x0000000140012070                _newmode
 .bss           0x0000000140012080       0x10 D:\CODEX\Dev-Cpp\TDM-GCC3264\x86_64-w64-mingw32\lib/libmingw32.a(lib64_libmingw32_a-tlssup.o)
                0x0000000140012080                mingw_initltssuo_force
                0x0000000140012084                mingw_initltsdyn_force
                0x0000000140012088                mingw_initltsdrot_force
                0x000000014001208c                _tls_index
 .bss           0x0000000140012090       0x10 D:\CODEX\Dev-Cpp\TDM-GCC3264\x86_64-w64-mingw32\lib/libmingw32.a(lib64_libmingw32_a-xncommod.o)
                0x0000000140012090                _commode
 .bss           0x00000001400120a0       0x10 D:\CODEX\Dev-Cpp\TDM-GCC3264\x86_64-w64-mingw32\lib/libmingw32.a(lib64_libmingw32_a-mingw_helpers.o)
                0x00000001400120a0                mingw_app_type
 .bss           0x00000001400120b0       0x10 D:\CODEX\Dev-Cpp\TDM-GCC3264\x86_64-w64-mingw32\lib/libmingw32.a(lib64_libmingw32_a-pseudo-reloc.o)
 .bss           0x00000001400120c0       0x10 D:\CODEX\Dev-Cpp\TDM-GCC3264\x86_64-w64-mingw32\lib/libmingw32.a(lib64_libmingw32_a-usermatherr.o)
 .bss           0x00000001400120d0       0x10 D:\CODEX\Dev-Cpp\TDM-GCC3264\x86_64-w64-mingw32\lib/libmingw32.a(lib64_libmingw32_a-xtxtmode.o)
                0x00000001400120d0                _fmode
 .bss           0x00000001400120e0       0x10 D:\CODEX\Dev-Cpp\TDM-GCC3264\x86_64-w64-mingw32\lib/libmingw32.a(lib64_libmingw32_a-crt_handler.o)
                0x00000001400120e0                __mingw_oldexcpt_handler
 *fill*         0x00000001400120f0       0x10 
 .bss           0x0000000140012100       0x60 D:\CODEX\Dev-Cpp\TDM-GCC3264\x86_64-w64-mingw32\lib/libmingw32.a(lib64_libmingw32_a-tlsthrd.o)
 .bss           0x0000000140012160       0x70 D:\CODEX\Dev-Cpp\TDM-GCC3264\x86_64-w64-mingw32\lib/libpthread.a(libwinpthread_la-thread.o)
                0x0000000140012160                __shmem_dummy_concurrency_level_shmem
                0x0000000140012168                __shmem_once_obj_shmem
                0x0000000140012170                __shmem_idListNextId_shmem
                0x0000000140012178                __shmem_idListMax_shmem
                0x0000000140012180                __shmem_idListCnt_shmem
                0x0000000140012188                __shmem_idList_shmem
                0x0000000140012190                __shmem_pthr_last_shmem
                0x0000000140012198                __shmem_pthr_root_shmem
                0x00000001400121a0                __shmem__pthread_key_sch_shmem
                0x00000001400121a4                __shmem__pthread_key_max_shmem
                0x00000001400121a8                __shmem__pthread_tls_once_shmem
                0x00000001400121ac                __shmem__pthread_concur_shmem
                0x00000001400121b0                __shmem__pthread_cancelling_shmem
                0x00000001400121b8                __shmem__pthread_key_dest_shmem
 *fill*         0x00000001400121d0       0x10 
 .bss           0x00000001400121e0      0x160 D:\CODEX\Dev-Cpp\TDM-GCC3264\x86_64-w64-mingw32\lib/libpthread.a(libwinpthread_la-shmem3_mingw.o)
                0x00000001400121e0                __shmem3_winpthreads_tdm_local_shmem_region
 .bss           0x0000000140012340       0x10 D:\CODEX\Dev-Cpp\TDM-GCC3264\x86_64-w64-mingw32\lib/libpthread.a(libwinpthread_la-rwlock.o)
 .bss           0x0000000140012350       0x10 D:\CODEX\Dev-Cpp\TDM-GCC3264\x86_64-w64-mingw32\lib/libpthread.a(libwinpthread_la-cond.o)
 .bss           0x0000000140012360       0x10 D:\CODEX\Dev-Cpp\TDM-GCC3264\x86_64-w64-mingw32\lib/libmsvcrt.a(lib64_libmsvcrt_os_a-invalid_parameter_handler.o)
 *(COMMON)
                0x0000000140012370                __bss_end__ = .

.edata
 *(.edata)

/DISCARD/
 *(.debug$S)
 *(.debug$T)
 *(.debug$F)
 *(.drectve)
 *(.note.GNU-stack)
 *(.gnu.lto_*)

.idata          0x0000000140013000     0x1400
 SORT_BY_NAME(*)(.idata$2)
 .idata$2       0x0000000140013000       0x14 D:\CODEX\Dev-Cpp\TDM-GCC3264\x86_64-w64-mingw32\lib/libgdi32.a(ducrh.o)
                0x0000000140013000                _head_lib64_libgdi32_a
 .idata$2       0x0000000140013014       0x14 D:\CODEX\Dev-Cpp\TDM-GCC3264\x86_64-w64-mingw32\lib/libkernel32.a(dwdrh.o)
                0x0000000140013014                _head_lib64_libkernel32_a
 .idata$2       0x0000000140013028       0x14 D:\CODEX\Dev-Cpp\TDM-GCC3264\x86_64-w64-mingw32\lib/libmsvcrt.a(dcfxh.o)
                0x0000000140013028                _head_lib64_libmsvcrt_os_a
 .idata$2       0x000000014001303c       0x14 D:\CODEX\Dev-Cpp\TDM-GCC3264\x86_64-w64-mingw32\lib/libuser32.a(dcjzh.o)
                0x000000014001303c                _head_lib64_libuser32_a
 SORT_BY_NAME(*)(.idata$3)
                0x0000000140013050        0x4 LONG 0x0
                0x0000000140013054        0x4 LONG 0x0
                0x0000000140013058        0x4 LONG 0x0
                0x000000014001305c        0x4 LONG 0x0
                0x0000000140013060        0x4 LONG 0x0
 SORT_BY_NAME(*)(.idata$4)
 .idata$4       0x0000000140013064        0x0 D:\CODEX\Dev-Cpp\TDM-GCC3264\x86_64-w64-mingw32\lib/libgdi32.a(ducrh.o)
 .idata$4       0x0000000140013064        0x8 D:\CODEX\Dev-Cpp\TDM-GCC3264\x86_64-w64-mingw32\lib/libgdi32.a(ducrs00019.o)
 .idata$4       0x000000014001306c        0x8 D:\CODEX\Dev-Cpp\TDM-GCC3264\x86_64-w64-mingw32\lib/libgdi32.a(ducrs00048.o)
 .idata$4       0x0000000140013074        0x8 D:\CODEX\Dev-Cpp\TDM-GCC3264\x86_64-w64-mingw32\lib/libgdi32.a(ducrs00049.o)
 .idata$4       0x000000014001307c        0x8 D:\CODEX\Dev-Cpp\TDM-GCC3264\x86_64-w64-mingw32\lib/libgdi32.a(ducrs00384.o)
 .idata$4       0x0000000140013084        0x8 D:\CODEX\Dev-Cpp\TDM-GCC3264\x86_64-w64-mingw32\lib/libgdi32.a(ducrs00387.o)
 .idata$4       0x000000014001308c        0x8 D:\CODEX\Dev-Cpp\TDM-GCC3264\x86_64-w64-mingw32\lib/libgdi32.a(ducrs00869.o)
 .idata$4       0x0000000140013094        0x8 D:\CODEX\Dev-Cpp\TDM-GCC3264\x86_64-w64-mingw32\lib/libgdi32.a(ducrs00887.o)
 .idata$4       0x000000014001309c        0x8 D:\CODEX\Dev-Cpp\TDM-GCC3264\x86_64-w64-mingw32\lib/libgdi32.a(ducrt.o)
 .idata$4       0x00000001400130a4        0x0 D:\CODEX\Dev-Cpp\TDM-GCC3264\x86_64-w64-mingw32\lib/libkernel32.a(dwdrh.o)
 .idata$4       0x00000001400130a4        0x8 D:\CODEX\Dev-Cpp\TDM-GCC3264\x86_64-w64-mingw32\lib/libkernel32.a(dwdrs00004.o)
 .idata$4       0x00000001400130ac        0x8 D:\CODEX\Dev-Cpp\TDM-GCC3264\x86_64-w64-mingw32\lib/libkernel32.a(dwdrs00019.o)
 .idata$4       0x00000001400130b4        0x8 D:\CODEX\Dev-Cpp\TDM-GCC3264\x86_64-w64-mingw32\lib/libkernel32.a(dwdrs00140.o)
 .idata$4       0x00000001400130bc        0x8 D:\CODEX\Dev-Cpp\TDM-GCC3264\x86_64-w64-mingw32\lib/libkernel32.a(dwdrs00196.o)
 .idata$4       0x00000001400130c4        0x8 D:\CODEX\Dev-Cpp\TDM-GCC3264\x86_64-w64-mingw32\lib/libkernel32.a(dwdrs00223.o)
 .idata$4       0x00000001400130cc        0x8 D:\CODEX\Dev-Cpp\TDM-GCC3264\x86_64-w64-mingw32\lib/libkernel32.a(dwdrs00242.o)
 .idata$4       0x00000001400130d4        0x8 D:\CODEX\Dev-Cpp\TDM-GCC3264\x86_64-w64-mingw32\lib/libkernel32.a(dwdrs00280.o)
 .idata$4       0x00000001400130dc        0x8 D:\CODEX\Dev-Cpp\TDM-GCC3264\x86_64-w64-mingw32\lib/libkernel32.a(dwdrs00282.o)
 .idata$4       0x00000001400130e4        0x8 D:\CODEX\Dev-Cpp\TDM-GCC3264\x86_64-w64-mingw32\lib/libkernel32.a(dwdrs00312.o)
 .idata$4       0x00000001400130ec        0x8 D:\CODEX\Dev-Cpp\TDM-GCC3264\x86_64-w64-mingw32\lib/libkernel32.a(dwdrs00318.o)
 .idata$4       0x00000001400130f4        0x8 D:\CODEX\Dev-Cpp\TDM-GCC3264\x86_64-w64-mingw32\lib/libkernel32.a(dwdrs00386.o)
 .idata$4       0x00000001400130fc        0x8 D:\CODEX\Dev-Cpp\TDM-GCC3264\x86_64-w64-mingw32\lib/libkernel32.a(dwdrs00437.o)
 .idata$4       0x0000000140013104        0x8 D:\CODEX\Dev-Cpp\TDM-GCC3264\x86_64-w64-mingw32\lib/libkernel32.a(dwdrs00459.o)
 .idata$4       0x000000014001310c        0x8 D:\CODEX\Dev-Cpp\TDM-GCC3264\x86_64-w64-mingw32\lib/libkernel32.a(dwdrs00551.o)
 .idata$4       0x0000000140013114        0x8 D:\CODEX\Dev-Cpp\TDM-GCC3264\x86_64-w64-mingw32\lib/libkernel32.a(dwdrs00552.o)
 .idata$4       0x000000014001311c        0x8 D:\CODEX\Dev-Cpp\TDM-GCC3264\x86_64-w64-mingw32\lib/libkernel32.a(dwdrs00555.o)
 .idata$4       0x0000000140013124        0x8 D:\CODEX\Dev-Cpp\TDM-GCC3264\x86_64-w64-mingw32\lib/libkernel32.a(dwdrs00556.o)
 .idata$4       0x000000014001312c        0x8 D:\CODEX\Dev-Cpp\TDM-GCC3264\x86_64-w64-mingw32\lib/libkernel32.a(dwdrs00626.o)
 .idata$4       0x0000000140013134        0x8 D:\CODEX\Dev-Cpp\TDM-GCC3264\x86_64-w64-mingw32\lib/libkernel32.a(dwdrs00629.o)
 .idata$4       0x000000014001313c        0x8 D:\CODEX\Dev-Cpp\TDM-GCC3264\x86_64-w64-mingw32\lib/libkernel32.a(dwdrs00650.o)
 .idata$4       0x0000000140013144        0x8 D:\CODEX\Dev-Cpp\TDM-GCC3264\x86_64-w64-mingw32\lib/libkernel32.a(dwdrs00710.o)
 .idata$4       0x000000014001314c        0x8 D:\CODEX\Dev-Cpp\TDM-GCC3264\x86_64-w64-mingw32\lib/libkernel32.a(dwdrs00715.o)
 .idata$4       0x0000000140013154        0x8 D:\CODEX\Dev-Cpp\TDM-GCC3264\x86_64-w64-mingw32\lib/libkernel32.a(dwdrs00742.o)
 .idata$4       0x000000014001315c        0x8 D:\CODEX\Dev-Cpp\TDM-GCC3264\x86_64-w64-mingw32\lib/libkernel32.a(dwdrs00768.o)
 .idata$4       0x0000000140013164        0x8 D:\CODEX\Dev-Cpp\TDM-GCC3264\x86_64-w64-mingw32\lib/libkernel32.a(dwdrs00782.o)
 .idata$4       0x000000014001316c        0x8 D:\CODEX\Dev-Cpp\TDM-GCC3264\x86_64-w64-mingw32\lib/libkernel32.a(dwdrs00792.o)
 .idata$4       0x0000000140013174        0x8 D:\CODEX\Dev-Cpp\TDM-GCC3264\x86_64-w64-mingw32\lib/libkernel32.a(dwdrs00798.o)
 .idata$4       0x000000014001317c        0x8 D:\CODEX\Dev-Cpp\TDM-GCC3264\x86_64-w64-mingw32\lib/libkernel32.a(dwdrs00862.o)
 .idata$4       0x0000000140013184        0x8 D:\CODEX\Dev-Cpp\TDM-GCC3264\x86_64-w64-mingw32\lib/libkernel32.a(dwdrs00868.o)
 .idata$4       0x000000014001318c        0x8 D:\CODEX\Dev-Cpp\TDM-GCC3264\x86_64-w64-mingw32\lib/libkernel32.a(dwdrs00872.o)
 .idata$4       0x0000000140013194        0x8 D:\CODEX\Dev-Cpp\TDM-GCC3264\x86_64-w64-mingw32\lib/libkernel32.a(dwdrs00891.o)
 .idata$4       0x000000014001319c        0x8 D:\CODEX\Dev-Cpp\TDM-GCC3264\x86_64-w64-mingw32\lib/libkernel32.a(dwdrs00919.o)
 .idata$4       0x00000001400131a4        0x8 D:\CODEX\Dev-Cpp\TDM-GCC3264\x86_64-w64-mingw32\lib/libkernel32.a(dwdrs00983.o)
 .idata$4       0x00000001400131ac        0x8 D:\CODEX\Dev-Cpp\TDM-GCC3264\x86_64-w64-mingw32\lib/libkernel32.a(dwdrs01001.o)
 .idata$4       0x00000001400131b4        0x8 D:\CODEX\Dev-Cpp\TDM-GCC3264\x86_64-w64-mingw32\lib/libkernel32.a(dwdrs01068.o)
 .idata$4       0x00000001400131bc        0x8 D:\CODEX\Dev-Cpp\TDM-GCC3264\x86_64-w64-mingw32\lib/libkernel32.a(dwdrs01077.o)
 .idata$4       0x00000001400131c4        0x8 D:\CODEX\Dev-Cpp\TDM-GCC3264\x86_64-w64-mingw32\lib/libkernel32.a(dwdrs01130.o)
 .idata$4       0x00000001400131cc        0x8 D:\CODEX\Dev-Cpp\TDM-GCC3264\x86_64-w64-mingw32\lib/libkernel32.a(dwdrs01131.o)
 .idata$4       0x00000001400131d4        0x8 D:\CODEX\Dev-Cpp\TDM-GCC3264\x86_64-w64-mingw32\lib/libkernel32.a(dwdrs01152.o)
 .idata$4       0x00000001400131dc        0x8 D:\CODEX\Dev-Cpp\TDM-GCC3264\x86_64-w64-mingw32\lib/libkernel32.a(dwdrs01191.o)
 .idata$4       0x00000001400131e4        0x8 D:\CODEX\Dev-Cpp\TDM-GCC3264\x86_64-w64-mingw32\lib/libkernel32.a(dwdrs01195.o)
 .idata$4       0x00000001400131ec        0x8 D:\CODEX\Dev-Cpp\TDM-GCC3264\x86_64-w64-mingw32\lib/libkernel32.a(dwdrs01206.o)
 .idata$4       0x00000001400131f4        0x8 D:\CODEX\Dev-Cpp\TDM-GCC3264\x86_64-w64-mingw32\lib/libkernel32.a(dwdrs01213.o)
 .idata$4       0x00000001400131fc        0x8 D:\CODEX\Dev-Cpp\TDM-GCC3264\x86_64-w64-mingw32\lib/libkernel32.a(dwdrs01220.o)
 .idata$4       0x0000000140013204        0x8 D:\CODEX\Dev-Cpp\TDM-GCC3264\x86_64-w64-mingw32\lib/libkernel32.a(dwdrs01305.o)
 .idata$4       0x000000014001320c        0x8 D:\CODEX\Dev-Cpp\TDM-GCC3264\x86_64-w64-mingw32\lib/libkernel32.a(dwdrs01333.o)
 .idata$4       0x0000000140013214        0x8 D:\CODEX\Dev-Cpp\TDM-GCC3264\x86_64-w64-mingw32\lib/libkernel32.a(dwdrs01344.o)
 .idata$4       0x000000014001321c        0x8 D:\CODEX\Dev-Cpp\TDM-GCC3264\x86_64-w64-mingw32\lib/libkernel32.a(dwdrs01367.o)
 .idata$4       0x0000000140013224        0x8 D:\CODEX\Dev-Cpp\TDM-GCC3264\x86_64-w64-mingw32\lib/libkernel32.a(dwdrs01377.o)
 .idata$4       0x000000014001322c        0x8 D:\CODEX\Dev-Cpp\TDM-GCC3264\x86_64-w64-mingw32\lib/libkernel32.a(dwdrs01393.o)
 .idata$4       0x0000000140013234        0x8 D:\CODEX\Dev-Cpp\TDM-GCC3264\x86_64-w64-mingw32\lib/libkernel32.a(dwdrs01409.o)
 .idata$4       0x000000014001323c        0x8 D:\CODEX\Dev-Cpp\TDM-GCC3264\x86_64-w64-mingw32\lib/libkernel32.a(dwdrs01417.o)
 .idata$4       0x0000000140013244        0x8 D:\CODEX\Dev-Cpp\TDM-GCC3264\x86_64-w64-mingw32\lib/libkernel32.a(dwdrs01442.o)
 .idata$4       0x000000014001324c        0x8 D:\CODEX\Dev-Cpp\TDM-GCC3264\x86_64-w64-mingw32\lib/libkernel32.a(dwdrs01444.o)
 .idata$4       0x0000000140013254        0x8 D:\CODEX\Dev-Cpp\TDM-GCC3264\x86_64-w64-mingw32\lib/libkernel32.a(dwdrs01445.o)
 .idata$4       0x000000014001325c        0x8 D:\CODEX\Dev-Cpp\TDM-GCC3264\x86_64-w64-mingw32\lib/libkernel32.a(dwdrs01451.o)
 .idata$4       0x0000000140013264        0x8 D:\CODEX\Dev-Cpp\TDM-GCC3264\x86_64-w64-mingw32\lib/libkernel32.a(dwdrs01491.o)
 .idata$4       0x000000014001326c        0x8 D:\CODEX\Dev-Cpp\TDM-GCC3264\x86_64-w64-mingw32\lib/libkernel32.a(dwdrs01493.o)
 .idata$4       0x0000000140013274        0x8 D:\CODEX\Dev-Cpp\TDM-GCC3264\x86_64-w64-mingw32\lib/libkernel32.a(dwdrs01500.o)
 .idata$4       0x000000014001327c        0x8 D:\CODEX\Dev-Cpp\TDM-GCC3264\x86_64-w64-mingw32\lib/libkernel32.a(dwdrs01502.o)
 .idata$4       0x0000000140013284        0x8 D:\CODEX\Dev-Cpp\TDM-GCC3264\x86_64-w64-mingw32\lib/libkernel32.a(dwdrs01583.o)
 .idata$4       0x000000014001328c        0x8 D:\CODEX\Dev-Cpp\TDM-GCC3264\x86_64-w64-mingw32\lib/libkernel32.a(dwdrt.o)
 .idata$4       0x0000000140013294        0x0 D:\CODEX\Dev-Cpp\TDM-GCC3264\x86_64-w64-mingw32\lib/libmsvcrt.a(dcfxh.o)
 .idata$4       0x0000000140013294        0x8 D:\CODEX\Dev-Cpp\TDM-GCC3264\x86_64-w64-mingw32\lib/libmsvcrt.a(dcfxs00081.o)
 .idata$4       0x000000014001329c        0x8 D:\CODEX\Dev-Cpp\TDM-GCC3264\x86_64-w64-mingw32\lib/libmsvcrt.a(dcfxs00082.o)
 .idata$4       0x00000001400132a4        0x8 D:\CODEX\Dev-Cpp\TDM-GCC3264\x86_64-w64-mingw32\lib/libmsvcrt.a(dcfxs00083.o)
 .idata$4       0x00000001400132ac        0x8 D:\CODEX\Dev-Cpp\TDM-GCC3264\x86_64-w64-mingw32\lib/libmsvcrt.a(dcfxs00091.o)
 .idata$4       0x00000001400132b4        0x8 D:\CODEX\Dev-Cpp\TDM-GCC3264\x86_64-w64-mingw32\lib/libmsvcrt.a(dcfxs00097.o)
 .idata$4       0x00000001400132bc        0x8 D:\CODEX\Dev-Cpp\TDM-GCC3264\x86_64-w64-mingw32\lib/libmsvcrt.a(dcfxs00099.o)
 .idata$4       0x00000001400132c4        0x8 D:\CODEX\Dev-Cpp\TDM-GCC3264\x86_64-w64-mingw32\lib/libmsvcrt.a(dcfxs00116.o)
 .idata$4       0x00000001400132cc        0x8 D:\CODEX\Dev-Cpp\TDM-GCC3264\x86_64-w64-mingw32\lib/libmsvcrt.a(dcfxs00123.o)
 .idata$4       0x00000001400132d4        0x8 D:\CODEX\Dev-Cpp\TDM-GCC3264\x86_64-w64-mingw32\lib/libmsvcrt.a(dcfxs00137.o)
 .idata$4       0x00000001400132dc        0x8 D:\CODEX\Dev-Cpp\TDM-GCC3264\x86_64-w64-mingw32\lib/libmsvcrt.a(dcfxs00141.o)
 .idata$4       0x00000001400132e4        0x8 D:\CODEX\Dev-Cpp\TDM-GCC3264\x86_64-w64-mingw32\lib/libmsvcrt.a(dcfxs00157.o)
 .idata$4       0x00000001400132ec        0x8 D:\CODEX\Dev-Cpp\TDM-GCC3264\x86_64-w64-mingw32\lib/libmsvcrt.a(dcfxs00201.o)
 .idata$4       0x00000001400132f4        0x8 D:\CODEX\Dev-Cpp\TDM-GCC3264\x86_64-w64-mingw32\lib/libmsvcrt.a(dcfxs00204.o)
 .idata$4       0x00000001400132fc        0x8 D:\CODEX\Dev-Cpp\TDM-GCC3264\x86_64-w64-mingw32\lib/libmsvcrt.a(dcfxs00254.o)
 .idata$4       0x0000000140013304        0x8 D:\CODEX\Dev-Cpp\TDM-GCC3264\x86_64-w64-mingw32\lib/libmsvcrt.a(dcfxs00332.o)
 .idata$4       0x000000014001330c        0x8 D:\CODEX\Dev-Cpp\TDM-GCC3264\x86_64-w64-mingw32\lib/libmsvcrt.a(dcfxs00602.o)
 .idata$4       0x0000000140013314        0x8 D:\CODEX\Dev-Cpp\TDM-GCC3264\x86_64-w64-mingw32\lib/libmsvcrt.a(dcfxs00615.o)
 .idata$4       0x000000014001331c        0x8 D:\CODEX\Dev-Cpp\TDM-GCC3264\x86_64-w64-mingw32\lib/libmsvcrt.a(dcfxs00672.o)
 .idata$4       0x0000000140013324        0x8 D:\CODEX\Dev-Cpp\TDM-GCC3264\x86_64-w64-mingw32\lib/libmsvcrt.a(dcfxs00734.o)
 .idata$4       0x000000014001332c        0x8 D:\CODEX\Dev-Cpp\TDM-GCC3264\x86_64-w64-mingw32\lib/libmsvcrt.a(dcfxs00809.o)
 .idata$4       0x0000000140013334        0x8 D:\CODEX\Dev-Cpp\TDM-GCC3264\x86_64-w64-mingw32\lib/libmsvcrt.a(dcfxs01037.o)
 .idata$4       0x000000014001333c        0x8 D:\CODEX\Dev-Cpp\TDM-GCC3264\x86_64-w64-mingw32\lib/libmsvcrt.a(dcfxs01054.o)
 .idata$4       0x0000000140013344        0x8 D:\CODEX\Dev-Cpp\TDM-GCC3264\x86_64-w64-mingw32\lib/libmsvcrt.a(dcfxs01068.o)
 .idata$4       0x000000014001334c        0x8 D:\CODEX\Dev-Cpp\TDM-GCC3264\x86_64-w64-mingw32\lib/libmsvcrt.a(dcfxs01090.o)
 .idata$4       0x0000000140013354        0x8 D:\CODEX\Dev-Cpp\TDM-GCC3264\x86_64-w64-mingw32\lib/libmsvcrt.a(dcfxs01097.o)
 .idata$4       0x000000014001335c        0x8 D:\CODEX\Dev-Cpp\TDM-GCC3264\x86_64-w64-mingw32\lib/libmsvcrt.a(dcfxs01109.o)
 .idata$4       0x0000000140013364        0x8 D:\CODEX\Dev-Cpp\TDM-GCC3264\x86_64-w64-mingw32\lib/libmsvcrt.a(dcfxs01155.o)
 .idata$4       0x000000014001336c        0x8 D:\CODEX\Dev-Cpp\TDM-GCC3264\x86_64-w64-mingw32\lib/libmsvcrt.a(dcfxs01156.o)
 .idata$4       0x0000000140013374        0x8 D:\CODEX\Dev-Cpp\TDM-GCC3264\x86_64-w64-mingw32\lib/libmsvcrt.a(dcfxs01164.o)
 .idata$4       0x000000014001337c        0x8 D:\CODEX\Dev-Cpp\TDM-GCC3264\x86_64-w64-mingw32\lib/libmsvcrt.a(dcfxs01165.o)
 .idata$4       0x0000000140013384        0x8 D:\CODEX\Dev-Cpp\TDM-GCC3264\x86_64-w64-mingw32\lib/libmsvcrt.a(dcfxs01166.o)
 .idata$4       0x000000014001338c        0x8 D:\CODEX\Dev-Cpp\TDM-GCC3264\x86_64-w64-mingw32\lib/libmsvcrt.a(dcfxs01174.o)
 .idata$4       0x0000000140013394        0x8 D:\CODEX\Dev-Cpp\TDM-GCC3264\x86_64-w64-mingw32\lib/libmsvcrt.a(dcfxs01186.o)
 .idata$4       0x000000014001339c        0x8 D:\CODEX\Dev-Cpp\TDM-GCC3264\x86_64-w64-mingw32\lib/libmsvcrt.a(dcfxs01187.o)
 .idata$4       0x00000001400133a4        0x8 D:\CODEX\Dev-Cpp\TDM-GCC3264\x86_64-w64-mingw32\lib/libmsvcrt.a(dcfxs01196.o)
 .idata$4       0x00000001400133ac        0x8 D:\CODEX\Dev-Cpp\TDM-GCC3264\x86_64-w64-mingw32\lib/libmsvcrt.a(dcfxs01206.o)
 .idata$4       0x00000001400133b4        0x8 D:\CODEX\Dev-Cpp\TDM-GCC3264\x86_64-w64-mingw32\lib/libmsvcrt.a(dcfxs01219.o)
 .idata$4       0x00000001400133bc        0x8 D:\CODEX\Dev-Cpp\TDM-GCC3264\x86_64-w64-mingw32\lib/libmsvcrt.a(dcfxs01222.o)
 .idata$4       0x00000001400133c4        0x8 D:\CODEX\Dev-Cpp\TDM-GCC3264\x86_64-w64-mingw32\lib/libmsvcrt.a(dcfxs01258.o)
 .idata$4       0x00000001400133cc        0x8 D:\CODEX\Dev-Cpp\TDM-GCC3264\x86_64-w64-mingw32\lib/libmsvcrt.a(dcfxs01279.o)
 .idata$4       0x00000001400133d4        0x8 D:\CODEX\Dev-Cpp\TDM-GCC3264\x86_64-w64-mingw32\lib/libmsvcrt.a(dcfxs01283.o)
 .idata$4       0x00000001400133dc        0x8 D:\CODEX\Dev-Cpp\TDM-GCC3264\x86_64-w64-mingw32\lib/libmsvcrt.a(dcfxt.o)
 .idata$4       0x00000001400133e4        0x0 D:\CODEX\Dev-Cpp\TDM-GCC3264\x86_64-w64-mingw32\lib/libuser32.a(dcjzh.o)
 .idata$4       0x00000001400133e4        0x8 D:\CODEX\Dev-Cpp\TDM-GCC3264\x86_64-w64-mingw32\lib/libuser32.a(dcjzs00016.o)
 .idata$4       0x00000001400133ec        0x8 D:\CODEX\Dev-Cpp\TDM-GCC3264\x86_64-w64-mingw32\lib/libuser32.a(dcjzs00115.o)
 .idata$4       0x00000001400133f4        0x8 D:\CODEX\Dev-Cpp\TDM-GCC3264\x86_64-w64-mingw32\lib/libuser32.a(dcjzs00164.o)
 .idata$4       0x00000001400133fc        0x8 D:\CODEX\Dev-Cpp\TDM-GCC3264\x86_64-w64-mingw32\lib/libuser32.a(dcjzs00176.o)
 .idata$4       0x0000000140013404        0x8 D:\CODEX\Dev-Cpp\TDM-GCC3264\x86_64-w64-mingw32\lib/libuser32.a(dcjzs00184.o)
 .idata$4       0x000000014001340c        0x8 D:\CODEX\Dev-Cpp\TDM-GCC3264\x86_64-w64-mingw32\lib/libuser32.a(dcjzs00240.o)
 .idata$4       0x0000000140013414        0x8 D:\CODEX\Dev-Cpp\TDM-GCC3264\x86_64-w64-mingw32\lib/libuser32.a(dcjzs00272.o)
 .idata$4       0x000000014001341c        0x8 D:\CODEX\Dev-Cpp\TDM-GCC3264\x86_64-w64-mingw32\lib/libuser32.a(dcjzs00317.o)
 .idata$4       0x0000000140013424        0x8 D:\CODEX\Dev-Cpp\TDM-GCC3264\x86_64-w64-mingw32\lib/libuser32.a(dcjzs00318.o)
 .idata$4       0x000000014001342c        0x8 D:\CODEX\Dev-Cpp\TDM-GCC3264\x86_64-w64-mingw32\lib/libuser32.a(dcjzs00379.o)
 .idata$4       0x0000000140013434        0x8 D:\CODEX\Dev-Cpp\TDM-GCC3264\x86_64-w64-mingw32\lib/libuser32.a(dcjzs00439.o)
 .idata$4       0x000000014001343c        0x8 D:\CODEX\Dev-Cpp\TDM-GCC3264\x86_64-w64-mingw32\lib/libuser32.a(dcjzs00470.o)
 .idata$4       0x0000000140013444        0x8 D:\CODEX\Dev-Cpp\TDM-GCC3264\x86_64-w64-mingw32\lib/libuser32.a(dcjzs00477.o)
 .idata$4       0x000000014001344c        0x8 D:\CODEX\Dev-Cpp\TDM-GCC3264\x86_64-w64-mingw32\lib/libuser32.a(dcjzs00567.o)
 .idata$4       0x0000000140013454        0x8 D:\CODEX\Dev-Cpp\TDM-GCC3264\x86_64-w64-mingw32\lib/libuser32.a(dcjzs00655.o)
 .idata$4       0x000000014001345c        0x8 D:\CODEX\Dev-Cpp\TDM-GCC3264\x86_64-w64-mingw32\lib/libuser32.a(dcjzs00698.o)
 .idata$4       0x0000000140013464        0x8 D:\CODEX\Dev-Cpp\TDM-GCC3264\x86_64-w64-mingw32\lib/libuser32.a(dcjzs00728.o)
 .idata$4       0x000000014001346c        0x8 D:\CODEX\Dev-Cpp\TDM-GCC3264\x86_64-w64-mingw32\lib/libuser32.a(dcjzs00831.o)
 .idata$4       0x0000000140013474        0x8 D:\CODEX\Dev-Cpp\TDM-GCC3264\x86_64-w64-mingw32\lib/libuser32.a(dcjzs00844.o)
 .idata$4       0x000000014001347c        0x8 D:\CODEX\Dev-Cpp\TDM-GCC3264\x86_64-w64-mingw32\lib/libuser32.a(dcjzs00864.o)
 .idata$4       0x0000000140013484        0x8 D:\CODEX\Dev-Cpp\TDM-GCC3264\x86_64-w64-mingw32\lib/libuser32.a(dcjzs00896.o)
 .idata$4       0x000000014001348c        0x8 D:\CODEX\Dev-Cpp\TDM-GCC3264\x86_64-w64-mingw32\lib/libuser32.a(dcjzt.o)
                0x0000000140013494                __IAT_start__ = .
 SORT_BY_NAME(*)(.idata$5)
 .idata$5       0x0000000140013494        0x0 D:\CODEX\Dev-Cpp\TDM-GCC3264\x86_64-w64-mingw32\lib/libgdi32.a(ducrh.o)
 .idata$5       0x0000000140013494        0x8 D:\CODEX\Dev-Cpp\TDM-GCC3264\x86_64-w64-mingw32\lib/libgdi32.a(ducrs00019.o)
                0x0000000140013494                __imp_BitBlt
 .idata$5       0x000000014001349c        0x8 D:\CODEX\Dev-Cpp\TDM-GCC3264\x86_64-w64-mingw32\lib/libgdi32.a(ducrs00048.o)
                0x000000014001349c                __imp_CreateCompatibleBitmap
 .idata$5       0x00000001400134a4        0x8 D:\CODEX\Dev-Cpp\TDM-GCC3264\x86_64-w64-mingw32\lib/libgdi32.a(ducrs00049.o)
                0x00000001400134a4                __imp_CreateCompatibleDC
 .idata$5       0x00000001400134ac        0x8 D:\CODEX\Dev-Cpp\TDM-GCC3264\x86_64-w64-mingw32\lib/libgdi32.a(ducrs00384.o)
                0x00000001400134ac                __imp_DeleteDC
 .idata$5       0x00000001400134b4        0x8 D:\CODEX\Dev-Cpp\TDM-GCC3264\x86_64-w64-mingw32\lib/libgdi32.a(ducrs00387.o)
                0x00000001400134b4                __imp_DeleteObject
 .idata$5       0x00000001400134bc        0x8 D:\CODEX\Dev-Cpp\TDM-GCC3264\x86_64-w64-mingw32\lib/libgdi32.a(ducrs00869.o)
                0x00000001400134bc                __imp_SelectObject
 .idata$5       0x00000001400134c4        0x8 D:\CODEX\Dev-Cpp\TDM-GCC3264\x86_64-w64-mingw32\lib/libgdi32.a(ducrs00887.o)
                0x00000001400134c4                __imp_SetDIBitsToDevice
 .idata$5       0x00000001400134cc        0x8 D:\CODEX\Dev-Cpp\TDM-GCC3264\x86_64-w64-mingw32\lib/libgdi32.a(ducrt.o)
 .idata$5       0x00000001400134d4        0x0 D:\CODEX\Dev-Cpp\TDM-GCC3264\x86_64-w64-mingw32\lib/libkernel32.a(dwdrh.o)
 .idata$5       0x00000001400134d4        0x8 D:\CODEX\Dev-Cpp\TDM-GCC3264\x86_64-w64-mingw32\lib/libkernel32.a(dwdrs00004.o)
                0x00000001400134d4                __imp_AddAtomA
 .idata$5       0x00000001400134dc        0x8 D:\CODEX\Dev-Cpp\TDM-GCC3264\x86_64-w64-mingw32\lib/libkernel32.a(dwdrs00019.o)
                0x00000001400134dc                __imp_AddVectoredExceptionHandler
 .idata$5       0x00000001400134e4        0x8 D:\CODEX\Dev-Cpp\TDM-GCC3264\x86_64-w64-mingw32\lib/libkernel32.a(dwdrs00140.o)
                0x00000001400134e4                __imp_CloseHandle
 .idata$5       0x00000001400134ec        0x8 D:\CODEX\Dev-Cpp\TDM-GCC3264\x86_64-w64-mingw32\lib/libkernel32.a(dwdrs00196.o)
                0x00000001400134ec                __imp_CreateEventA
 .idata$5       0x00000001400134f4        0x8 D:\CODEX\Dev-Cpp\TDM-GCC3264\x86_64-w64-mingw32\lib/libkernel32.a(dwdrs00223.o)
                0x00000001400134f4                __imp_CreateMutexA
 .idata$5       0x00000001400134fc        0x8 D:\CODEX\Dev-Cpp\TDM-GCC3264\x86_64-w64-mingw32\lib/libkernel32.a(dwdrs00242.o)
                0x00000001400134fc                __imp_CreateSemaphoreA
 .idata$5       0x0000000140013504        0x8 D:\CODEX\Dev-Cpp\TDM-GCC3264\x86_64-w64-mingw32\lib/libkernel32.a(dwdrs00280.o)
                0x0000000140013504                __imp_DeleteAtom
 .idata$5       0x000000014001350c        0x8 D:\CODEX\Dev-Cpp\TDM-GCC3264\x86_64-w64-mingw32\lib/libkernel32.a(dwdrs00282.o)
                0x000000014001350c                __imp_DeleteCriticalSection
 .idata$5       0x0000000140013514        0x8 D:\CODEX\Dev-Cpp\TDM-GCC3264\x86_64-w64-mingw32\lib/libkernel32.a(dwdrs00312.o)
                0x0000000140013514                __imp_DuplicateHandle
 .idata$5       0x000000014001351c        0x8 D:\CODEX\Dev-Cpp\TDM-GCC3264\x86_64-w64-mingw32\lib/libkernel32.a(dwdrs00318.o)
                0x000000014001351c                __imp_EnterCriticalSection
 .idata$5       0x0000000140013524        0x8 D:\CODEX\Dev-Cpp\TDM-GCC3264\x86_64-w64-mingw32\lib/libkernel32.a(dwdrs00386.o)
                0x0000000140013524                __imp_FindAtomA
 .idata$5       0x000000014001352c        0x8 D:\CODEX\Dev-Cpp\TDM-GCC3264\x86_64-w64-mingw32\lib/libkernel32.a(dwdrs00437.o)
                0x000000014001352c                __imp_FormatMessageA
 .idata$5       0x0000000140013534        0x8 D:\CODEX\Dev-Cpp\TDM-GCC3264\x86_64-w64-mingw32\lib/libkernel32.a(dwdrs00459.o)
                0x0000000140013534                __imp_GetAtomNameA
 .idata$5       0x000000014001353c        0x8 D:\CODEX\Dev-Cpp\TDM-GCC3264\x86_64-w64-mingw32\lib/libkernel32.a(dwdrs00551.o)
                0x000000014001353c                __imp_GetCurrentProcess
 .idata$5       0x0000000140013544        0x8 D:\CODEX\Dev-Cpp\TDM-GCC3264\x86_64-w64-mingw32\lib/libkernel32.a(dwdrs00552.o)
                0x0000000140013544                __imp_GetCurrentProcessId
 .idata$5       0x000000014001354c        0x8 D:\CODEX\Dev-Cpp\TDM-GCC3264\x86_64-w64-mingw32\lib/libkernel32.a(dwdrs00555.o)
                0x000000014001354c                __imp_GetCurrentThread
 .idata$5       0x0000000140013554        0x8 D:\CODEX\Dev-Cpp\TDM-GCC3264\x86_64-w64-mingw32\lib/libkernel32.a(dwdrs00556.o)
                0x0000000140013554                __imp_GetCurrentThreadId
 .idata$5       0x000000014001355c        0x8 D:\CODEX\Dev-Cpp\TDM-GCC3264\x86_64-w64-mingw32\lib/libkernel32.a(dwdrs00626.o)
                0x000000014001355c                __imp_GetHandleInformation
 .idata$5       0x0000000140013564        0x8 D:\CODEX\Dev-Cpp\TDM-GCC3264\x86_64-w64-mingw32\lib/libkernel32.a(dwdrs00629.o)
                0x0000000140013564                __imp_GetLastError
 .idata$5       0x000000014001356c        0x8 D:\CODEX\Dev-Cpp\TDM-GCC3264\x86_64-w64-mingw32\lib/libkernel32.a(dwdrs00650.o)
                0x000000014001356c                __imp_GetModuleHandleA
 .idata$5       0x0000000140013574        0x8 D:\CODEX\Dev-Cpp\TDM-GCC3264\x86_64-w64-mingw32\lib/libkernel32.a(dwdrs00710.o)
                0x0000000140013574                __imp_GetProcessAffinityMask
 .idata$5       0x000000014001357c        0x8 D:\CODEX\Dev-Cpp\TDM-GCC3264\x86_64-w64-mingw32\lib/libkernel32.a(dwdrs00715.o)
                0x000000014001357c                __imp_GetProcessHeap
 .idata$5       0x0000000140013584        0x8 D:\CODEX\Dev-Cpp\TDM-GCC3264\x86_64-w64-mingw32\lib/libkernel32.a(dwdrs00742.o)
                0x0000000140013584                __imp_GetStartupInfoA
 .idata$5       0x000000014001358c        0x8 D:\CODEX\Dev-Cpp\TDM-GCC3264\x86_64-w64-mingw32\lib/libkernel32.a(dwdrs00768.o)
                0x000000014001358c                __imp_GetSystemTimeAsFileTime
 .idata$5       0x0000000140013594        0x8 D:\CODEX\Dev-Cpp\TDM-GCC3264\x86_64-w64-mingw32\lib/libkernel32.a(dwdrs00782.o)
                0x0000000140013594                __imp_GetThreadContext
 .idata$5       0x000000014001359c        0x8 D:\CODEX\Dev-Cpp\TDM-GCC3264\x86_64-w64-mingw32\lib/libkernel32.a(dwdrs00792.o)
                0x000000014001359c                __imp_GetThreadPriority
 .idata$5       0x00000001400135a4        0x8 D:\CODEX\Dev-Cpp\TDM-GCC3264\x86_64-w64-mingw32\lib/libkernel32.a(dwdrs00798.o)
                0x00000001400135a4                __imp_GetTickCount
 .idata$5       0x00000001400135ac        0x8 D:\CODEX\Dev-Cpp\TDM-GCC3264\x86_64-w64-mingw32\lib/libkernel32.a(dwdrs00862.o)
                0x00000001400135ac                __imp_HeapAlloc
 .idata$5       0x00000001400135b4        0x8 D:\CODEX\Dev-Cpp\TDM-GCC3264\x86_64-w64-mingw32\lib/libkernel32.a(dwdrs00868.o)
                0x00000001400135b4                __imp_HeapFree
 .idata$5       0x00000001400135bc        0x8 D:\CODEX\Dev-Cpp\TDM-GCC3264\x86_64-w64-mingw32\lib/libkernel32.a(dwdrs00872.o)
                0x00000001400135bc                __imp_HeapReAlloc
 .idata$5       0x00000001400135c4        0x8 D:\CODEX\Dev-Cpp\TDM-GCC3264\x86_64-w64-mingw32\lib/libkernel32.a(dwdrs00891.o)
                0x00000001400135c4                __imp_InitializeCriticalSection
 .idata$5       0x00000001400135cc        0x8 D:\CODEX\Dev-Cpp\TDM-GCC3264\x86_64-w64-mingw32\lib/libkernel32.a(dwdrs00919.o)
                0x00000001400135cc                __imp_IsDebuggerPresent
 .idata$5       0x00000001400135d4        0x8 D:\CODEX\Dev-Cpp\TDM-GCC3264\x86_64-w64-mingw32\lib/libkernel32.a(dwdrs00983.o)
                0x00000001400135d4                __imp_LeaveCriticalSection
 .idata$5       0x00000001400135dc        0x8 D:\CODEX\Dev-Cpp\TDM-GCC3264\x86_64-w64-mingw32\lib/libkernel32.a(dwdrs01001.o)
                0x00000001400135dc                __imp_LocalFree
 .idata$5       0x00000001400135e4        0x8 D:\CODEX\Dev-Cpp\TDM-GCC3264\x86_64-w64-mingw32\lib/libkernel32.a(dwdrs01068.o)
                0x00000001400135e4                __imp_OpenProcess
 .idata$5       0x00000001400135ec        0x8 D:\CODEX\Dev-Cpp\TDM-GCC3264\x86_64-w64-mingw32\lib/libkernel32.a(dwdrs01077.o)
                0x00000001400135ec                __imp_OutputDebugStringA
 .idata$5       0x00000001400135f4        0x8 D:\CODEX\Dev-Cpp\TDM-GCC3264\x86_64-w64-mingw32\lib/libkernel32.a(dwdrs01130.o)
                0x00000001400135f4                __imp_QueryPerformanceCounter
 .idata$5       0x00000001400135fc        0x8 D:\CODEX\Dev-Cpp\TDM-GCC3264\x86_64-w64-mingw32\lib/libkernel32.a(dwdrs01131.o)
                0x00000001400135fc                __imp_QueryPerformanceFrequency
 .idata$5       0x0000000140013604        0x8 D:\CODEX\Dev-Cpp\TDM-GCC3264\x86_64-w64-mingw32\lib/libkernel32.a(dwdrs01152.o)
                0x0000000140013604                __imp_RaiseException
 .idata$5       0x000000014001360c        0x8 D:\CODEX\Dev-Cpp\TDM-GCC3264\x86_64-w64-mingw32\lib/libkernel32.a(dwdrs01191.o)
                0x000000014001360c                __imp_ReleaseMutex
 .idata$5       0x0000000140013614        0x8 D:\CODEX\Dev-Cpp\TDM-GCC3264\x86_64-w64-mingw32\lib/libkernel32.a(dwdrs01195.o)
                0x0000000140013614                __imp_ReleaseSemaphore
 .idata$5       0x000000014001361c        0x8 D:\CODEX\Dev-Cpp\TDM-GCC3264\x86_64-w64-mingw32\lib/libkernel32.a(dwdrs01206.o)
                0x000000014001361c                __imp_RemoveVectoredExceptionHandler
 .idata$5       0x0000000140013624        0x8 D:\CODEX\Dev-Cpp\TDM-GCC3264\x86_64-w64-mingw32\lib/libkernel32.a(dwdrs01213.o)
                0x0000000140013624                __imp_ResetEvent
 .idata$5       0x000000014001362c        0x8 D:\CODEX\Dev-Cpp\TDM-GCC3264\x86_64-w64-mingw32\lib/libkernel32.a(dwdrs01220.o)
                0x000000014001362c                __imp_ResumeThread
 .idata$5       0x0000000140013634        0x8 D:\CODEX\Dev-Cpp\TDM-GCC3264\x86_64-w64-mingw32\lib/libkernel32.a(dwdrs01305.o)
                0x0000000140013634                __imp_SetEvent
 .idata$5       0x000000014001363c        0x8 D:\CODEX\Dev-Cpp\TDM-GCC3264\x86_64-w64-mingw32\lib/libkernel32.a(dwdrs01333.o)
                0x000000014001363c                __imp_SetLastError
 .idata$5       0x0000000140013644        0x8 D:\CODEX\Dev-Cpp\TDM-GCC3264\x86_64-w64-mingw32\lib/libkernel32.a(dwdrs01344.o)
                0x0000000140013644                __imp_SetProcessAffinityMask
 .idata$5       0x000000014001364c        0x8 D:\CODEX\Dev-Cpp\TDM-GCC3264\x86_64-w64-mingw32\lib/libkernel32.a(dwdrs01367.o)
                0x000000014001364c                __imp_SetThreadContext
 .idata$5       0x0000000140013654        0x8 D:\CODEX\Dev-Cpp\TDM-GCC3264\x86_64-w64-mingw32\lib/libkernel32.a(dwdrs01377.o)
                0x0000000140013654                __imp_SetThreadPriority
 .idata$5       0x000000014001365c        0x8 D:\CODEX\Dev-Cpp\TDM-GCC3264\x86_64-w64-mingw32\lib/libkernel32.a(dwdrs01393.o)
                0x000000014001365c                __imp_SetUnhandledExceptionFilter
 .idata$5       0x0000000140013664        0x8 D:\CODEX\Dev-Cpp\TDM-GCC3264\x86_64-w64-mingw32\lib/libkernel32.a(dwdrs01409.o)
                0x0000000140013664                __imp_Sleep