Archive member included to satisfy reference by file (symbol)

D:\CODEX\Dev-Cpp\TDM-GCC3264\x86_64-w64-mingw32\lib/libkernel32.a(dwdrs01583.o)
                              D:/CODEX/Dev-Cpp/TDM-GCC3264/bin/../lib/gcc/x86_64-w64-mingw32/10.3.0/../../../../x86_64-w64-mingw32/lib/../lib/crt2.o (__C_specific_handler)
D:\CODEX\Dev-Cpp\TDM-GCC3264\x86_64-w64-mingw32\lib/libkernel32.a(dwdrs01409.o)
                              D:/CODEX/Dev-Cpp/TDM-GCC3264/bin/../lib/gcc/x86_64-w64-mingw32/10.3.0/../../../../x86_64-w64-mingw32/lib/../lib/crt2.o (__imp_Sleep)
D:\CODEX\Dev-Cpp\TDM-GCC3264\x86_64-w64-mingw32\lib/libkernel32.a(dwdrs01393.o)
                              D:/CODEX/Dev-Cpp/TDM-GCC3264/bin/../lib/gcc/x86_64-w64-mingw32/10.3.0/../../../../x86_64-w64-mingw32/lib/../lib/crt2.o (__imp_SetUnhandledExceptionFilter)
D:\CODEX\Dev-Cpp\TDM-GCC3264\x86_64-w64-mingw32\lib/libkernel32.a(dwdrs00742.o)
                              D:/CODEX/Dev-Cpp/TDM-GCC3264/bin/../lib/gcc/x86_64-w64-mingw32/10.3.0/../../../../x86_64-w64-mingw32/lib/../lib/crt2.o (__imp_GetStartupInfoA)
D:\CODEX\Dev-Cpp\TDM-GCC3264\x86_64-w64-mingw32\lib/libkernel32.a(dwdrh.o)
                              D:\CODEX\Dev-Cpp\TDM-GCC3264\x86_64-w64-mingw32\lib/libkernel32.a(dwdrs01583.o) (_head_lib64_libkernel32_a)
D:\CODEX\Dev-Cpp\TDM-GCC3264\x86_64-w64-mingw32\lib/libkernel32.a(dwdrt.o)
                              D:\CODEX\Dev-Cpp\TDM-GCC3264\x86_64-w64-mingw32\lib/libkernel32.a(dwdrh.o) (__lib64_libkernel32_a_iname)
D:/CODEX/Dev-Cpp/TDM-GCC3264/bin/../lib/gcc/x86_64-w64-mingw32/10.3.0\libstdc++.a(del_ops.o)
                              C:\Users\ARABBI~1\AppData\Local\Temp\ccHQIiAj.o (symbol from plugin) (operator delete(void*, unsigned long long))
D:/CODEX/Dev-Cpp/TDM-GCC3264/bin/../lib/gcc/x86_64-w64-mingw32/10.3.0\libstdc++.a(del_opv.o)
                              C:\Users\ARABBI~1\AppData\Local\Temp\ccHQIiAj.o (symbol from plugin) (operator delete[](void*))
D:/CODEX/Dev-Cpp/TDM-GCC3264/bin/../lib/gcc/x86_64-w64-mingw32/10.3.0\libstdc++.a(new_op.o)
                              C:\Users\ARABBI~1\AppData\Local\Temp\ccHQIiAj.o (symbol from plugin) (operator new(unsigned long long))
D:/CODEX/Dev-Cpp/TDM-GCC3264/bin/../lib/gcc/x86_64-w64-mingw32/10.3.0\libstdc++.a(new_opv.o)
                              C:\Users\ARABBI~1\AppData\Local\Temp\ccHQIiAj.o (symbol from plugin) (operator new[](unsigned long long))
D:/CODEX/Dev-Cpp/TDM-GCC3264/bin/../lib/gcc/x86_64-w64-mingw32/10.3.0\libstdc++.a(si_class_type_info.o)
                              D:/CODEX/Dev-Cpp/TDM-GCC3264/bin/../lib/gcc/x86_64-w64-mingw32/10.3.0\libstdc++.a(new_op.o) (vtable for __cxxabiv1::__si_class_type_info)
D:/CODEX/Dev-Cpp/TDM-GCC3264/bin/../lib/gcc/x86_64-w64-mingw32/10.3.0\libstdc++.a(tinfo.o)
                              D:/CODEX/Dev-Cpp/TDM-GCC3264/bin/../lib/gcc/x86_64-w64-mingw32/10.3.0\libstdc++.a(si_class_type_info.o) (std::type_info::__is_pointer_p() const)
D:/CODEX/Dev-Cpp/TDM-GCC3264/bin/../lib/gcc/x86_64-w64-mingw32/10.3.0\libstdc++.a(bad_alloc.o)
                              D:/CODEX/Dev-Cpp/TDM-GCC3264/bin/../lib/gcc/x86_64-w64-mingw32/10.3.0\libstdc++.a(new_op.o) (std::bad_alloc::~bad_alloc())
D:/CODEX/Dev-Cpp/TDM-GCC3264/bin/../lib/gcc/x86_64-w64-mingw32/10.3.0\libstdc++.a(class_type_info.o)
                              D:/CODEX/Dev-Cpp/TDM-GCC3264/bin/../lib/gcc/x86_64-w64-mingw32/10.3.0\libstdc++.a(si_class_type_info.o) (__cxxabiv1::__class_type_info::__do_upcast(__cxxabiv1::__class_type_info const*, void**) const)
D:/CODEX/Dev-Cpp/TDM-GCC3264/bin/../lib/gcc/x86_64-w64-mingw32/10.3.0\libstdc++.a(del_op.o)
                              D:/CODEX/Dev-Cpp/TDM-GCC3264/bin/../lib/gcc/x86_64-w64-mingw32/10.3.0\libstdc++.a(del_ops.o) (operator delete(void*))
D:/CODEX/Dev-Cpp/TDM-GCC3264/bin/../lib/gcc/x86_64-w64-mingw32/10.3.0\libstdc++.a(eh_alloc.o)
                              D:/CODEX/Dev-Cpp/TDM-GCC3264/bin/../lib/gcc/x86_64-w64-mingw32/10.3.0\libstdc++.a(new_op.o) (__cxa_allocate_exception)
D:/CODEX/Dev-Cpp/TDM-GCC3264/bin/../lib/gcc/x86_64-w64-mingw32/10.3.0\libstdc++.a(eh_exception.o)
                              D:/CODEX/Dev-Cpp/TDM-GCC3264/bin/../lib/gcc/x86_64-w64-mingw32/10.3.0\libstdc++.a(bad_alloc.o) (std::exception::~exception())
D:/CODEX/Dev-Cpp/TDM-GCC3264/bin/../lib/gcc/x86_64-w64-mingw32/10.3.0\libstdc++.a(eh_personality.o)
                              D:/CODEX/Dev-Cpp/TDM-GCC3264/bin/../lib/gcc/x86_64-w64-mingw32/10.3.0\libstdc++.a(eh_alloc.o) (__cxa_call_unexpected)
D:/CODEX/Dev-Cpp/TDM-GCC3264/bin/../lib/gcc/x86_64-w64-mingw32/10.3.0\libstdc++.a(eh_terminate.o)
                              D:/CODEX/Dev-Cpp/TDM-GCC3264/bin/../lib/gcc/x86_64-w64-mingw32/10.3.0\libstdc++.a(eh_personality.o) (__cxxabiv1::__terminate(void (*)()))
D:/CODEX/Dev-Cpp/TDM-GCC3264/bin/../lib/gcc/x86_64-w64-mingw32/10.3.0\libstdc++.a(eh_throw.o)
[...]
Memory Configuration

Name             Origin             Length             Attributes
*default*        0x0000000000000000 0xffffffffffffffff

Linker script and memory map

                0x0000000140000000                __image_base__ = 0x140000000
                0x0000000000000000                __dll__ = 0x0
                0x0000000140000000                __ImageBase = 0x140000000
                0x0000000000001000                __section_alignment__ = 0x1000
                0x0000000000000200                __file_alignment__ = 0x200
                0x0000000000000004                __major_os_version__ = 0x4
                0x0000000000000000                __minor_os_version__ = 0x0
                0x0000000000000000                __major_image_version__ = 0x0
                0x0000000000000000                __minor_image_version__ = 0x0
                0x0000000000000005                __major_subsystem_version__ = 0x5
                0x0000000000000002                __minor_subsystem_version__ = 0x2
                0x0000000000000003                __subsystem__ = 0x3
                0x0000000000200000                __size_of_stack_reserve__ = 0x200000
                0x0000000000001000                __size_of_stack_commit__ = 0x1000
                0x0000000000100000                __size_of_heap_reserve__ = 0x100000
                0x0000000000001000                __size_of_heap_commit__ = 0x1000
                0x0000000000000000                __loader_flags__ = 0x0
                0x0000000000000160                __dll_characteristics__ = 0x160
LOAD D:/CODEX/Dev-Cpp/TDM-GCC3264/bin/../lib/gcc/x86_64-w64-mingw32/10.3.0/../../../../x86_64-w64-mingw32/lib/../lib/crt2.o
LOAD D:/CODEX/Dev-Cpp/TDM-GCC3264/bin/../lib/gcc/x86_64-w64-mingw32/10.3.0/crtbegin.o
LOAD C:\Users\ARABBI~1\AppData\Local\Temp\ccHQIiAj.o
LOAD C:\Users\ARABBI~1\AppData\Local\Temp\test.exe.TgCZLI.ltrans0.ltrans.o
LOAD D:\CODEX\Dev-Cpp\TDM-GCC3264\x86_64-w64-mingw32\lib/libgdi32.a
LOAD D:\CODEX\Dev-Cpp\TDM-GCC3264\x86_64-w64-mingw32\lib/libuser32.a
LOAD D:\CODEX\Dev-Cpp\TDM-GCC3264\x86_64-w64-mingw32\lib/libkernel32.a
LOAD D:\CODEX\Dev-Cpp\TDM-GCC3264\x86_64-w64-mingw32\lib/libwinmm.a
LOAD D:\CODEX\Dev-Cpp\TDM-GCC3264\x86_64-w64-mingw32\lib/libMsimg32.a
LOAD D:\CODEX\Dev-Cpp\TDM-GCC3264\x86_64-w64-mingw32\lib/libgdiplus.a
LOAD D:\CODEX\Dev-Cpp\TDM-GCC3264\x86_64-w64-mingw32\lib/libcomctl32.a
LOAD D:\CODEX\Dev-Cpp\TDM-GCC3264\x86_64-w64-mingw32\lib/libopengl32.a
LOAD D:\CODEX\Dev-Cpp\TDM-GCC3264\x86_64-w64-mingw32\lib/libd3d9.a
LOAD D:\CODEX\Dev-Cpp\TDM-GCC3264\x86_64-w64-mingw32\lib/libd3dx9_43.a
LOAD D:\CODEX\Dev-Cpp\TDM-GCC3264\x86_64-w64-mingw32\lib/libws2_32.a
LOAD D:/CODEX/Dev-Cpp/TDM-GCC3264/bin/../lib/gcc/x86_64-w64-mingw32/10.3.0\libstdc++.a
LOAD D:\CODEX\Dev-Cpp\TDM-GCC3264\x86_64-w64-mingw32\lib/libmingw32.a
LOAD D:/CODEX/Dev-Cpp/TDM-GCC3264/bin/../lib/gcc/x86_64-w64-mingw32/10.3.0/libgcc_s.a
LOAD D:/CODEX/Dev-Cpp/TDM-GCC3264/bin/../lib/gcc/x86_64-w64-mingw32/10.3.0/libgcc.a
LOAD D:\CODEX\Dev-Cpp\TDM-GCC3264\x86_64-w64-mingw32\lib/libpthread.a
LOAD D:/CODEX/Dev-Cpp/TDM-GCC3264/bin/../lib/gcc/x86_64-w64-mingw32/10.3.0/libgcc_s.a
LOAD D:/CODEX/Dev-Cpp/TDM-GCC3264/bin/../lib/gcc/x86_64-w64-mingw32/10.3.0/libgcc.a
LOAD D:\CODEX\Dev-Cpp\TDM-GCC3264\x86_64-w64-mingw32\lib/libkernel32.a
LOAD D:\CODEX\Dev-Cpp\TDM-GCC3264\x86_64-w64-mingw32\lib/libmoldname.a
LOAD D:\CODEX\Dev-Cpp\TDM-GCC3264\x86_64-w64-mingw32\lib/libmingwex.a
LOAD D:\CODEX\Dev-Cpp\TDM-GCC3264\x86_64-w64-mingw32\lib/libmsvcrt.a
LOAD D:\CODEX\Dev-Cpp\TDM-GCC3264\x86_64-w64-mingw32\lib/libkernel32.a
LOAD D:\CODEX\Dev-Cpp\TDM-GCC3264\x86_64-w64-mingw32\lib/libpthread.a
LOAD D:\CODEX\Dev-Cpp\TDM-GCC3264\x86_64-w64-mingw32\lib/libadvapi32.a
LOAD D:\CODEX\Dev-Cpp\TDM-GCC3264\x86_64-w64-mingw32\lib/libshell32.a
LOAD D:\CODEX\Dev-Cpp\TDM-GCC3264\x86_64-w64-mingw32\lib/libuser32.a
LOAD D:\CODEX\Dev-Cpp\TDM-GCC3264\x86_64-w64-mingw32\lib/libkernel32.a
LOAD D:\CODEX\Dev-Cpp\TDM-GCC3264\x86_64-w64-mingw32\lib/libmingw32.a
LOAD D:/CODEX/Dev-Cpp/TDM-GCC3264/bin/../lib/gcc/x86_64-w64-mingw32/10.3.0/libgcc_s.a
LOAD D:/CODEX/Dev-Cpp/TDM-GCC3264/bin/../lib/gcc/x86_64-w64-mingw32/10.3.0/libgcc.a
LOAD D:\CODEX\Dev-Cpp\TDM-GCC3264\x86_64-w64-mingw32\lib/libpthread.a
LOAD D:/CODEX/Dev-Cpp/TDM-GCC3264/bin/../lib/gcc/x86_64-w64-mingw32/10.3.0/libgcc_s.a
LOAD D:/CODEX/Dev-Cpp/TDM-GCC3264/bin/../lib/gcc/x86_64-w64-mingw32/10.3.0/libgcc.a
LOAD D:\CODEX\Dev-Cpp\TDM-GCC3264\x86_64-w64-mingw32\lib/libkernel32.a
LOAD D:\CODEX\Dev-Cpp\TDM-GCC3264\x86_64-w64-mingw32\lib/libmoldname.a
LOAD D:\CODEX\Dev-Cpp\TDM-GCC3264\x86_64-w64-mingw32\lib/libmingwex.a
LOAD D:\CODEX\Dev-Cpp\TDM-GCC3264\x86_64-w64-mingw32\lib/libmsvcrt.a
LOAD D:\CODEX\Dev-Cpp\TDM-GCC3264\x86_64-w64-mingw32\lib/libkernel32.a
LOAD D:/CODEX/Dev-Cpp/TDM-GCC3264/bin/../lib/gcc/x86_64-w64-mingw32/10.3.0/../../../../x86_64-w64-mingw32/lib/../lib/default-manifest.o
LOAD D:/CODEX/Dev-Cpp/TDM-GCC3264/bin/../lib/gcc/x86_64-w64-mingw32/10.3.0/crtend.o
                0x0000000000000340                . = SIZEOF_HEADERS
                0x0000000000001000                . = ALIGN (__section_alignment__)

.text           0x0000000140001000    0x1fa00
 *(SORT_NONE(.init))
 *(.text)
 .text          0x0000000140001000      0x520 D:/CODEX/Dev-Cpp/TDM-GCC3264/bin/../lib/gcc/x86_64-w64-mingw32/10.3.0/../../../../x86_64-w64-mingw32/lib/../lib/crt2.o
                0x00000001400014c0                WinMainCRTStartup
                0x00000001400014e0                mainCRTStartup
                0x0000000140001500                atexit
 .text          0x0000000140001520       0x20 D:/CODEX/Dev-Cpp/TDM-GCC3264/bin/../lib/gcc/x86_64-w64-mingw32/10.3.0/crtbegin.o
                0x0000000140001520                __gcc_register_frame
                0x0000000140001530                __gcc_deregister_frame
 .text          0x0000000140001540        0x8 D:\CODEX\Dev-Cpp\TDM-GCC3264\x86_64-w64-mingw32\lib/libkernel32.a(dwdrs01583.o)
                0x0000000140001540                __C_specific_handler
 *fill*         0x0000000140001548        0x8 
 .text          0x0000000140001550     0x95b0 D:/CODEX/Dev-Cpp/TDM-GCC3264/bin/../lib/gcc/x86_64-w64-mingw32/10.3.0\libstdc++.a(cp-demangle.o)
                0x000000014000a970                __cxa_demangle
                0x000000014000aad0                __gcclibcxx_demangle_callback
 .text          0x000000014000ab00       0xd0 D:\CODEX\Dev-Cpp\TDM-GCC3264\x86_64-w64-mingw32\lib/libmingw32.a(lib64_libmingw32_a-gccmain.o)
                0x000000014000ab00                __do_global_dtors
                0x000000014000ab40                __do_global_ctors
                0x000000014000abb0                __main
 .text          0x000000014000abd0       0x10 D:\CODEX\Dev-Cpp\TDM-GCC3264\x86_64-w64-mingw32\lib/libmingw32.a(lib64_libmingw32_a-charmax.o)
 .text          0x000000014000abe0       0x10 D:\CODEX\Dev-Cpp\TDM-GCC3264\x86_64-w64-mingw32\lib/libmingw32.a(lib64_libmingw32_a-dllargv.o)
                0x000000014000abe0                _setargv
 .text          0x000000014000abf0       0xd0 D:\CODEX\Dev-Cpp\TDM-GCC3264\x86_64-w64-mingw32\lib/libmingw32.a(lib64_libmingw32_a-tlssup.o)
                0x000000014000ac20                __dyn_tls_init
                0x000000014000acb0                __tlregdtor
 .text          0x000000014000acc0      0x100 D:\CODEX\Dev-Cpp\TDM-GCC3264\x86_64-w64-mingw32\lib/libmingw32.a(lib64_libmingw32_a-merr.o)
                0x000000014000acc0                _matherr
 .text          0x000000014000adc0       0x10 D:\CODEX\Dev-Cpp\TDM-GCC3264\x86_64-w64-mingw32\lib/libmingw32.a(lib64_libmingw32_a-CRT_fp10.o)
                0x000000014000adc0                fpreset
                0x000000014000adc0                _fpreset
 .text          0x000000014000add0      0x460 D:\CODEX\Dev-Cpp\TDM-GCC3264\x86_64-w64-mingw32\lib/libmingw32.a(lib64_libmingw32_a-pseudo-reloc.o)
                0x000000014000afb0                _pei386_runtime_relocator
 .text          0x000000014000b230       0x60 D:\CODEX\Dev-Cpp\TDM-GCC3264\x86_64-w64-mingw32\lib/libmingw32.a(lib64_libmingw32_a-usermatherr.o)
                0x000000014000b230                __mingw_raise_matherr
                0x000000014000b280                __mingw_setusermatherr
 .text          0x000000014000b290      0x1c0 D:\CODEX\Dev-Cpp\TDM-GCC3264\x86_64-w64-mingw32\lib/libmingw32.a(lib64_libmingw32_a-crt_handler.o)
                0x000000014000b290                _gnu_exception_handler
 .text          0x000000014000b450      0x270 D:\CODEX\Dev-Cpp\TDM-GCC3264\x86_64-w64-mingw32\lib/libmingw32.a(lib64_libmingw32_a-tlsthrd.o)
                0x000000014000b4c0                ___w64_mingwthr_add_key_dtor
                0x000000014000b540                ___w64_mingwthr_remove_key_dtor
                0x000000014000b5d0                __mingw_TLScallback
 .text          0x000000014000b6c0      0x3e0 D:\CODEX\Dev-Cpp\TDM-GCC3264\x86_64-w64-mingw32\lib/libmingw32.a(lib64_libmingw32_a-pesect.o)
                0x000000014000b6c0                _ValidateImageBase
                0x000000014000b6f0                _FindPESection
                0x000000014000b740                _FindPESectionByName
                0x000000014000b7e0                __mingw_GetSectionForAddress
                0x000000014000b860                __mingw_GetSectionCount
                0x000000014000b8a0                _FindPESectionExec
                0x000000014000b910                _GetPEImageBase
                0x000000014000b950                _IsNonwritableInCurrentImage
                0x000000014000b9e0                __mingw_enum_import_library_names
 .text          0x000000014000baa0        0x8 D:/CODEX/Dev-Cpp/TDM-GCC3264/bin/../lib/gcc/x86_64-w64-mingw32/10.3.0/libgcc_s.a(d000018.o)
                0x000000014000baa0                _Unwind_SetIP
 .text          0x000000014000baa8        0x8 D:/CODEX/Dev-Cpp/TDM-GCC3264/bin/../lib/gcc/x86_64-w64-mingw32/10.3.0/libgcc_s.a(d000017.o)
                0x000000014000baa8                _Unwind_SetGR
 .text          0x000000014000bab0        0x8 D:/CODEX/Dev-Cpp/TDM-GCC3264/bin/../lib/gcc/x86_64-w64-mingw32/10.3.0/libgcc_s.a(d000016.o)
                0x000000014000bab0                _Unwind_Resume_or_Rethrow
 .text          0x000000014000bab8        0x8 D:/CODEX/Dev-Cpp/TDM-GCC3264/bin/../lib/gcc/x86_64-w64-mingw32/10.3.0/libgcc_s.a(d000015.o)
                0x000000014000bab8                _Unwind_Resume
 .text          0x000000014000bac0        0x8 D:/CODEX/Dev-Cpp/TDM-GCC3264/bin/../lib/gcc/x86_64-w64-mingw32/10.3.0/libgcc_s.a(d000014.o)
                0x000000014000bac0                _Unwind_RaiseException
 .text          0x000000014000bac8        0x8 D:/CODEX/Dev-Cpp/TDM-GCC3264/bin/../lib/gcc/x86_64-w64-mingw32/10.3.0/libgcc_s.a(d000013.o)
                0x000000014000bac8                _Unwind_GetTextRelBase
 .text          0x000000014000bad0        0x8 D:/CODEX/Dev-Cpp/TDM-GCC3264/bin/../lib/gcc/x86_64-w64-mingw32/10.3.0/libgcc_s.a(d000012.o)
                0x000000014000bad0                _Unwind_GetRegionStart
 .text          0x000000014000bad8        0x8 D:/CODEX/Dev-Cpp/TDM-GCC3264/bin/../lib/gcc/x86_64-w64-mingw32/10.3.0/libgcc_s.a(d000011.o)
                0x000000014000bad8                _Unwind_GetLanguageSpecificData
 .text          0x000000014000bae0        0x8 D:/CODEX/Dev-Cpp/TDM-GCC3264/bin/../lib/gcc/x86_64-w64-mingw32/10.3.0/libgcc_s.a(d000010.o)
                0x000000014000bae0                _Unwind_GetIPInfo
 .text          0x000000014000bae8        0x8 D:/CODEX/Dev-Cpp/TDM-GCC3264/bin/../lib/gcc/x86_64-w64-mingw32/10.3.0/libgcc_s.a(d000007.o)
                0x000000014000bae8                _Unwind_GetDataRelBase
 .text          0x000000014000baf0        0x8 D:/CODEX/Dev-Cpp/TDM-GCC3264/bin/../lib/gcc/x86_64-w64-mingw32/10.3.0/libgcc_s.a(d000003.o)
                0x000000014000baf0                _Unwind_DeleteException
 .text          0x000000014000baf8        0x8 D:/CODEX/Dev-Cpp/TDM-GCC3264/bin/../lib/gcc/x86_64-w64-mingw32/10.3.0/libgcc_s.a(d000001.o)
                0x000000014000baf8                _GCC_specific_handler
 .text          0x000000014000bb00       0x40 D:/CODEX/Dev-Cpp/TDM-GCC3264/bin/../lib/gcc/x86_64-w64-mingw32/10.3.0/libgcc.a(_chkstk_ms.o)
                0x000000014000bb00                ___chkstk_ms
 .text          0x000000014000bb40      0x430 D:/CODEX/Dev-Cpp/TDM-GCC3264/bin/../lib/gcc/x86_64-w64-mingw32/10.3.0/libgcc.a(eh_shmem3_mingw.o)
                0x000000014000bbd0                __eh_shmem3_gcc_tdm_cleanup_local_region
                0x000000014000bcc0                __eh_shmem3_gcc_tdm_init_local_region
 .text          0x000000014000bf70      0x6e0 D:\CODEX\Dev-Cpp\TDM-GCC3264\x86_64-w64-mingw32\lib/libpthread.a(libwinpthread_la-mutex.o)
                0x000000014000bff0                pthread_mutex_lock
                0x000000014000c150                pthread_mutex_timedlock
                0x000000014000c310                pthread_mutex_unlock
                0x000000014000c3d0                pthread_mutex_trylock
                0x000000014000c490                pthread_mutex_init
                0x000000014000c4e0                pthread_mutex_destroy
                0x000000014000c530                pthread_mutexattr_init
                0x000000014000c540                pthread_mutexattr_destroy
                0x000000014000c550                pthread_mutexattr_gettype
                0x000000014000c570                pthread_mutexattr_settype
                0x000000014000c5a0                pthread_mutexattr_getpshared
                0x000000014000c5d0                pthread_mutexattr_setpshared
                0x000000014000c600                pthread_mutexattr_getprotocol
                0x000000014000c610                pthread_mutexattr_setprotocol
                0x000000014000c630                pthread_mutexattr_getprioceiling
                0x000000014000c640                pthread_mutexattr_setprioceiling
 .text          0x000000014000c650     0x63a0 D:\CODEX\Dev-Cpp\TDM-GCC3264\x86_64-w64-mingw32\lib/libpthread.a(libwinpthread_la-thread.o)
                0x000000014000dc70                pthread_tls_init
                0x000000014000eac0                __shmem_init__pthread_key_dest_shmem
                0x000000014000eae0                __shmem_init__pthread_cancelling_shmem
                0x000000014000eb00                __shmem_init__pthread_concur_shmem
                0x000000014000eb20                __shmem_init__pthread_tls_once_shmem
                0x000000014000eb40                __shmem_init__pthread_tls_shmem
                0x000000014000eb60                __shmem_init__pthread_key_lock_shmem
                0x000000014000eb80                __shmem_init__pthread_key_max_shmem
                0x000000014000eba0                __shmem_init__pthread_key_sch_shmem
                0x000000014000ebc0                __shmem_init_pthr_root_shmem
                0x000000014000ebe0                __shmem_init_pthr_last_shmem
                0x000000014000ec00                __shmem_init_mtx_pthr_locked_shmem
                0x000000014000ec20                __shmem_init_idList_shmem
                0x000000014000ec40                __shmem_init_idListCnt_shmem
                0x000000014000ec60                __shmem_init_idListMax_shmem
                0x000000014000ec80                __shmem_init_idListNextId_shmem
                0x000000014000eca0                __pth_gpointer_locked
                0x000000014000f3a0                pthread_create_wrapper
                0x000000014000f800                thread_print_set
                0x000000014000f810                thread_print
                0x000000014000f8c0                __shmem_init_once_obj_shmem
                0x000000014000f8e0                __shmem_init_once_global_shmem
                0x000000014000f900                pthread_timechange_handler_np
                0x000000014000f910                pthread_num_processors_np
                0x000000014000f970                pthread_set_num_processors_np
                0x000000014000fa10                pthread_once
                0x000000014000fb40                pthread_key_create
                0x0000000140010690                pthread_key_delete
                0x0000000140010d70                pthread_getspecific
                0x0000000140010de0                pthread_setspecific
                0x0000000140010ee0                pthread_equal
                0x0000000140010ef0                _pthread_cleanup_dest
                0x0000000140010f00                pthread_self
                0x0000000140010f30                pthread_getevent
                0x0000000140010f50                pthread_gethandle
                0x0000000140010f70                pthread_getclean
                0x0000000140010f90                pthread_get_concurrency
                0x0000000140011000                pthread_set_concurrency
                0x0000000140011070                pthread_exit
                0x0000000140011220                __pthread_shallcancel
                0x00000001400112b0                _pthread_setnobreak
                0x00000001400112f0                _pthread_invoke_cancel
                0x00000001400113f0                pthread_testcancel
                0x00000001400114d0                pthread_delay_np
                0x0000000140011580                pthread_delay_np_ms
                0x00000001400115f0                pthread_cancel
                0x00000001400118f0                pthread_kill
                0x0000000140011a90                _pthread_get_state
                0x0000000140011aa0                _pthread_set_state
                0x0000000140011ac0                pthread_attr_init
                0x0000000140011af0                pthread_attr_destroy
                0x0000000140011b20                pthread_attr_setdetachstate
                0x0000000140011b40                pthread_attr_getdetachstate
                0x0000000140011b50                pthread_attr_setinheritsched
                0x0000000140011b80                pthread_attr_getinheritsched
                0x0000000140011b90                pthread_attr_setscope
                0x0000000140011bb0                pthread_attr_getscope
                0x0000000140011bc0                pthread_attr_getstackaddr
                0x0000000140011bd0                pthread_attr_setstackaddr
                0x0000000140011be0                pthread_attr_getstacksize
                0x0000000140011bf0                pthread_attr_setstacksize
                0x0000000140011c00                pthread_setcancelstate
                0x0000000140011c80                pthread_setcanceltype
                0x0000000140011d00                pthread_create
                0x0000000140011fc0                pthread_join
                0x0000000140012110                _pthread_tryjoin
                0x0000000140012480                pthread_detach
                0x00000001400126f0                __shmem_init_dummy_concurrency_level_shmem
                0x0000000140012710                pthread_getconcurrency
                0x0000000140012780                pthread_setconcurrency
                0x00000001400127f0                pthread_setname_np
                0x0000000140012920                pthread_getname_np
 .text          0x00000001400129f0      0x430 D:\CODEX\Dev-Cpp\TDM-GCC3264\x86_64-w64-mingw32\lib/libpthread.a(libwinpthread_la-shmem3_mingw.o)
                0x0000000140012a80                __shmem3_winpthreads_tdm_cleanup_local_region
                0x0000000140012b70                __shmem3_winpthreads_tdm_init_local_region
 .text          0x0000000140012e20      0x300 D:\CODEX\Dev-Cpp\TDM-GCC3264\x86_64-w64-mingw32\lib/libpthread.a(libwinpthread_la-misc.o)
                0x0000000140012ec0                _pthread_time_in_ms
                0x0000000140012f10                _pthread_time_in_ms_from_timespec
                0x0000000140012f40                _pthread_rel_time_in_ms
                0x0000000140012fd0                _pthread_wait_for_single_object
                0x0000000140013070                _pthread_wait_for_multiple_objects
 .text          0x0000000140013120     0x1200 D:\CODEX\Dev-Cpp\TDM-GCC3264\x86_64-w64-mingw32\lib/libpthread.a(libwinpthread_la-rwlock.o)
                0x0000000140013530                __shmem_init_rwl_global_shmem
                0x0000000140013550                rwl_print_set
                0x0000000140013560                rwl_print
                0x0000000140013600                __shmem_init_cond_locked_shmem_rwlock
                0x0000000140013620                pthread_rwlock_init
                0x00000001400139b0                pthread_rwlock_destroy
                0x0000000140013bb0                pthread_rwlock_rdlock
                0x0000000140013c80                pthread_rwlock_timedrdlock
                0x0000000140013d60                pthread_rwlock_tryrdlock
                0x0000000140013e30                pthread_rwlock_trywrlock
                0x0000000140013f20                pthread_rwlock_unlock
                0x0000000140013fe0                pthread_rwlock_wrlock
                0x0000000140014130                pthread_rwlock_timedwrlock
                0x00000001400142b0                pthread_rwlockattr_destroy
                0x00000001400142c0                pthread_rwlockattr_init
                0x00000001400142e0                pthread_rwlockattr_getpshared
                0x0000000140014300                pthread_rwlockattr_setpshared
 .text          0x0000000140014320       0x70 D:\CODEX\Dev-Cpp\TDM-GCC3264\x86_64-w64-mingw32\lib/libpthread.a(libwinpthread_la-spinlock.o)
                0x0000000140014320                pthread_spin_init
                0x0000000140014330                pthread_spin_destroy
                0x0000000140014340                pthread_spin_lock
                0x0000000140014360                pthread_spin_trylock
                0x0000000140014380                pthread_spin_unlock
 .text          0x0000000140014390     0x13b0 D:\CODEX\Dev-Cpp\TDM-GCC3264\x86_64-w64-mingw32\lib/libpthread.a(libwinpthread_la-cond.o)
                0x0000000140014440                cond_print_set
                0x0000000140014490                cond_print
                0x0000000140014520                __shmem_init_cond_locked_shmem_cond
                0x0000000140014540                pthread_condattr_destroy
                0x0000000140014560                pthread_condattr_init
                0x0000000140014580                pthread_condattr_getpshared
                0x00000001400145a0                pthread_condattr_getclock
                0x00000001400145c0                pthread_condattr_setclock
                0x00000001400145e0                __pthread_clock_nanosleep
                0x0000000140014680                pthread_condattr_setpshared
                0x00000001400146b0                pthread_cond_init
                0x0000000140014920                do_sema_b_wait_intern
                0x0000000140014cd0                pthread_cond_destroy
                0x0000000140014f20                pthread_cond_signal
                0x0000000140015060                pthread_cond_broadcast
                0x00000001400151b0                pthread_cond_wait
                0x0000000140015720                pthread_cond_timedwait
                0x0000000140015730                pthread_cond_timedwait_relative_np
 .text          0x0000000140015740      0x3d0 D:\CODEX\Dev-Cpp\TDM-GCC3264\x86_64-w64-mingw32\lib/libpthread.a(libwinpthread_la-sched.o)
                0x0000000140015740                sched_get_priority_min
                0x0000000140015770                sched_get_priority_max
                0x00000001400157a0                pthread_attr_setschedparam
                0x00000001400157c0                pthread_attr_getschedparam
                0x00000001400157e0                pthread_attr_setschedpolicy
                0x0000000140015810                pthread_attr_getschedpolicy
                0x0000000140015830                pthread_getschedparam
                0x00000001400158d0                pthread_setschedparam
                0x00000001400159d0                sched_getscheduler
                0x0000000140015a40                sched_setscheduler
                0x0000000140015af0                sched_yield
 .text          0x0000000140015b10       0x50 D:\CODEX\Dev-Cpp\TDM-GCC3264\x86_64-w64-mingw32\lib/libmingwex.a(lib64_libmingwex_a-mingw_vfprintfw.o)
                0x0000000140015b10                __mingw_vfwprintf
 .text          0x0000000140015b60       0x30 D:\CODEX\Dev-Cpp\TDM-GCC3264\x86_64-w64-mingw32\lib/libmingwex.a(lib64_libmingwex_a-mingw_vsprintf.o)
                0x0000000140015b60                __mingw_vsprintf
 .text          0x0000000140015b90     0x25e0 D:\CODEX\Dev-Cpp\TDM-GCC3264\x86_64-w64-mingw32\lib/libmingwex.a(lib64_libmingwex_a-mingw_pformat.o)
                0x00000001400177c0                __mingw_pformat
 .text          0x0000000140018170     0x2570 D:\CODEX\Dev-Cpp\TDM-GCC3264\x86_64-w64-mingw32\lib/libmingwex.a(lib64_libmingwex_a-mingw_pformatw.o)
                0x0000000140019d80                __mingw_wpformat
 .text          0x000000014001a6e0      0x260 D:\CODEX\Dev-Cpp\TDM-GCC3264\x86_64-w64-mingw32\lib/libmingwex.a(lib64_libmingwex_a-dmisc.o)
                0x000000014001a6e0                __rv_alloc_D2A
                0x000000014001a720                __nrv_alloc_D2A
                0x000000014001a7a0                __freedtoa
                0x000000014001a7c0                __quorem_D2A
 .text          0x000000014001a940     0x1710 D:\CODEX\Dev-Cpp\TDM-GCC3264\x86_64-w64-mingw32\lib/libmingwex.a(lib64_libmingwex_a-gdtoa.o)
                0x000000014001a940                __gdtoa
 .text          0x000000014001c050      0x150 D:\CODEX\Dev-Cpp\TDM-GCC3264\x86_64-w64-mingw32\lib/libmingwex.a(lib64_libmingwex_a-gmisc.o)
                0x000000014001c050                __rshift_D2A
                0x000000014001c150                __trailz_D2A
 .text          0x000000014001c1a0      0xd00 D:\CODEX\Dev-Cpp\TDM-GCC3264\x86_64-w64-mingw32\lib/libmingwex.a(lib64_libmingwex_a-misc.o)
                0x000000014001c2d0                __Balloc_D2A
                0x000000014001c3d0                __Bfree_D2A
                0x000000014001c440                __multadd_D2A
                0x000000014001c4f0                __i2b_D2A
                0x000000014001c5b0                __mult_D2A
                0x000000014001c710                __pow5mult_D2A
                0x000000014001c910                __lshift_D2A
                0x000000014001ca20                __cmp_D2A
                0x000000014001ca70                __diff_D2A
                0x000000014001cc40                __b2d_D2A
                0x000000014001cd60                __d2b_D2A
                0x000000014001ce70                __strcp_D2A
 .text          0x000000014001cea0       0x30 D:\CODEX\Dev-Cpp\TDM-GCC3264\x86_64-w64-mingw32\lib/libmingwex.a(lib64_libmingwex_a-strnlen.o)
                0x000000014001cea0                strnlen
 .text          0x000000014001ced0       0x30 D:\CODEX\Dev-Cpp\TDM-GCC3264\x86_64-w64-mingw32\lib/libmingwex.a(lib64_libmingwex_a-wcsnlen.o)
                0x000000014001ced0                wcsnlen
 .text          0x000000014001cf00        0x8 D:\CODEX\Dev-Cpp\TDM-GCC3264\x86_64-w64-mingw32\lib/libmsvcrt.a(dcfxs01287.o)
                0x000000014001cf00                wcsncpy
 .text          0x000000014001cf08        0x8 D:\CODEX\Dev-Cpp\TDM-GCC3264\x86_64-w64-mingw32\lib/libmsvcrt.a(dcfxs01283.o)
                0x000000014001cf08                wcslen
 .text          0x000000014001cf10        0x8 D:\CODEX\Dev-Cpp\TDM-GCC3264\x86_64-w64-mingw32\lib/libmsvcrt.a(dcfxs01279.o)
                0x000000014001cf10                wcscpy
 .text          0x000000014001cf18        0x8 D:\CODEX\Dev-Cpp\TDM-GCC3264\x86_64-w64-mingw32\lib/libmsvcrt.a(dcfxs01274.o)
                0x000000014001cf18                wcscat
 .text          0x000000014001cf20        0x8 D:\CODEX\Dev-Cpp\TDM-GCC3264\x86_64-w64-mingw32\lib/libmsvcrt.a(dcfxs01258.o)
                0x000000014001cf20                vfprintf
 .text          0x000000014001cf28        0x8 D:\CODEX\Dev-Cpp\TDM-GCC3264\x86_64-w64-mingw32\lib/libmsvcrt.a(dcfxs01222.o)
                0x000000014001cf28                strncmp
 .text          0x000000014001cf30        0x8 D:\CODEX\Dev-Cpp\TDM-GCC3264\x86_64-w64-mingw32\lib/libmsvcrt.a(dcfxs01219.o)
                0x000000014001cf30                strlen
 .text          0x000000014001cf38        0x8 D:\CODEX\Dev-Cpp\TDM-GCC3264\x86_64-w64-mingw32\lib/libmsvcrt.a(dcfxs01217.o)
                0x000000014001cf38                strerror
 .text          0x000000014001cf40        0x8 D:\CODEX\Dev-Cpp\TDM-GCC3264\x86_64-w64-mingw32\lib/libmsvcrt.a(dcfxs01212.o)
                0x000000014001cf40                strcmp
 .text          0x000000014001cf48        0x8 D:\CODEX\Dev-Cpp\TDM-GCC3264\x86_64-w64-mingw32\lib/libmsvcrt.a(dcfxs01196.o)
                0x000000014001cf48                signal
 .text          0x000000014001cf50        0x8 D:\CODEX\Dev-Cpp\TDM-GCC3264\x86_64-w64-mingw32\lib/libmsvcrt.a(dcfxs01187.o)
                0x000000014001cf50                realloc
 .text          0x000000014001cf58        0x8 D:\CODEX\Dev-Cpp\TDM-GCC3264\x86_64-w64-mingw32\lib/libmsvcrt.a(dcfxs01174.o)
                0x000000014001cf58                printf
 .text          0x000000014001cf60        0x8 D:\CODEX\Dev-Cpp\TDM-GCC3264\x86_64-w64-mingw32\lib/libmsvcrt.a(dcfxs01166.o)
                0x000000014001cf60                memset
 .text          0x000000014001cf68        0x8 D:\CODEX\Dev-Cpp\TDM-GCC3264\x86_64-w64-mingw32\lib/libmsvcrt.a(dcfxs01165.o)
                0x000000014001cf68                memmove
 .text          0x000000014001cf70        0x8 D:\CODEX\Dev-Cpp\TDM-GCC3264\x86_64-w64-mingw32\lib/libmsvcrt.a(dcfxs01164.o)
                0x000000014001cf70                memcpy
 .text          0x000000014001cf78        0x8 D:\CODEX\Dev-Cpp\TDM-GCC3264\x86_64-w64-mingw32\lib/libmsvcrt.a(dcfxs01156.o)
                0x000000014001cf78                malloc
 .text          0x000000014001cf80        0x8 D:\CODEX\Dev-Cpp\TDM-GCC3264\x86_64-w64-mingw32\lib/libmsvcrt.a(dcfxs01149.o)
                0x000000014001cf80                localeconv
 .text          0x000000014001cf88        0x8 D:\CODEX\Dev-Cpp\TDM-GCC3264\x86_64-w64-mingw32\lib/libmsvcrt.a(dcfxs01109.o)
                0x000000014001cf88                fwrite
 .text          0x000000014001cf90        0x8 D:\CODEX\Dev-Cpp\TDM-GCC3264\x86_64-w64-mingw32\lib/libmsvcrt.a(dcfxs01106.o)
                0x000000014001cf90                __ms_fwprintf
 .text          0x000000014001cf98        0x8 D:\CODEX\Dev-Cpp\TDM-GCC3264\x86_64-w64-mingw32\lib/libmsvcrt.a(dcfxs01097.o)
                0x000000014001cf98                free
 .text          0x000000014001cfa0        0x8 D:\CODEX\Dev-Cpp\TDM-GCC3264\x86_64-w64-mingw32\lib/libmsvcrt.a(dcfxs01094.o)
                0x000000014001cfa0                fputwc
 .text          0x000000014001cfa8        0x8 D:\CODEX\Dev-Cpp\TDM-GCC3264\x86_64-w64-mingw32\lib/libmsvcrt.a(dcfxs01093.o)
                0x000000014001cfa8                fputs
 .text          0x000000014001cfb0        0x8 D:\CODEX\Dev-Cpp\TDM-GCC3264\x86_64-w64-mingw32\lib/libmsvcrt.a(dcfxs01092.o)
                0x000000014001cfb0                fputc
 .text          0x000000014001cfb8        0x8 D:\CODEX\Dev-Cpp\TDM-GCC3264\x86_64-w64-mingw32\lib/libmsvcrt.a(dcfxs01090.o)
                0x000000014001cfb8                fprintf
 .text          0x000000014001cfc0        0x8 D:\CODEX\Dev-Cpp\TDM-GCC3264\x86_64-w64-mingw32\lib/libmsvcrt.a(dcfxs01068.o)
                0x000000014001cfc0                exit
 .text          0x000000014001cfc8        0x8 D:\CODEX\Dev-Cpp\TDM-GCC3264\x86_64-w64-mingw32\lib/libmsvcrt.a(dcfxs01054.o)
                0x000000014001cfc8                calloc
 .text          0x000000014001cfd0        0x8 D:\CODEX\Dev-Cpp\TDM-GCC3264\x86_64-w64-mingw32\lib/libmsvcrt.a(dcfxs01037.o)
                0x000000014001cfd0                abort
 .text          0x000000014001cfd8        0x8 D:\CODEX\Dev-Cpp\TDM-GCC3264\x86_64-w64-mingw32\lib/libmsvcrt.a(dcfxs00991.o)
                0x000000014001cfd8                write
 .text          0x000000014001cfe0        0x8 D:\CODEX\Dev-Cpp\TDM-GCC3264\x86_64-w64-mingw32\lib/libmsvcrt.a(dcfxs00734.o)
                0x000000014001cfe0                strdup
 .text          0x000000014001cfe8        0x8 D:\CODEX\Dev-Cpp\TDM-GCC3264\x86_64-w64-mingw32\lib/libmsvcrt.a(dcfxs00672.o)
                0x000000014001cfe8                _setjmp
 .text          0x000000014001cff0        0x8 D:\CODEX\Dev-Cpp\TDM-GCC3264\x86_64-w64-mingw32\lib/libmsvcrt.a(dcfxs00615.o)
                0x000000014001cff0                _onexit
 .text          0x000000014001cff8        0x8 D:\CODEX\Dev-Cpp\TDM-GCC3264\x86_64-w64-mingw32\lib/libmsvcrt.a(dcfxs00602.o)
                0x000000014001cff8                memccpy
 .text          0x000000014001d000        0x8 D:\CODEX\Dev-Cpp\TDM-GCC3264\x86_64-w64-mingw32\lib/libmsvcrt.a(dcfxs00332.o)
                0x000000014001d000                _initterm
 .text          0x000000014001d008        0x8 D:\CODEX\Dev-Cpp\TDM-GCC3264\x86_64-w64-mingw32\lib/libmsvcrt.a(dcfxs00204.o)
                0x000000014001d008                _errno
 .text          0x000000014001d010        0x8 D:\CODEX\Dev-Cpp\TDM-GCC3264\x86_64-w64-mingw32\lib/libmsvcrt.a(dcfxs00141.o)
                0x000000014001d010                _cexit
 .text          0x000000014001d018        0x8 D:\CODEX\Dev-Cpp\TDM-GCC3264\x86_64-w64-mingw32\lib/libmsvcrt.a(dcfxs00123.o)
                0x000000014001d018                _amsg_exit
 .text          0x000000014001d020        0x8 D:\CODEX\Dev-Cpp\TDM-GCC3264\x86_64-w64-mingw32\lib/libmsvcrt.a(dcfxs00099.o)
                0x000000014001d020                __setusermatherr
 .text          0x000000014001d028        0x8 D:\CODEX\Dev-Cpp\TDM-GCC3264\x86_64-w64-mingw32\lib/libmsvcrt.a(dcfxs00097.o)
                0x000000014001d028                __set_app_type
 .text          0x000000014001d030        0x8 D:\CODEX\Dev-Cpp\TDM-GCC3264\x86_64-w64-mingw32\lib/libmsvcrt.a(dcfxs00081.o)
                0x000000014001d030                __getmainargs
 *fill*         0x000000014001d038        0x8 
 .text          0x000000014001d040      0x360 D:\CODEX\Dev-Cpp\TDM-GCC3264\x86_64-w64-mingw32\lib/libmsvcrt.a(lib64_libmsvcrt_os_a-mbrtowc.o)
                0x000000014001d1c0                mbrtowc
                0x000000014001d230                mbsrtowcs
                0x000000014001d340                mbrlen
 .text          0x000000014001d3a0      0x1e0 D:\CODEX\Dev-Cpp\TDM-GCC3264\x86_64-w64-mingw32\lib/libmsvcrt.a(lib64_libmsvcrt_os_a-wcrtomb.o)
                0x000000014001d430                wcrtomb
                0x000000014001d480                wcsrtombs
 .text          0x000000014001d580       0x20 D:\CODEX\Dev-Cpp\TDM-GCC3264\x86_64-w64-mingw32\lib/libmsvcrt.a(lib64_libmsvcrt_os_a-acrt_iob_func.o)
                0x000000014001d580                __acrt_iob_func
 .text          0x000000014001d5a0       0x20 D:\CODEX\Dev-Cpp\TDM-GCC3264\x86_64-w64-mingw32\lib/libmsvcrt.a(lib64_libmsvcrt_os_a-invalid_parameter_handler.o)
                0x000000014001d5a0                _get_invalid_parameter_handler
                0x000000014001d5b0                _set_invalid_parameter_handler
 .text          0x000000014001d5c0       0xd0 D:\CODEX\Dev-Cpp\TDM-GCC3264\x86_64-w64-mingw32\lib/libmsvcrt.a(lib64_libmsvcrt_os_a-mingw_lock.o)
                0x000000014001d5c0                _lock_file
                0x000000014001d630                _unlock_file
 .text          0x000000014001d690       0x10 D:\CODEX\Dev-Cpp\TDM-GCC3264\x86_64-w64-mingw32\lib/libmsvcrt.a(lib64_libmsvcrt_os_a-__p__acmdln.o)
                0x000000014001d690                __p__acmdln
 .text          0x000000014001d6a0       0x10 D:\CODEX\Dev-Cpp\TDM-GCC3264\x86_64-w64-mingw32\lib/libmsvcrt.a(lib64_libmsvcrt_os_a-__p__commode.o)
                0x000000014001d6a0                __p__commode
 .text          0x000000014001d6b0       0x10 D:\CODEX\Dev-Cpp\TDM-GCC3264\x86_64-w64-mingw32\lib/libmsvcrt.a(lib64_libmsvcrt_os_a-__p__fmode.o)
                0x000000014001d6b0                __p__fmode
 .text          0x000000014001d6c0        0x8 D:\CODEX\Dev-Cpp\TDM-GCC3264\x86_64-w64-mingw32\lib/libmsvcrt.a(dcfxs00821.o)
                0x000000014001d6c0                _unlock
 .text          0x000000014001d6c8        0x8 D:\CODEX\Dev-Cpp\TDM-GCC3264\x86_64-w64-mingw32\lib/libmsvcrt.a(dcfxs00443.o)
                0x000000014001d6c8                _lock
 .text          0x000000014001d6d0        0x8 D:\CODEX\Dev-Cpp\TDM-GCC3264\x86_64-w64-mingw32\lib/libmsvcrt.a(dcfxs00083.o)
                0x000000014001d6d0                __iob_func
 .text          0x000000014001d6d8        0x8 D:\CODEX\Dev-Cpp\TDM-GCC3264\x86_64-w64-mingw32\lib/libmsvcrt.a(dcfxs00066.o)
                0x000000014001d6d8                ___mb_cur_max_func
 .text          0x000000014001d6e0        0x8 D:\CODEX\Dev-Cpp\TDM-GCC3264\x86_64-w64-mingw32\lib/libmsvcrt.a(dcfxs00063.o)
                0x000000014001d6e0                ___lc_codepage_func
 *(SORT_BY_NAME(.text$*))
 *fill*         0x000000014001d6e8        0x8 
 .text$_ZGTtNKSt13bad_exceptionD1Ev
                0x000000014001d6f0       0x10 D:/CODEX/Dev-Cpp/TDM-GCC3264/bin/../lib/gcc/x86_64-w64-mingw32/10.3.0\libstdc++.a(eh_exception.o)
                0x000000014001d6f0                transaction clone for std::bad_exception::~bad_exception() const
 .text$_ZGTtNKSt9exceptionD1Ev
                0x000000014001d700       0x10 D:/CODEX/Dev-Cpp/TDM-GCC3264/bin/../lib/gcc/x86_64-w64-mingw32/10.3.0\libstdc++.a(eh_exception.o)
                0x000000014001d700                transaction clone for std::exception::~exception() const
 .text$_ZL15eh_globals_dtorPv
                0x000000014001d710       0x50 D:/CODEX/Dev-Cpp/TDM-GCC3264/bin/../lib/gcc/x86_64-w64-mingw32/10.3.0\libstdc++.a(eh_globals.o)
 .text$_ZL16get_adjusted_ptrPKSt9type_infoS1_PPv
                0x000000014001d760       0x70 D:/CODEX/Dev-Cpp/TDM-GCC3264/bin/../lib/gcc/x86_64-w64-mingw32/10.3.0\libstdc++.a(eh_personality.o)
 .text$_ZL17parse_lsda_headerP15_Unwind_ContextPKhP16lsda_header_info
                0x000000014001d7d0      0x110 D:/CODEX/Dev-Cpp/TDM-GCC3264/bin/../lib/gcc/x86_64-w64-mingw32/10.3.0\libstdc++.a(eh_personality.o)
 .text$_ZL20check_exception_specP16lsda_header_infoPKSt9type_infoPvx
                0x000000014001d8e0      0x110 D:/CODEX/Dev-Cpp/TDM-GCC3264/bin/../lib/gcc/x86_64-w64-mingw32/10.3.0\libstdc++.a(eh_personality.o)
 .text$_ZL21base_of_encoded_valuehP15_Unwind_Context
                0x000000014001d9f0       0x70 D:/CODEX/Dev-Cpp/TDM-GCC3264/bin/../lib/gcc/x86_64-w64-mingw32/10.3.0\libstdc++.a(eh_personality.o)
 .text$_ZL23__gxx_exception_cleanup19_Unwind_Reason_CodeP17_Unwind_Exception
                0x000000014001da60       0x50 D:/CODEX/Dev-Cpp/TDM-GCC3264/bin/../lib/gcc/x86_64-w64-mingw32/10.3.0\libstdc++.a(eh_throw.o)
 .text$_ZL28read_encoded_value_with_basehyPKhPy
                0x000000014001dab0      0x160 D:/CODEX/Dev-Cpp/TDM-GCC3264/bin/../lib/gcc/x86_64-w64-mingw32/10.3.0\libstdc++.a(eh_personality.o)
 .text$_ZN10__cxxabiv111__terminateEPFvvE
                0x000000014001dc10       0x40 D:/CODEX/Dev-Cpp/TDM-GCC3264/bin/../lib/gcc/x86_64-w64-mingw32/10.3.0\libstdc++.a(eh_terminate.o)
                0x000000014001dc10                __cxxabiv1::__terminate(void (*)())
 .text$_ZN10__cxxabiv112__unexpectedEPFvvE
                0x000000014001dc50       0x10 D:/CODEX/Dev-Cpp/TDM-GCC3264/bin/../lib/gcc/x86_64-w64-mingw32/10.3.0\libstdc++.a(eh_terminate.o)
                0x000000014001dc50                __cxxabiv1::__unexpected(void (*)())
 .text$_ZN10__cxxabiv115__forced_unwindD0Ev
                0x000000014001dc60       0x10 D:/CODEX/Dev-Cpp/TDM-GCC3264/bin/../lib/gcc/x86_64-w64-mingw32/10.3.0\libstdc++.a(eh_exception.o)
                0x000000014001dc60                __cxxabiv1::__forced_unwind::~__forced_unwind()
 .text$_ZN10__cxxabiv115__forced_unwindD2Ev
                0x000000014001dc70       0x10 D:/CODEX/Dev-Cpp/TDM-GCC3264/bin/../lib/gcc/x86_64-w64-mingw32/10.3.0\libstdc++.a(eh_exception.o)
                0x000000014001dc70                __cxxabiv1::__forced_unwind::~__forced_unwind()
                0x000000014001dc70                __cxxabiv1::__forced_unwind::~__forced_unwind()
 .text$_ZN10__cxxabiv117__class_type_infoD0Ev
                0x000000014001dc80       0x30 D:/CODEX/Dev-Cpp/TDM-GCC3264/bin/../lib/gcc/x86_64-w64-mingw32/10.3.0\libstdc++.a(class_type_info.o)
                0x000000014001dc80                __cxxabiv1::__class_type_info::~__class_type_info()
 .text$_ZN10__cxxabiv117__class_type_infoD2Ev
                0x000000014001dcb0       0x10 D:/CODEX/Dev-Cpp/TDM-GCC3264/bin/../lib/gcc/x86_64-w64-mingw32/10.3.0\libstdc++.a(class_type_info.o)
                0x000000014001dcb0                __cxxabiv1::__class_type_info::~__class_type_info()
                0x000000014001dcb0                __cxxabiv1::__class_type_info::~__class_type_info()
 .text$_ZN10__cxxabiv119__foreign_exceptionD0Ev
                0x000000014001dcc0       0x10 D:/CODEX/Dev-Cpp/TDM-GCC3264/bin/../lib/gcc/x86_64-w64-mingw32/10.3.0\libstdc++.a(eh_exception.o)
                0x000000014001dcc0                __cxxabiv1::__foreign_exception::~__foreign_exception()
 .text$_ZN10__cxxabiv119__foreign_exceptionD2Ev
                0x000000014001dcd0       0x10 D:/CODEX/Dev-Cpp/TDM-GCC3264/bin/../lib/gcc/x86_64-w64-mingw32/10.3.0\libstdc++.a(eh_exception.o)
                0x000000014001dcd0                __cxxabiv1::__foreign_exception::~__foreign_exception()
                0x000000014001dcd0                __cxxabiv1::__foreign_exception::~__foreign_exception()
 .text$_ZN10__cxxabiv120__si_class_type_infoD0Ev
                0x000000014001dce0       0x30 D:/CODEX/Dev-Cpp/TDM-GCC3264/bin/../lib/gcc/x86_64-w64-mingw32/10.3.0\libstdc++.a(si_class_type_info.o)
                0x000000014001dce0                __cxxabiv1::__si_class_type_info::~__si_class_type_info()
 .text$_ZN10__cxxabiv120__si_class_type_infoD2Ev
                0x000000014001dd10       0x10 D:/CODEX/Dev-Cpp/TDM-GCC3264/bin/../lib/gcc/x86_64-w64-mingw32/10.3.0\libstdc++.a(si_class_type_info.o)
                0x000000014001dd10                __cxxabiv1::__si_class_type_info::~__si_class_type_info()
                0x000000014001dd10                __cxxabiv1::__si_class_type_info::~__si_class_type_info()
 .text$_ZN10__cxxabiv1L21__gxx_personality_impEiiyP17_Unwind_ExceptionP15_Unwind_Context
                0x000000014001dd20      0x690 D:/CODEX/Dev-Cpp/TDM-GCC3264/bin/../lib/gcc/x86_64-w64-mingw32/10.3.0\libstdc++.a(eh_personality.o)
 .text$_ZN12_GLOBAL__N_14pool4freeEPv.constprop.0
                0x000000014001e3b0      0x150 D:/CODEX/Dev-Cpp/TDM-GCC3264/bin/../lib/gcc/x86_64-w64-mingw32/10.3.0\libstdc++.a(eh_alloc.o)
 .text$_ZN12_GLOBAL__N_14pool8allocateEy.constprop.0
                0x000000014001e500      0x100 D:/CODEX/Dev-Cpp/TDM-GCC3264/bin/../lib/gcc/x86_64-w64-mingw32/10.3.0\libstdc++.a(eh_alloc.o)
 .text$_ZN4ROPE10__add_nodeEP9ROPE_NODE
                0x000000014001e600      0x130 C:\Users\ARABBI~1\AppData\Local\Temp\test.exe.TgCZLI.ltrans0.ltrans.o
 .text$_ZN4ROPE14__traverse_strEPwPyP9ROPE_NODE
                0x000000014001e730       0xc0 C:\Users\ARABBI~1\AppData\Local\Temp\test.exe.TgCZLI.ltrans0.ltrans.o
 .text$_ZN4ROPE6appendEPKw
                0x000000014001e7f0       0x80 C:\Users\ARABBI~1\AppData\Local\Temp\test.exe.TgCZLI.ltrans0.ltrans.o
 .text$_ZN4ROPE6insertEyPKw
                0x000000014001e870      0x1f0 C:\Users\ARABBI~1\AppData\Local\Temp\test.exe.TgCZLI.ltrans0.ltrans.o
 .text$_ZN4ROPE7get_strEPw
                0x000000014001ea60       0x40 C:\Users\ARABBI~1\AppData\Local\Temp\test.exe.TgCZLI.ltrans0.ltrans.o
 .text$_ZN4ROPE8__concatEP9ROPE_NODES1_
                0x000000014001eaa0       0xa0 C:\Users\ARABBI~1\AppData\Local\Temp\test.exe.TgCZLI.ltrans0.ltrans.o
 .text$_ZN4ROPE8__weightEP9ROPE_NODE
                0x000000014001eb40       0x30 C:\Users\ARABBI~1\AppData\Local\Temp\test.exe.TgCZLI.ltrans0.ltrans.o
 .text$_ZN4ROPE8get_charEy
                0x000000014001eb70       0x90 C:\Users\ARABBI~1\AppData\Local\Temp\test.exe.TgCZLI.ltrans0.ltrans.o
 .text$_ZN4ROPEC1EPKw
                0x000000014001ec00       0xa0 C:\Users\ARABBI~1\AppData\Local\Temp\test.exe.TgCZLI.ltrans0.ltrans.o
 .text$_ZN4ROPED1Ev
                0x000000014001eca0       0xd0 C:\Users\ARABBI~1\AppData\Local\Temp\test.exe.TgCZLI.ltrans0.ltrans.o
 .text$_ZN8AUTO_STR19__get_expanded_sizeEyPb
                0x000000014001ed70       0xf0 C:\Users\ARABBI~1\AppData\Local\Temp\test.exe.TgCZLI.ltrans0.ltrans.o
 .text$_ZN8AUTO_STRC1EPKvb
                0x000000014001ee60      0x130 C:\Users\ARABBI~1\AppData\Local\Temp\test.exe.TgCZLI.ltrans0.ltrans.o
 .text$_ZN8AUTO_STRD1Ev
                0x000000014001ef90       0x40 C:\Users\ARABBI~1\AppData\Local\Temp\test.exe.TgCZLI.ltrans0.ltrans.o
 .text$_ZN9ROPE_NODEC1EPKvb
                0x000000014001efd0       0xa0 C:\Users\ARABBI~1\AppData\Local\Temp\test.exe.TgCZLI.ltrans0.ltrans.o
 .text$_ZN9ROPE_NODED1Ev
                0x000000014001f070       0x50 C:\Users\ARABBI~1\AppData\Local\Temp\test.exe.TgCZLI.ltrans0.ltrans.o
 .text$_ZN9__gnu_cxx24__concurrence_lock_errorD0Ev
                0x000000014001f0c0       0x30 D:/CODEX/Dev-Cpp/TDM-GCC3264/bin/../lib/gcc/x86_64-w64-mingw32/10.3.0\libstdc++.a(eh_alloc.o)
                0x000000014001f0c0                __gnu_cxx::__concurrence_lock_error::~__concurrence_lock_error()
 .text$_ZN9__gnu_cxx24__concurrence_lock_errorD1Ev
                0x000000014001f0f0       0x10 D:/CODEX/Dev-Cpp/TDM-GCC3264/bin/../lib/gcc/x86_64-w64-mingw32/10.3.0\libstdc++.a(eh_alloc.o)
                0x000000014001f0f0                __gnu_cxx::__concurrence_lock_error::~__concurrence_lock_error()
 .text$_ZN9__gnu_cxx26__concurrence_unlock_errorD0Ev
                0x000000014001f100       0x30 D:/CODEX/Dev-Cpp/TDM-GCC3264/bin/../lib/gcc/x86_64-w64-mingw32/10.3.0\libstdc++.a(eh_alloc.o)
                0x000000014001f100                __gnu_cxx::__concurrence_unlock_error::~__concurrence_unlock_error()
 .text$_ZN9__gnu_cxx26__concurrence_unlock_errorD1Ev
                0x000000014001f130       0x10 D:/CODEX/Dev-Cpp/TDM-GCC3264/bin/../lib/gcc/x86_64-w64-mingw32/10.3.0\libstdc++.a(eh_alloc.o)
                0x000000014001f130                __gnu_cxx::__concurrence_unlock_error::~__concurrence_unlock_error()
 .text$_ZN9__gnu_cxx27__verbose_terminate_handlerEv
                0x000000014001f140      0x1c0 D:/CODEX/Dev-Cpp/TDM-GCC3264/bin/../lib/gcc/x86_64-w64-mingw32/10.3.0\libstdc++.a(vterminate.o)
                0x000000014001f140                __gnu_cxx::__verbose_terminate_handler()
 .text$_ZN9__gnu_cxx30__throw_concurrence_lock_errorEv
                0x000000014001f300       0x30 D:/CODEX/Dev-Cpp/TDM-GCC3264/bin/../lib/gcc/x86_64-w64-mingw32/10.3.0\libstdc++.a(eh_alloc.o)
                0x000000014001f300                __gnu_cxx::__throw_concurrence_lock_error()
 .text$_ZN9__gnu_cxx9__freeresEv
                0x000000014001f330       0x30 D:/CODEX/Dev-Cpp/TDM-GCC3264/bin/../lib/gcc/x86_64-w64-mingw32/10.3.0\libstdc++.a(eh_alloc.o)
                0x000000014001f330                __gnu_cxx::__freeres()
 .text$_ZNK10__cxxabiv117__class_type_info10__do_catchEPKSt9type_infoPPvj
                0x000000014001f360       0x60 D:/CODEX/Dev-Cpp/TDM-GCC3264/bin/../lib/gcc/x86_64-w64-mingw32/10.3.0\libstdc++.a(class_type_info.o)
                0x000000014001f360                __cxxabiv1::__class_type_info::__do_catch(std::type_info const*, void**, unsigned int) const
 .text$_ZNK10__cxxabiv117__class_type_info11__do_upcastEPKS0_PKvRNS0_15__upcast_resultE
                0x000000014001f3c0       0x30 D:/CODEX/Dev-Cpp/TDM-GCC3264/bin/../lib/gcc/x86_64-w64-mingw32/10.3.0\libstdc++.a(class_type_info.o)
                0x000000014001f3c0                __cxxabiv1::__class_type_info::__do_upcast(__cxxabiv1::__class_type_info const*, void const*, __cxxabiv1::__class_type_info::__upcast_result&) const
 .text$_ZNK10__cxxabiv117__class_type_info11__do_upcastEPKS0_PPv
                0x000000014001f3f0       0x60 D:/CODEX/Dev-Cpp/TDM-GCC3264/bin/../lib/gcc/x86_64-w64-mingw32/10.3.0\libstdc++.a(class_type_info.o)
                0x000000014001f3f0                __cxxabiv1::__class_type_info::__do_upcast(__cxxabiv1::__class_type_info const*, void**) const
 .text$_ZNK10__cxxabiv117__class_type_info12__do_dyncastExNS0_10__sub_kindEPKS0_PKvS3_S5_RNS0_16__dyncast_resultE
                0x000000014001f450       0x80 D:/CODEX/Dev-Cpp/TDM-GCC3264/bin/../lib/gcc/x86_64-w64-mingw32/10.3.0\libstdc++.a(class_type_info.o)
                0x000000014001f450                __cxxabiv1::__class_type_info::__do_dyncast(long long, __cxxabiv1::__class_type_info::__sub_kind, __cxxabiv1::__class_type_info const*, void const*, __cxxabiv1::__class_type_info const*, void const*, __cxxabiv1::__class_type_info::__dyncast_result&) const
 .text$_ZNK10__cxxabiv117__class_type_info20__do_find_public_srcExPKvPKS0_S2_
                0x000000014001f4d0       0x10 D:/CODEX/Dev-Cpp/TDM-GCC3264/bin/../lib/gcc/x86_64-w64-mingw32/10.3.0\libstdc++.a(class_type_info.o)
                0x000000014001f4d0                __cxxabiv1::__class_type_info::__do_find_public_src(long long, void const*, __cxxabiv1::__class_type_info const*, void const*) const
 .text$_ZNK10__cxxabiv120__si_class_type_info11__do_upcastEPKNS_17__class_type_infoEPKvRNS1_15__upcast_resultE
                0x000000014001f4e0       0x50 D:/CODEX/Dev-Cpp/TDM-GCC3264/bin/../lib/gcc/x86_64-w64-mingw32/10.3.0\libstdc++.a(si_class_type_info.o)
                0x000000014001f4e0                __cxxabiv1::__si_class_type_info::__do_upcast(__cxxabiv1::__class_type_info const*, void const*, __cxxabiv1::__class_type_info::__upcast_result&) const
 .text$_ZNK10__cxxabiv120__si_class_type_info12__do_dyncastExNS_17__class_type_info10__sub_kindEPKS1_PKvS4_S6_RNS1_16__dyncast_resultE
                0x000000014001f530      0x110 D:/CODEX/Dev-Cpp/TDM-GCC3264/bin/../lib/gcc/x86_64-w64-mingw32/10.3.0\libstdc++.a(si_class_type_info.o)
                0x000000014001f530                __cxxabiv1::__si_class_type_info::__do_dyncast(long long, __cxxabiv1::__class_type_info::__sub_kind, __cxxabiv1::__class_type_info const*, void const*, __cxxabiv1::__class_type_info const*, void const*, __cxxabiv1::__class_type_info::__dyncast_result&) const
 .text$_ZNK10__cxxabiv120__si_class_type_info20__do_find_public_srcExPKvPKNS_17__class_type_infoES2_
                0x000000014001f640       0x70 D:/CODEX/Dev-Cpp/TDM-GCC3264/bin/../lib/gcc/x86_64-w64-mingw32/10.3.0\libstdc++.a(si_class_type_info.o)
                0x000000014001f640                __cxxabiv1::__si_class_type_info::__do_find_public_src(long long, void const*, __cxxabiv1::__class_type_info const*, void const*) const
 .text$_ZNK9__gnu_cxx24__concurrence_lock_error4whatEv
                0x000000014001f6b0       0x10 D:/CODEX/Dev-Cpp/TDM-GCC3264/bin/../lib/gcc/x86_64-w64-mingw32/10.3.0\libstdc++.a(eh_alloc.o)
                0x000000014001f6b0                __gnu_cxx::__concurrence_lock_error::what() const
 .text$_ZNK9__gnu_cxx26__concurrence_unlock_error4whatEv
                0x000000014001f6c0       0x10 D:/CODEX/Dev-Cpp/TDM-GCC3264/bin/../lib/gcc/x86_64-w64-mingw32/10.3.0\libstdc++.a(eh_alloc.o)
                0x000000014001f6c0                __gnu_cxx::__concurrence_unlock_error::what() const
 .text$_ZNKSt13bad_exception4whatEv
                0x000000014001f6d0       0x10 D:/CODEX/Dev-Cpp/TDM-GCC3264/bin/../lib/gcc/x86_64-w64-mingw32/10.3.0\libstdc++.a(eh_exception.o)
                0x000000014001f6d0                std::bad_exception::what() const
                0x000000014001f6d0                transaction clone for std::bad_exception::what() const
 .text$_ZNKSt9bad_alloc4whatEv
                0x000000014001f6e0       0x10 D:/CODEX/Dev-Cpp/TDM-GCC3264/bin/../lib/gcc/x86_64-w64-mingw32/10.3.0\libstdc++.a(bad_alloc.o)
                0x000000014001f6e0                std::bad_alloc::what() const
 .text$_ZNKSt9exception4whatEv
                0x000000014001f6f0       0x10 D:/CODEX/Dev-Cpp/TDM-GCC3264/bin/../lib/gcc/x86_64-w64-mingw32/10.3.0\libstdc++.a(eh_exception.o)
                0x000000014001f6f0                std::exception::what() const
                0x000000014001f6f0                transaction clone for std::exception::what() const
 .text$_ZNKSt9type_info10__do_catchEPKS_PPvj
                0x000000014001f700       0x40 D:/CODEX/Dev-Cpp/TDM-GCC3264/bin/../lib/gcc/x86_64-w64-mingw32/10.3.0\libstdc++.a(tinfo.o)
                0x000000014001f700                std::type_info::__do_catch(std::type_info const*, void**, unsigned int) const
 .text$_ZNKSt9type_info11__do_upcastEPKN10__cxxabiv117__class_type_infoEPPv
                0x000000014001f740       0x10 D:/CODEX/Dev-Cpp/TDM-GCC3264/bin/../lib/gcc/x86_64-w64-mingw32/10.3.0\libstdc++.a(tinfo.o)
                0x000000014001f740                std::type_info::__do_upcast(__cxxabiv1::__class_type_info const*, void**) const
 .text$_ZNKSt9type_info14__is_pointer_pEv
                0x000000014001f750       0x10 D:/CODEX/Dev-Cpp/TDM-GCC3264/bin/../lib/gcc/x86_64-w64-mingw32/10.3.0\libstdc++.a(tinfo.o)
                0x000000014001f750                std::type_info::__is_pointer_p() const
                0x000000014001f750                std::type_info::__is_function_p() const
 .text$_ZNKSt9type_infoeqERKS_
                0x000000014001f760       0x40 D:/CODEX/Dev-Cpp/TDM-GCC3264/bin/../lib/gcc/x86_64-w64-mingw32/10.3.0\libstdc++.a(tinfo.o)
                0x000000014001f760                std::type_info::operator==(std::type_info const&) const
 .text$_ZNSt13bad_exceptionD0Ev
                0x000000014001f7a0       0x10 D:/CODEX/Dev-Cpp/TDM-GCC3264/bin/../lib/gcc/x86_64-w64-mingw32/10.3.0\libstdc++.a(eh_exception.o)
                0x000000014001f7a0                std::bad_exception::~bad_exception()
 .text$_ZNSt13bad_exceptionD2Ev
                0x000000014001f7b0       0x10 D:/CODEX/Dev-Cpp/TDM-GCC3264/bin/../lib/gcc/x86_64-w64-mingw32/10.3.0\libstdc++.a(eh_exception.o)
                0x000000014001f7b0                std::bad_exception::~bad_exception()
                0x000000014001f7b0                std::bad_exception::~bad_exception()
 .text$_ZNSt9bad_allocD0Ev
                0x000000014001f7c0       0x30 D:/CODEX/Dev-Cpp/TDM-GCC3264/bin/../lib/gcc/x86_64-w64-mingw32/10.3.0\libstdc++.a(bad_alloc.o)
                0x000000014001f7c0                std::bad_alloc::~bad_alloc()
 .text$_ZNSt9bad_allocD2Ev
                0x000000014001f7f0       0x10 D:/CODEX/Dev-Cpp/TDM-GCC3264/bin/../lib/gcc/x86_64-w64-mingw32/10.3.0\libstdc++.a(bad_alloc.o)
                0x000000014001f7f0                std::bad_alloc::~bad_alloc()
                0x000000014001f7f0                std::bad_alloc::~bad_alloc()
 .text$_ZNSt9exceptionD0Ev
                0x000000014001f800       0x10 D:/CODEX/Dev-Cpp/TDM-GCC3264/bin/../lib/gcc/x86_64-w64-mingw32/10.3.0\libstdc++.a(eh_exception.o)
                0x000000014001f800                std::exception::~exception()
 .text$_ZNSt9exceptionD2Ev
                0x000000014001f810       0x10 D:/CODEX/Dev-Cpp/TDM-GCC3264/bin/../lib/gcc/x86_64-w64-mingw32/10.3.0\libstdc++.a(eh_exception.o)
                0x000000014001f810                std::exception::~exception()
                0x000000014001f810                std::exception::~exception()
 .text$_ZNSt9type_infoD0Ev
                0x000000014001f820       0x10 D:/CODEX/Dev-Cpp/TDM-GCC3264/bin/../lib/gcc/x86_64-w64-mingw32/10.3.0\libstdc++.a(tinfo.o)
                0x000000014001f820                std::type_info::~type_info()
 .text$_ZNSt9type_infoD2Ev
                0x000000014001f830       0x10 D:/CODEX/Dev-Cpp/TDM-GCC3264/bin/../lib/gcc/x86_64-w64-mingw32/10.3.0\libstdc++.a(tinfo.o)
                0x000000014001f830                std::type_info::~type_info()
                0x000000014001f830                std::type_info::~type_info()
 .text$_ZSt10unexpectedv
                0x000000014001f840       0x20 D:/CODEX/Dev-Cpp/TDM-GCC3264/bin/../lib/gcc/x86_64-w64-mingw32/10.3.0\libstdc++.a(eh_terminate.o)
                0x000000014001f840                std::unexpected()
 .text$_ZSt13get_terminatev
                0x000000014001f860       0x60 D:/CODEX/Dev-Cpp/TDM-GCC3264/bin/../lib/gcc/x86_64-w64-mingw32/10.3.0\libstdc++.a(eh_terminate.o)
                0x000000014001f860                std::get_terminate()
 .text$_ZSt13set_terminatePFvvE
                0x000000014001f8c0       0x80 D:/CODEX/Dev-Cpp/TDM-GCC3264/bin/../lib/gcc/x86_64-w64-mingw32/10.3.0\libstdc++.a(eh_terminate.o)
                0x000000014001f8c0                std::set_terminate(void (*)())
 .text$_ZSt14get_unexpectedv
                0x000000014001f940       0x60 D:/CODEX/Dev-Cpp/TDM-GCC3264/bin/../lib/gcc/x86_64-w64-mingw32/10.3.0\libstdc++.a(eh_terminate.o)
                0x000000014001f940                std::get_unexpected()
 .text$_ZSt14set_unexpectedPFvvE
                0x000000014001f9a0       0x90 D:/CODEX/Dev-Cpp/TDM-GCC3264/bin/../lib/gcc/x86_64-w64-mingw32/10.3.0\libstdc++.a(eh_terminate.o)
                0x000000014001f9a0                std::set_unexpected(void (*)())
 .text$_ZSt15get_new_handlerv
                0x000000014001fa30       0x10 D:/CODEX/Dev-Cpp/TDM-GCC3264/bin/../lib/gcc/x86_64-w64-mingw32/10.3.0\libstdc++.a(new_handler.o)
                0x000000014001fa30                std::get_new_handler()
 .text$_ZSt15set_new_handlerPFvvE
                0x000000014001fa40       0x10 D:/CODEX/Dev-Cpp/TDM-GCC3264/bin/../lib/gcc/x86_64-w64-mingw32/10.3.0\libstdc++.a(new_handler.o)
                0x000000014001fa40                std::set_new_handler(void (*)())
 .text$_ZSt18uncaught_exceptionv
                0x000000014001fa50       0x20 D:/CODEX/Dev-Cpp/TDM-GCC3264/bin/../lib/gcc/x86_64-w64-mingw32/10.3.0\libstdc++.a(eh_catch.o)
                0x000000014001fa50                std::uncaught_exception()
 .text$_ZSt19uncaught_exceptionsv
                0x000000014001fa70       0x20 D:/CODEX/Dev-Cpp/TDM-GCC3264/bin/../lib/gcc/x86_64-w64-mingw32/10.3.0\libstdc++.a(eh_catch.o)
                0x000000014001fa70                std::uncaught_exceptions()
 .text$_ZSt9terminatev
                0x000000014001fa90       0x20 D:/CODEX/Dev-Cpp/TDM-GCC3264/bin/../lib/gcc/x86_64-w64-mingw32/10.3.0\libstdc++.a(eh_terminate.o)
                0x000000014001fa90                std::terminate()
 .text$_ZdaPv   0x000000014001fab0       0x10 D:/CODEX/Dev-Cpp/TDM-GCC3264/bin/../lib/gcc/x86_64-w64-mingw32/10.3.0\libstdc++.a(del_opv.o)
                0x000000014001fab0                operator delete[](void*)
 .text$_ZdlPv   0x000000014001fac0       0x10 D:/CODEX/Dev-Cpp/TDM-GCC3264/bin/../lib/gcc/x86_64-w64-mingw32/10.3.0\libstdc++.a(del_op.o)
                0x000000014001fac0                operator delete(void*)
 .text$_ZdlPvy  0x000000014001fad0       0x10 D:/CODEX/Dev-Cpp/TDM-GCC3264/bin/../lib/gcc/x86_64-w64-mingw32/10.3.0\libstdc++.a(del_ops.o)
                0x000000014001fad0                operator delete(void*, unsigned long long)
 .text$_Znay    0x000000014001fae0       0x10 D:/CODEX/Dev-Cpp/TDM-GCC3264/bin/../lib/gcc/x86_64-w64-mingw32/10.3.0\libstdc++.a(new_opv.o)
                0x000000014001fae0                operator new[](unsigned long long)
 .text$_Znwy    0x000000014001faf0       0x70 D:/CODEX/Dev-Cpp/TDM-GCC3264/bin/../lib/gcc/x86_64-w64-mingw32/10.3.0\libstdc++.a(new_op.o)
                0x000000014001faf0                operator new(unsigned long long)
 .text$__cxa_allocate_dependent_exception
                0x000000014001fb60       0x70 D:/CODEX/Dev-Cpp/TDM-GCC3264/bin/../lib/gcc/x86_64-w64-mingw32/10.3.0\libstdc++.a(eh_alloc.o)
                0x000000014001fb60                __cxa_allocate_dependent_exception
 .text$__cxa_allocate_exception
                0x000000014001fbd0       0x70 D:/CODEX/Dev-Cpp/TDM-GCC3264/bin/../lib/gcc/x86_64-w64-mingw32/10.3.0\libstdc++.a(eh_alloc.o)
                0x000000014001fbd0                __cxa_allocate_exception
 .text$__cxa_begin_catch
                0x000000014001fc40       0x80 D:/CODEX/Dev-Cpp/TDM-GCC3264/bin/../lib/gcc/x86_64-w64-mingw32/10.3.0\libstdc++.a(eh_catch.o)
                0x000000014001fc40                __cxa_begin_catch
 .text$__cxa_call_terminate
                0x000000014001fcc0       0x40 D:/CODEX/Dev-Cpp/TDM-GCC3264/bin/../lib/gcc/x86_64-w64-mingw32/10.3.0\libstdc++.a(eh_call.o)
                0x000000014001fcc0                __cxa_call_terminate
 .text$__cxa_call_unexpected
                0x000000014001fd00       0xf0 D:/CODEX/Dev-Cpp/TDM-GCC3264/bin/../lib/gcc/x86_64-w64-mingw32/10.3.0\libstdc++.a(eh_personality.o)
                0x000000014001fd00                __cxa_call_unexpected
 .text$__cxa_current_exception_type
                0x000000014001fdf0       0x30 D:/CODEX/Dev-Cpp/TDM-GCC3264/bin/../lib/gcc/x86_64-w64-mingw32/10.3.0\libstdc++.a(eh_type.o)
                0x000000014001fdf0                __cxa_current_exception_type
 .text$__cxa_deleted_virtual
                0x000000014001fe20       0x30 D:/CODEX/Dev-Cpp/TDM-GCC3264/bin/../lib/gcc/x86_64-w64-mingw32/10.3.0\libstdc++.a(pure.o)
                0x000000014001fe20                __cxa_deleted_virtual
 .text$__cxa_end_catch
                0x000000014001fe50       0x90 D:/CODEX/Dev-Cpp/TDM-GCC3264/bin/../lib/gcc/x86_64-w64-mingw32/10.3.0\libstdc++.a(eh_catch.o)
                0x000000014001fe50                __cxa_end_catch
 .text$__cxa_free_dependent_exception
                0x000000014001fee0       0x40 D:/CODEX/Dev-Cpp/TDM-GCC3264/bin/../lib/gcc/x86_64-w64-mingw32/10.3.0\libstdc++.a(eh_alloc.o)
                0x000000014001fee0                __cxa_free_dependent_exception
 .text$__cxa_free_exception
                0x000000014001ff20       0x40 D:/CODEX/Dev-Cpp/TDM-GCC3264/bin/../lib/gcc/x86_64-w64-mingw32/10.3.0\libstdc++.a(eh_alloc.o)
                0x000000014001ff20                __cxa_free_exception
 .text$__cxa_get_exception_ptr
                0x000000014001ff60       0x10 D:/CODEX/Dev-Cpp/TDM-GCC3264/bin/../lib/gcc/x86_64-w64-mingw32/10.3.0\libstdc++.a(eh_catch.o)
                0x000000014001ff60                __cxa_get_exception_ptr
 .text$__cxa_get_globals
                0x000000014001ff70      0x200 D:/CODEX/Dev-Cpp/TDM-GCC3264/bin/../lib/gcc/x86_64-w64-mingw32/10.3.0\libstdc++.a(eh_globals.o)
                0x000000014001ff70                __cxa_get_globals
 .text$__cxa_get_globals_fast
                0x0000000140020170      0x140 D:/CODEX/Dev-Cpp/TDM-GCC3264/bin/../lib/gcc/x86_64-w64-mingw32/10.3.0\libstdc++.a(eh_globals.o)
                0x0000000140020170                __cxa_get_globals_fast
 .text$__cxa_init_primary_exception
                0x00000001400202b0       0x60 D:/CODEX/Dev-Cpp/TDM-GCC3264/bin/../lib/gcc/x86_64-w64-mingw32/10.3.0\libstdc++.a(eh_throw.o)
                0x00000001400202b0                __cxa_init_primary_exception
 .text$__cxa_pure_virtual
                0x0000000140020310       0x30 D:/CODEX/Dev-Cpp/TDM-GCC3264/bin/../lib/gcc/x86_64-w64-mingw32/10.3.0\libstdc++.a(pure.o)
                0x0000000140020310                __cxa_pure_virtual
 .text$__cxa_rethrow
                0x0000000140020340       0x50 D:/CODEX/Dev-Cpp/TDM-GCC3264/bin/../lib/gcc/x86_64-w64-mingw32/10.3.0\libstdc++.a(eh_throw.o)
                0x0000000140020340                __cxa_rethrow
 .text$__cxa_throw
                0x0000000140020390       0x50 D:/CODEX/Dev-Cpp/TDM-GCC3264/bin/../lib/gcc/x86_64-w64-mingw32/10.3.0\libstdc++.a(eh_throw.o)
                0x0000000140020390                __cxa_throw
 .text$__gxx_personality_seh0
                0x00000001400203e0       0x20 D:/CODEX/Dev-Cpp/TDM-GCC3264/bin/../lib/gcc/x86_64-w64-mingw32/10.3.0\libstdc++.a(eh_personality.o)
                0x00000001400203e0                __gxx_personality_seh0
 .text$__shmem_init_eh_globals_eh_globals
                0x0000000140020400       0x20 D:/CODEX/Dev-Cpp/TDM-GCC3264/bin/../lib/gcc/x86_64-w64-mingw32/10.3.0\libstdc++.a(eh_globals.o)
                0x0000000140020400                __shmem_init_eh_globals_eh_globals
 .text$__shmem_init_eh_globals_init
                0x0000000140020420       0x20 D:/CODEX/Dev-Cpp/TDM-GCC3264/bin/../lib/gcc/x86_64-w64-mingw32/10.3.0\libstdc++.a(eh_globals.o)
                0x0000000140020420                __shmem_init_eh_globals_init
 .text$__shmem_init_eh_term_handler__terminate_handler
                0x0000000140020440       0x20 D:/CODEX/Dev-Cpp/TDM-GCC3264/bin/../lib/gcc/x86_64-w64-mingw32/10.3.0\libstdc++.a(eh_term_handler.o)
                0x0000000140020440                __shmem_init_eh_term_handler__terminate_handler
 .text$__shmem_init_eh_unex_handler__unexpected_handler
                0x0000000140020460       0x20 D:/CODEX/Dev-Cpp/TDM-GCC3264/bin/../lib/gcc/x86_64-w64-mingw32/10.3.0\libstdc++.a(eh_unex_handler.o)
                0x0000000140020460                __shmem_init_eh_unex_handler__unexpected_handler
 .text$__tcf_0  0x0000000140020480       0x20 D:/CODEX/Dev-Cpp/TDM-GCC3264/bin/../lib/gcc/x86_64-w64-mingw32/10.3.0\libstdc++.a(eh_alloc.o)
 .text$__tcf_0  0x00000001400204a0       0x30 D:/CODEX/Dev-Cpp/TDM-GCC3264/bin/../lib/gcc/x86_64-w64-mingw32/10.3.0\libstdc++.a(eh_globals.o)
 .text$main     0x00000001400204d0      0x140 C:\Users\ARABBI~1\AppData\Local\Temp\test.exe.TgCZLI.ltrans0.ltrans.o
                0x00000001400204d0                main
 .text$wprintf  0x0000000140020610       0x60 C:\Users\ARABBI~1\AppData\Local\Temp\test.exe.TgCZLI.ltrans0.ltrans.o
 *(.text.*)
 .text.startup._GLOBAL__sub_I__ZN9__gnu_cxx9__freeresEv
                0x0000000140020670       0x80 D:/CODEX/Dev-Cpp/TDM-GCC3264/bin/../lib/gcc/x86_64-w64-mingw32/10.3.0\libstdc++.a(eh_alloc.o)
 .text.unlikely
                0x00000001400206f0       0xc0 D:/CODEX/Dev-Cpp/TDM-GCC3264/bin/../lib/gcc/x86_64-w64-mingw32/10.3.0\libstdc++.a(cp-demangle.o)
 .text.startup._GLOBAL__sub_I___shmem_eh_globals_eh_globals
                0x00000001400207b0       0x40 D:/CODEX/Dev-Cpp/TDM-GCC3264/bin/../lib/gcc/x86_64-w64-mingw32/10.3.0\libstdc++.a(eh_globals.o)
 .text.unlikely
                0x00000001400207f0       0x40 D:\CODEX\Dev-Cpp\TDM-GCC3264\x86_64-w64-mingw32\lib/libpthread.a(libwinpthread_la-thread.o)
 .text.startup  0x0000000140020830       0x10 D:/CODEX/Dev-Cpp/TDM-GCC3264/bin/../lib/gcc/x86_64-w64-mingw32/10.3.0/crtend.o
 *(.gnu.linkonce.t.*)
 *(.glue_7t)
 *(.glue_7)
                0x0000000140020840                . = ALIGN (0x8)
                0x0000000140020840                ___CTOR_LIST__ = .
                0x0000000140020840                __CTOR_LIST__ = .
                0x0000000140020840        0x4 LONG 0xffffffffffffffff
                0x0000000140020844        0x4 LONG 0xffffffffffffffff
 *(.ctors)
 .ctors         0x0000000140020848        0x8 D:/CODEX/Dev-Cpp/TDM-GCC3264/bin/../lib/gcc/x86_64-w64-mingw32/10.3.0\libstdc++.a(eh_alloc.o)
 .ctors         0x0000000140020850        0x8 D:/CODEX/Dev-Cpp/TDM-GCC3264/bin/../lib/gcc/x86_64-w64-mingw32/10.3.0\libstdc++.a(eh_globals.o)
 *(.ctor)
 *(SORT_BY_NAME(.ctors.*))
 .ctors.65535   0x0000000140020858        0x8 D:/CODEX/Dev-Cpp/TDM-GCC3264/bin/../lib/gcc/x86_64-w64-mingw32/10.3.0/crtend.o
                0x0000000140020860        0x4 LONG 0x0
                0x0000000140020864        0x4 LONG 0x0
                0x0000000140020868                ___DTOR_LIST__ = .
                0x0000000140020868                __DTOR_LIST__ = .
                0x0000000140020868        0x4 LONG 0xffffffffffffffff
                0x000000014002086c        0x4 LONG 0xffffffffffffffff
 *(.dtors)
 *(.dtor)
 *(SORT_BY_NAME(.dtors.*))
                0x0000000140020870        0x4 LONG 0x0
                0x0000000140020874        0x4 LONG 0x0
 *(SORT_NONE(.fini))
 *(.gcc_exc)
                [!provide]                        PROVIDE (etext = .)
 *(.gcc_except_table)

.data           0x0000000140021000      0x200
                0x0000000140021000                __data_start__ = .
 *(.data)
 .data          0x0000000140021000       0x10 D:/CODEX/Dev-Cpp/TDM-GCC3264/bin/../lib/gcc/x86_64-w64-mingw32/10.3.0/../../../../x86_64-w64-mingw32/lib/../lib/crt2.o
                0x0000000140021000                __mingw_winmain_nShowCmd
 .data          0x0000000140021010       0x10 D:\CODEX\Dev-Cpp\TDM-GCC3264\x86_64-w64-mingw32\lib/libmingw32.a(lib64_libmingw32_a-gccmain.o)
 .data          0x0000000140021020       0x10 D:\CODEX\Dev-Cpp\TDM-GCC3264\x86_64-w64-mingw32\lib/libmingw32.a(lib64_libmingw32_a-wildcard.o)
                0x0000000140021020                _dowildcard
 .data          0x0000000140021030       0x10 D:\CODEX\Dev-Cpp\TDM-GCC3264\x86_64-w64-mingw32\lib/libmingw32.a(lib64_libmingw32_a-tlsmcrt.o)
                0x0000000140021030                _CRT_MT
 .data          0x0000000140021040       0x20 D:\CODEX\Dev-Cpp\TDM-GCC3264\x86_64-w64-mingw32\lib/libpthread.a(libwinpthread_la-thread.o)
                0x0000000140021040                __shmem_once_global_shmem
                0x0000000140021048                __shmem_mtx_pthr_locked_shmem
                0x0000000140021050                __shmem__pthread_key_lock_shmem
                0x0000000140021058                __shmem__pthread_tls_shmem
 .data          0x0000000140021060       0x10 D:\CODEX\Dev-Cpp\TDM-GCC3264\x86_64-w64-mingw32\lib/libpthread.a(libwinpthread_la-rwlock.o)
                0x0000000140021060                __shmem_cond_locked_shmem_rwlock
                0x0000000140021068                __shmem_rwl_global_shmem
 .data          0x0000000140021070       0x10 D:\CODEX\Dev-Cpp\TDM-GCC3264\x86_64-w64-mingw32\lib/libpthread.a(libwinpthread_la-cond.o)
                0x0000000140021070                __shmem_cond_locked_shmem_cond
 .data          0x0000000140021080       0x10 D:\CODEX\Dev-Cpp\TDM-GCC3264\x86_64-w64-mingw32\lib/libmingwex.a(lib64_libmingwex_a-mingw_matherr.o)
                0x0000000140021080                _MINGW_INSTALL_DEBUG_MATHERR
 .data          0x0000000140021090       0x20 D:\CODEX\Dev-Cpp\TDM-GCC3264\x86_64-w64-mingw32\lib/libmingwex.a(lib64_libmingwex_a-mingw_pformat.o)
 .data          0x00000001400210b0       0x20 D:\CODEX\Dev-Cpp\TDM-GCC3264\x86_64-w64-mingw32\lib/libmingwex.a(lib64_libmingwex_a-mingw_pformatw.o)
 .data          0x00000001400210d0       0x10 D:\CODEX\Dev-Cpp\TDM-GCC3264\x86_64-w64-mingw32\lib/libmingwex.a(lib64_libmingwex_a-misc.o)
 .data          0x00000001400210e0       0x10 D:\CODEX\Dev-Cpp\TDM-GCC3264\x86_64-w64-mingw32\lib/libmsvcrt.a(lib64_libmsvcrt_os_a-acrt_iob_func.o)
                0x00000001400210e0                __imp___acrt_iob_func
 *(.data2)
 *(SORT_BY_NAME(.data$*))
 .data$.LDFCM0  0x00000001400210f0       0x10 D:/CODEX/Dev-Cpp/TDM-GCC3264/bin/../lib/gcc/x86_64-w64-mingw32/10.3.0\libstdc++.a(vterminate.o)
 .data$_ZN10__cxxabiv142__shmem_eh_term_handler__terminate_handlerE
                0x0000000140021100       0x10 D:/CODEX/Dev-Cpp/TDM-GCC3264/bin/../lib/gcc/x86_64-w64-mingw32/10.3.0\libstdc++.a(eh_term_handler.o)
                0x0000000140021100                __cxxabiv1::__shmem_eh_term_handler__terminate_handler
 .data$_ZN10__cxxabiv143__shmem_eh_unex_handler__unexpected_handlerE
                0x0000000140021110       0x10 D:/CODEX/Dev-Cpp/TDM-GCC3264/bin/../lib/gcc/x86_64-w64-mingw32/10.3.0\libstdc++.a(eh_unex_handler.o)
                0x0000000140021110                __cxxabiv1::__shmem_eh_unex_handler__unexpected_handler
 .data$_ZN12_GLOBAL__N_113__new_handlerE
                0x0000000140021120       0x10 D:/CODEX/Dev-Cpp/TDM-GCC3264/bin/../lib/gcc/x86_64-w64-mingw32/10.3.0\libstdc++.a(new_handler.o)
 *fill*         0x0000000140021130       0x10 
 .data$_ZN12_GLOBAL__N_114emergency_poolE
                0x0000000140021140       0x20 D:/CODEX/Dev-Cpp/TDM-GCC3264/bin/../lib/gcc/x86_64-w64-mingw32/10.3.0\libstdc++.a(eh_alloc.o)
 .data$_ZZN9__gnu_cxx27__verbose_terminate_handlerEvE11terminating
                0x0000000140021160       0x10 D:/CODEX/Dev-Cpp/TDM-GCC3264/bin/../lib/gcc/x86_64-w64-mingw32/10.3.0\libstdc++.a(vterminate.o)
 .data$__shmem_eh_globals_eh_globals
                0x0000000140021170       0x10 D:/CODEX/Dev-Cpp/TDM-GCC3264/bin/../lib/gcc/x86_64-w64-mingw32/10.3.0\libstdc++.a(eh_globals.o)
                0x0000000140021170                __shmem_eh_globals_eh_globals
 .data$__shmem_eh_globals_init
                0x0000000140021180       0x10 D:/CODEX/Dev-Cpp/TDM-GCC3264/bin/../lib/gcc/x86_64-w64-mingw32/10.3.0\libstdc++.a(eh_globals.o)
                0x0000000140021180                __shmem_eh_globals_init
 *(.jcr)
                0x0000000140021190                __data_end__ = .
 *(.data_cygwin_nocopy)

.rdata          0x0000000140022000     0x3200
 *(.rdata)
 .rdata         0x0000000140022000       0xa0 C:\Users\ARABBI~1\AppData\Local\Temp\test.exe.TgCZLI.ltrans0.ltrans.o
 .rdata         0x00000001400220a0       0x10 D:/CODEX/Dev-Cpp/TDM-GCC3264/bin/../lib/gcc/x86_64-w64-mingw32/10.3.0\libstdc++.a(bad_alloc.o)
 .rdata         0x00000001400220b0       0x50 D:/CODEX/Dev-Cpp/TDM-GCC3264/bin/../lib/gcc/x86_64-w64-mingw32/10.3.0\libstdc++.a(eh_alloc.o)
 .rdata         0x0000000140022100       0x30 D:/CODEX/Dev-Cpp/TDM-GCC3264/bin/../lib/gcc/x86_64-w64-mingw32/10.3.0\libstdc++.a(eh_exception.o)
 .rdata         0x0000000140022130       0x40 D:/CODEX/Dev-Cpp/TDM-GCC3264/bin/../lib/gcc/x86_64-w64-mingw32/10.3.0\libstdc++.a(eh_personality.o)
 .rdata         0x0000000140022170       0x40 D:/CODEX/Dev-Cpp/TDM-GCC3264/bin/../lib/gcc/x86_64-w64-mingw32/10.3.0\libstdc++.a(pure.o)
 .rdata         0x00000001400221b0       0xa0 D:/CODEX/Dev-Cpp/TDM-GCC3264/bin/../lib/gcc/x86_64-w64-mingw32/10.3.0\libstdc++.a(vterminate.o)
 *fill*         0x0000000140022250       0x10 
 .rdata         0x0000000140022260     0x1dc0 D:/CODEX/Dev-Cpp/TDM-GCC3264/bin/../lib/gcc/x86_64-w64-mingw32/10.3.0\libstdc++.a(cp-demangle.o)
 .rdata         0x0000000140024020       0x60 D:\CODEX\Dev-Cpp\TDM-GCC3264\x86_64-w64-mingw32\lib/libmingw32.a(lib64_libmingw32_a-tlssup.o)
                0x0000000140024020                __dyn_tls_init_callback
                0x0000000140024040                _tls_used
 .rdata         0x0000000140024080      0x140 D:\CODEX\Dev-Cpp\TDM-GCC3264\x86_64-w64-mingw32\lib/libmingw32.a(lib64_libmingw32_a-merr.o)
 .rdata         0x00000001400241c0      0x110 D:\CODEX\Dev-Cpp\TDM-GCC3264\x86_64-w64-mingw32\lib/libmingw32.a(lib64_libmingw32_a-pseudo-reloc.o)
 .rdata         0x00000001400242d0       0x30 D:\CODEX\Dev-Cpp\TDM-GCC3264\x86_64-w64-mingw32\lib/libmingw32.a(lib64_libmingw32_a-crt_handler.o)
 .rdata         0x0000000140024300       0xb0 D:/CODEX/Dev-Cpp/TDM-GCC3264/bin/../lib/gcc/x86_64-w64-mingw32/10.3.0/libgcc.a(eh_shmem3_mingw.o)
 .rdata         0x00000001400243b0       0x50 D:\CODEX\Dev-Cpp\TDM-GCC3264\x86_64-w64-mingw32\lib/libpthread.a(libwinpthread_la-thread.o)
 .rdata         0x0000000140024400       0xb0 D:\CODEX\Dev-Cpp\TDM-GCC3264\x86_64-w64-mingw32\lib/libpthread.a(libwinpthread_la-shmem3_mingw.o)
 .rdata         0x00000001400244b0      0x110 D:\CODEX\Dev-Cpp\TDM-GCC3264\x86_64-w64-mingw32\lib/libpthread.a(libwinpthread_la-rwlock.o)
 .rdata         0x00000001400245c0       0x30 D:\CODEX\Dev-Cpp\TDM-GCC3264\x86_64-w64-mingw32\lib/libpthread.a(libwinpthread_la-cond.o)
 .rdata         0x00000001400245f0      0x190 D:\CODEX\Dev-Cpp\TDM-GCC3264\x86_64-w64-mingw32\lib/libmingwex.a(lib64_libmingwex_a-mingw_pformat.o)
 .rdata         0x0000000140024780      0x1e0 D:\CODEX\Dev-Cpp\TDM-GCC3264\x86_64-w64-mingw32\lib/libmingwex.a(lib64_libmingwex_a-mingw_pformatw.o)
 .rdata         0x0000000140024960       0x90 D:\CODEX\Dev-Cpp\TDM-GCC3264\x86_64-w64-mingw32\lib/libmingwex.a(lib64_libmingwex_a-gdtoa.o)
 *fill*         0x00000001400249f0       0x10 
 .rdata         0x0000000140024a00      0x160 D:\CODEX\Dev-Cpp\TDM-GCC3264\x86_64-w64-mingw32\lib/libmingwex.a(lib64_libmingwex_a-misc.o)
                0x0000000140024a20                __tens_D2A
                0x0000000140024ae0                __tinytens_D2A
                0x0000000140024b20                __bigtens_D2A
 *(SORT_BY_NAME(.rdata$*))
 .rdata$.refptr._CRT_MT
                0x0000000140024b60       0x10 D:\CODEX\Dev-Cpp\TDM-GCC3264\x86_64-w64-mingw32\lib/libmingw32.a(lib64_libmingw32_a-tlssup.o)
                0x0000000140024b60                .refptr._CRT_MT
 .rdata$.refptr._MINGW_INSTALL_DEBUG_MATHERR
                0x0000000140024b70       0x10 D:/CODEX/Dev-Cpp/TDM-GCC3264/bin/../lib/gcc/x86_64-w64-mingw32/10.3.0/../../../../x86_64-w64-mingw32/lib/../lib/crt2.o
                0x0000000140024b70                .refptr._MINGW_INSTALL_DEBUG_MATHERR
 .rdata$.refptr._ZTVSt13bad_exception
                0x0000000140024b80       0x10 D:/CODEX/Dev-Cpp/TDM-GCC3264/bin/../lib/gcc/x86_64-w64-mingw32/10.3.0\libstdc++.a(eh_personality.o)
                0x0000000140024b80                .refptr._ZTVSt13bad_exception
 .rdata$.refptr._ZTVSt9bad_alloc
                0x0000000140024b90       0x10 D:/CODEX/Dev-Cpp/TDM-GCC3264/bin/../lib/gcc/x86_64-w64-mingw32/10.3.0\libstdc++.a(new_op.o)
                0x0000000140024b90                .refptr._ZTVSt9bad_alloc
 .rdata$.refptr.__CTOR_LIST__
                0x0000000140024ba0       0x10 D:\CODEX\Dev-Cpp\TDM-GCC3264\x86_64-w64-mingw32\lib/libmingw32.a(lib64_libmingw32_a-gccmain.o)
                0x0000000140024ba0                .refptr.__CTOR_LIST__
 .rdata$.refptr.__RUNTIME_PSEUDO_RELOC_LIST_END__
                0x0000000140024bb0       0x10 D:\CODEX\Dev-Cpp\TDM-GCC3264\x86_64-w64-mingw32\lib/libmingw32.a(lib64_libmingw32_a-pseudo-reloc.o)
                0x0000000140024bb0                .refptr.__RUNTIME_PSEUDO_RELOC_LIST_END__
 .rdata$.refptr.__RUNTIME_PSEUDO_RELOC_LIST__
                0x0000000140024bc0       0x10 D:\CODEX\Dev-Cpp\TDM-GCC3264\x86_64-w64-mingw32\lib/libmingw32.a(lib64_libmingw32_a-pseudo-reloc.o)
                0x0000000140024bc0                .refptr.__RUNTIME_PSEUDO_RELOC_LIST__
 .rdata$.refptr.__dyn_tls_init_callback
                0x0000000140024bd0       0x10 D:/CODEX/Dev-Cpp/TDM-GCC3264/bin/../lib/gcc/x86_64-w64-mingw32/10.3.0/../../../../x86_64-w64-mingw32/lib/../lib/crt2.o
                0x0000000140024bd0                .refptr.__dyn_tls_init_callback
 .rdata$.refptr.__eh_shmem3_gcc_tdm_local_shmem_region
                0x0000000140024be0       0x10 D:/CODEX/Dev-Cpp/TDM-GCC3264/bin/../lib/gcc/x86_64-w64-mingw32/10.3.0\libstdc++.a(eh_terminate.o)
                0x0000000140024be0                .refptr.__eh_shmem3_gcc_tdm_local_shmem_region
 .rdata$.refptr.__image_base__
                0x0000000140024bf0       0x10 D:/CODEX/Dev-Cpp/TDM-GCC3264/bin/../lib/gcc/x86_64-w64-mingw32/10.3.0/../../../../x86_64-w64-mingw32/lib/../lib/crt2.o
                0x0000000140024bf0                .refptr.__image_base__
 .rdata$.refptr.__imp___initenv
                0x0000000140024c00       0x10 D:/CODEX/Dev-Cpp/TDM-GCC3264/bin/../lib/gcc/x86_64-w64-mingw32/10.3.0/../../../../x86_64-w64-mingw32/lib/../lib/crt2.o
                0x0000000140024c00                .refptr.__imp___initenv
 .rdata$.refptr.__imp__acmdln
                0x0000000140024c10       0x10 D:\CODEX\Dev-Cpp\TDM-GCC3264\x86_64-w64-mingw32\lib/libmsvcrt.a(lib64_libmsvcrt_os_a-__p__acmdln.o)
                0x0000000140024c10                .refptr.__imp__acmdln
 .rdata$.refptr.__imp__commode
                0x0000000140024c20       0x10 D:\CODEX\Dev-Cpp\TDM-GCC3264\x86_64-w64-mingw32\lib/libmsvcrt.a(lib64_libmsvcrt_os_a-__p__commode.o)
                0x0000000140024c20                .refptr.__imp__commode
 .rdata$.refptr.__imp__fmode
                0x0000000140024c30       0x10 D:\CODEX\Dev-Cpp\TDM-GCC3264\x86_64-w64-mingw32\lib/libmsvcrt.a(lib64_libmsvcrt_os_a-__p__fmode.o)
                0x0000000140024c30                .refptr.__imp__fmode
 .rdata$.refptr.__mingw_oldexcpt_handler
                0x0000000140024c40       0x10 D:/CODEX/Dev-Cpp/TDM-GCC3264/bin/../lib/gcc/x86_64-w64-mingw32/10.3.0/../../../../x86_64-w64-mingw32/lib/../lib/crt2.o
                0x0000000140024c40                .refptr.__mingw_oldexcpt_handler
 .rdata$.refptr.__native_startup_lock
                0x0000000140024c50       0x10 D:/CODEX/Dev-Cpp/TDM-GCC3264/bin/../lib/gcc/x86_64-w64-mingw32/10.3.0/../../../../x86_64-w64-mingw32/lib/../lib/crt2.o
                0x0000000140024c50                .refptr.__native_startup_lock
 .rdata$.refptr.__native_startup_state
                0x0000000140024c60       0x10 D:/CODEX/Dev-Cpp/TDM-GCC3264/bin/../lib/gcc/x86_64-w64-mingw32/10.3.0/../../../../x86_64-w64-mingw32/lib/../lib/crt2.o
                0x0000000140024c60                .refptr.__native_startup_state
 .rdata$.refptr.__shmem3_winpthreads_tdm_local_shmem_region
                0x0000000140024c70       0x10 D:\CODEX\Dev-Cpp\TDM-GCC3264\x86_64-w64-mingw32\lib/libpthread.a(libwinpthread_la-thread.o)
                0x0000000140024c70                .refptr.__shmem3_winpthreads_tdm_local_shmem_region
 .rdata$.refptr.__tens_D2A
                0x0000000140024c80       0x10 D:\CODEX\Dev-Cpp\TDM-GCC3264\x86_64-w64-mingw32\lib/libmingwex.a(lib64_libmingwex_a-gdtoa.o)
                0x0000000140024c80                .refptr.__tens_D2A
 .rdata$.refptr.__xc_a
                0x0000000140024c90       0x10 D:/CODEX/Dev-Cpp/TDM-GCC3264/bin/../lib/gcc/x86_64-w64-mingw32/10.3.0/../../../../x86_64-w64-mingw32/lib/../lib/crt2.o
                0x0000000140024c90                .refptr.__xc_a
 .rdata$.refptr.__xc_z
                0x0000000140024ca0       0x10 D:/CODEX/Dev-Cpp/TDM-GCC3264/bin/../lib/gcc/x86_64-w64-mingw32/10.3.0/../../../../x86_64-w64-mingw32/lib/../lib/crt2.o
                0x0000000140024ca0                .refptr.__xc_z
 .rdata$.refptr.__xi_a
                0x0000000140024cb0       0x10 D:/CODEX/Dev-Cpp/TDM-GCC3264/bin/../lib/gcc/x86_64-w64-mingw32/10.3.0/../../../../x86_64-w64-mingw32/lib/../lib/crt2.o
                0x0000000140024cb0                .refptr.__xi_a
 .rdata$.refptr.__xi_z
                0x0000000140024cc0       0x10 D:/CODEX/Dev-Cpp/TDM-GCC3264/bin/../lib/gcc/x86_64-w64-mingw32/10.3.0/../../../../x86_64-w64-mingw32/lib/../lib/crt2.o
                0x0000000140024cc0                .refptr.__xi_z
 .rdata$.refptr._commode
                0x0000000140024cd0       0x10 D:/CODEX/Dev-Cpp/TDM-GCC3264/bin/../lib/gcc/x86_64-w64-mingw32/10.3.0/../../../../x86_64-w64-mingw32/lib/../lib/crt2.o
                0x0000000140024cd0                .refptr._commode
 .rdata$.refptr._dowildcard
                0x0000000140024ce0       0x10 D:/CODEX/Dev-Cpp/TDM-GCC3264/bin/../lib/gcc/x86_64-w64-mingw32/10.3.0/../../../../x86_64-w64-mingw32/lib/../lib/crt2.o
                0x0000000140024ce0                .refptr._dowildcard
 .rdata$.refptr._fmode
                0x0000000140024cf0       0x10 D:/CODEX/Dev-Cpp/TDM-GCC3264/bin/../lib/gcc/x86_64-w64-mingw32/10.3.0/../../../../x86_64-w64-mingw32/lib/../lib/crt2.o
                0x0000000140024cf0                .refptr._fmode
 .rdata$.refptr._newmode
                0x0000000140024d00       0x10 D:/CODEX/Dev-Cpp/TDM-GCC3264/bin/../lib/gcc/x86_64-w64-mingw32/10.3.0/../../../../x86_64-w64-mingw32/lib/../lib/crt2.o
                0x0000000140024d00                .refptr._newmode
 .rdata$.refptr.mingw_app_type
                0x0000000140024d10       0x10 D:/CODEX/Dev-Cpp/TDM-GCC3264/bin/../lib/gcc/x86_64-w64-mingw32/10.3.0/../../../../x86_64-w64-mingw32/lib/../lib/crt2.o
                0x0000000140024d10                .refptr.mingw_app_type
 .rdata$.refptr.mingw_initcharmax
                0x0000000140024d20       0x10 D:/CODEX/Dev-Cpp/TDM-GCC3264/bin/../lib/gcc/x86_64-w64-mingw32/10.3.0/../../../../x86_64-w64-mingw32/lib/../lib/crt2.o
                0x0000000140024d20                .refptr.mingw_initcharmax
 .rdata$.refptr.mingw_initltsdrot_force
                0x0000000140024d30       0x10 D:/CODEX/Dev-Cpp/TDM-GCC3264/bin/../lib/gcc/x86_64-w64-mingw32/10.3.0/../../../../x86_64-w64-mingw32/lib/../lib/crt2.o
                0x0000000140024d30                .refptr.mingw_initltsdrot_force
 .rdata$.refptr.mingw_initltsdyn_force
                0x0000000140024d40       0x10 D:/CODEX/Dev-Cpp/TDM-GCC3264/bin/../lib/gcc/x86_64-w64-mingw32/10.3.0/../../../../x86_64-w64-mingw32/lib/../lib/crt2.o
                0x0000000140024d40                .refptr.mingw_initltsdyn_force
 .rdata$.refptr.mingw_initltssuo_force
                0x0000000140024d50       0x10 D:/CODEX/Dev-Cpp/TDM-GCC3264/bin/../lib/gcc/x86_64-w64-mingw32/10.3.0/../../../../x86_64-w64-mingw32/lib/../lib/crt2.o
                0x0000000140024d50                .refptr.mingw_initltssuo_force
 .rdata$_ZTIN10__cxxabiv115__forced_unwindE
                0x0000000140024d60       0x10 D:/CODEX/Dev-Cpp/TDM-GCC3264/bin/../lib/gcc/x86_64-w64-mingw32/10.3.0\libstdc++.a(eh_exception.o)
                0x0000000140024d60                typeinfo for __cxxabiv1::__forced_unwind
 .rdata$_ZTIN10__cxxabiv117__class_type_infoE
                0x0000000140024d70       0x20 D:/CODEX/Dev-Cpp/TDM-GCC3264/bin/../lib/gcc/x86_64-w64-mingw32/10.3.0\libstdc++.a(si_class_type_info.o)
                0x0000000140024d70                typeinfo for __cxxabiv1::__class_type_info
 .rdata$_ZTIN10__cxxabiv119__foreign_exceptionE
                0x0000000140024d90       0x10 D:/CODEX/Dev-Cpp/TDM-GCC3264/bin/../lib/gcc/x86_64-w64-mingw32/10.3.0\libstdc++.a(eh_exception.o)
                0x0000000140024d90                typeinfo for __cxxabiv1::__foreign_exception
 .rdata$_ZTIN10__cxxabiv120__si_class_type_infoE
                0x0000000140024da0       0x20 D:/CODEX/Dev-Cpp/TDM-GCC3264/bin/../lib/gcc/x86_64-w64-mingw32/10.3.0\libstdc++.a(si_class_type_info.o)
                0x0000000140024da0                typeinfo for __cxxabiv1::__si_class_type_info
 .rdata$_ZTIN9__gnu_cxx24__concurrence_lock_errorE
                0x0000000140024dc0       0x20 D:/CODEX/Dev-Cpp/TDM-GCC3264/bin/../lib/gcc/x86_64-w64-mingw32/10.3.0\libstdc++.a(eh_alloc.o)
                0x0000000140024dc0                typeinfo for __gnu_cxx::__concurrence_lock_error
 .rdata$_ZTIN9__gnu_cxx26__concurrence_unlock_errorE
                0x0000000140024de0       0x20 D:/CODEX/Dev-Cpp/TDM-GCC3264/bin/../lib/gcc/x86_64-w64-mingw32/10.3.0\libstdc++.a(eh_alloc.o)
                0x0000000140024de0                typeinfo for __gnu_cxx::__concurrence_unlock_error
 .rdata$_ZTISt13bad_exception
                0x0000000140024e00       0x20 D:/CODEX/Dev-Cpp/TDM-GCC3264/bin/../lib/gcc/x86_64-w64-mingw32/10.3.0\libstdc++.a(eh_exception.o)
                0x0000000140024e00                typeinfo for std::bad_exception
 .rdata$_ZTISt9bad_alloc
                0x0000000140024e20       0x20 D:/CODEX/Dev-Cpp/TDM-GCC3264/bin/../lib/gcc/x86_64-w64-mingw32/10.3.0\libstdc++.a(new_op.o)
                0x0000000140024e20                typeinfo for std::bad_alloc
 .rdata$_ZTISt9exception
                0x0000000140024e40       0x10 D:/CODEX/Dev-Cpp/TDM-GCC3264/bin/../lib/gcc/x86_64-w64-mingw32/10.3.0\libstdc++.a(new_op.o)
                0x0000000140024e40                typeinfo for std::exception
 .rdata$_ZTISt9type_info
                0x0000000140024e50       0x10 D:/CODEX/Dev-Cpp/TDM-GCC3264/bin/../lib/gcc/x86_64-w64-mingw32/10.3.0\libstdc++.a(si_class_type_info.o)
                0x0000000140024e50                typeinfo for std::type_info
 .rdata$_ZTSN10__cxxabiv115__forced_unwindE
                0x0000000140024e60       0x20 D:/CODEX/Dev-Cpp/TDM-GCC3264/bin/../lib/gcc/x86_64-w64-mingw32/10.3.0\libstdc++.a(eh_exception.o)
                0x0000000140024e60                typeinfo name for __cxxabiv1::__forced_unwind
 .rdata$_ZTSN10__cxxabiv117__class_type_infoE
                0x0000000140024e80       0x40 D:/CODEX/Dev-Cpp/TDM-GCC3264/bin/../lib/gcc/x86_64-w64-mingw32/10.3.0\libstdc++.a(si_class_type_info.o)
                0x0000000140024e80                typeinfo name for __cxxabiv1::__class_type_info
 .rdata$_ZTSN10__cxxabiv119__foreign_exceptionE
                0x0000000140024ec0       0x40 D:/CODEX/Dev-Cpp/TDM-GCC3264/bin/../lib/gcc/x86_64-w64-mingw32/10.3.0\libstdc++.a(eh_exception.o)
                0x0000000140024ec0                typeinfo name for __cxxabiv1::__foreign_exception
 .rdata$_ZTSN10__cxxabiv120__si_class_type_infoE
                0x0000000140024f00       0x40 D:/CODEX/Dev-Cpp/TDM-GCC3264/bin/../lib/gcc/x86_64-w64-mingw32/10.3.0\libstdc++.a(si_class_type_info.o)
                0x0000000140024f00                typeinfo name for __cxxabiv1::__si_class_type_info
 .rdata$_ZTSN9__gnu_cxx24__concurrence_lock_errorE
                0x0000000140024f40       0x40 D:/CODEX/Dev-Cpp/TDM-GCC3264/bin/../lib/gcc/x86_64-w64-mingw32/10.3.0\libstdc++.a(eh_alloc.o)
                0x0000000140024f40                typeinfo name for __gnu_cxx::__concurrence_lock_error
 .rdata$_ZTSN9__gnu_cxx26__concurrence_unlock_errorE
                0x0000000140024f80       0x40 D:/CODEX/Dev-Cpp/TDM-GCC3264/bin/../lib/gcc/x86_64-w64-mingw32/10.3.0\libstdc++.a(eh_alloc.o)
                0x0000000140024f80                typeinfo name for __gnu_cxx::__concurrence_unlock_error
 .rdata$_ZTSSt13bad_exception
                0x0000000140024fc0       0x20 D:/CODEX/Dev-Cpp/TDM-GCC3264/bin/../lib/gcc/x86_64-w64-mingw32/10.3.0\libstdc++.a(eh_exception.o)
                0x0000000140024fc0                typeinfo name for std::bad_exception
 .rdata$_ZTSSt9bad_alloc
                0x0000000140024fe0       0x10 D:/CODEX/Dev-Cpp/TDM-GCC3264/bin/../lib/gcc/x86_64-w64-mingw32/10.3.0\libstdc++.a(new_op.o)
                0x0000000140024fe0                typeinfo name for std::bad_alloc
 .rdata$_ZTSSt9exception
                0x0000000140024ff0       0x10 D:/CODEX/Dev-Cpp/TDM-GCC3264/bin/../lib/gcc/x86_64-w64-mingw32/10.3.0\libstdc++.a(new_op.o)
                0x0000000140024ff0                typeinfo name for std::exception
 .rdata$_ZTSSt9type_info
                0x0000000140025000       0x10 D:/CODEX/Dev-Cpp/TDM-GCC3264/bin/../lib/gcc/x86_64-w64-mingw32/10.3.0\libstdc++.a(si_class_type_info.o)
                0x0000000140025000                typeinfo name for std::type_info
 .rdata$_ZTVN10__cxxabiv117__class_type_infoE
                0x0000000140025010       0x60 D:/CODEX/Dev-Cpp/TDM-GCC3264/bin/../lib/gcc/x86_64-w64-mingw32/10.3.0\libstdc++.a(class_type_info.o)
                0x0000000140025010                vtable for __cxxabiv1::__class_type_info
 .rdata$_ZTVN10__cxxabiv120__si_class_type_infoE
                0x0000000140025070       0x60 D:/CODEX/Dev-Cpp/TDM-GCC3264/bin/../lib/gcc/x86_64-w64-mingw32/10.3.0\libstdc++.a(si_class_type_info.o)
                0x0000000140025070                vtable for __cxxabiv1::__si_class_type_info
 .rdata$_ZTVN9__gnu_cxx24__concurrence_lock_errorE
                0x00000001400250d0       0x30 D:/CODEX/Dev-Cpp/TDM-GCC3264/bin/../lib/gcc/x86_64-w64-mingw32/10.3.0\libstdc++.a(eh_alloc.o)
                0x00000001400250d0                vtable for __gnu_cxx::__concurrence_lock_error
 .rdata$_ZTVN9__gnu_cxx26__concurrence_unlock_errorE
                0x0000000140025100       0x30 D:/CODEX/Dev-Cpp/TDM-GCC3264/bin/../lib/gcc/x86_64-w64-mingw32/10.3.0\libstdc++.a(eh_alloc.o)
                0x0000000140025100                vtable for __gnu_cxx::__concurrence_unlock_error
 .rdata$_ZTVSt13bad_exception
                0x0000000140025130       0x30 D:/CODEX/Dev-Cpp/TDM-GCC3264/bin/../lib/gcc/x86_64-w64-mingw32/10.3.0\libstdc++.a(eh_exception.o)
                0x0000000140025130                vtable for std::bad_exception
 .rdata$_ZTVSt9bad_alloc
                0x0000000140025160       0x30 D:/CODEX/Dev-Cpp/TDM-GCC3264/bin/../lib/gcc/x86_64-w64-mingw32/10.3.0\libstdc++.a(bad_alloc.o)
                0x0000000140025160                vtable for std::bad_alloc
                0x0000000140025190                . = ALIGN (0x4)
                0x0000000140025190                __rt_psrelocs_start = .
 *(.rdata_runtime_pseudo_reloc)
                0x0000000140025190                __rt_psrelocs_end = .
                0x0000000000000000                __rt_psrelocs_size = (__rt_psrelocs_end - __rt_psrelocs_start)
                0x0000000140025190                ___RUNTIME_PSEUDO_RELOC_LIST_END__ = .
                0x0000000140025190                __RUNTIME_PSEUDO_RELOC_LIST_END__ = .
                0x0000000140025190                ___RUNTIME_PSEUDO_RELOC_LIST__ = (. - __rt_psrelocs_size)
                0x0000000140025190                __RUNTIME_PSEUDO_RELOC_LIST__ = (. - __rt_psrelocs_size)

.eh_frame
 *(.eh_frame*)

.pdata          0x0000000140026000     0x1600
 *(.pdata*)
 .pdata         0x0000000140026000       0x54 D:/CODEX/Dev-Cpp/TDM-GCC3264/bin/../lib/gcc/x86_64-w64-mingw32/10.3.0/../../../../x86_64-w64-mingw32/lib/../lib/crt2.o
 .pdata         0x0000000140026054       0x18 D:/CODEX/Dev-Cpp/TDM-GCC3264/bin/../lib/gcc/x86_64-w64-mingw32/10.3.0/crtbegin.o
 .pdata$wprintf
                0x000000014002606c        0xc C:\Users\ARABBI~1\AppData\Local\Temp\test.exe.TgCZLI.ltrans0.ltrans.o
 .pdata$_ZN8AUTO_STR19__get_expanded_sizeEyPb
                0x0000000140026078        0xc C:\Users\ARABBI~1\AppData\Local\Temp\test.exe.TgCZLI.ltrans0.ltrans.o
 .pdata$_ZN8AUTO_STRC1EPKvb
                0x0000000140026084        0xc C:\Users\ARABBI~1\AppData\Local\Temp\test.exe.TgCZLI.ltrans0.ltrans.o
 .pdata$_ZN8AUTO_STRD1Ev
                0x0000000140026090        0xc C:\Users\ARABBI~1\AppData\Local\Temp\test.exe.TgCZLI.ltrans0.ltrans.o
 .pdata$_ZN9ROPE_NODEC1EPKvb
                0x000000014002609c        0xc C:\Users\ARABBI~1\AppData\Local\Temp\test.exe.TgCZLI.ltrans0.ltrans.o
 .pdata$_ZN9ROPE_NODED1Ev
                0x00000001400260a8        0xc C:\Users\ARABBI~1\AppData\Local\Temp\test.exe.TgCZLI.ltrans0.ltrans.o
 .pdata$_ZN4ROPEC1EPKw
                0x00000001400260b4        0xc C:\Users\ARABBI~1\AppData\Local\Temp\test.exe.TgCZLI.ltrans0.ltrans.o
 .pdata$_ZN4ROPED1Ev